Component: ARM Compiler 5.06 update 5 (build 528) Tool: armlink [4d35e2]

==============================================================================

Section Cross References

    startup_stm32f407xx.o(RESET) refers to startup_stm32f407xx.o(STACK) for __initial_sp
    startup_stm32f407xx.o(RESET) refers to startup_stm32f407xx.o(.text) for Reset_Handler
    startup_stm32f407xx.o(RESET) refers to stm32f4xx_it.o(i.NMI_Handler) for NMI_Handler
    startup_stm32f407xx.o(RESET) refers to stm32f4xx_it.o(i.HardFault_Handler) for HardFault_Handler
    startup_stm32f407xx.o(RESET) refers to stm32f4xx_it.o(i.MemManage_Handler) for MemManage_Handler
    startup_stm32f407xx.o(RESET) refers to stm32f4xx_it.o(i.BusFault_Handler) for BusFault_Handler
    startup_stm32f407xx.o(RESET) refers to stm32f4xx_it.o(i.UsageFault_Handler) for UsageFault_Handler
    startup_stm32f407xx.o(RESET) refers to port.o(.emb_text) for SVC_Handler
    startup_stm32f407xx.o(RESET) refers to stm32f4xx_it.o(i.DebugMon_Handler) for DebugMon_Handler
    startup_stm32f407xx.o(RESET) refers to stm32f4xx_it.o(i.SysTick_Handler) for SysTick_Handler
    startup_stm32f407xx.o(RESET) refers to stm32f4xx_it.o(i.USART1_IRQHandler) for USART1_IRQHandler
    startup_stm32f407xx.o(RESET) refers to stm32f4xx_it.o(i.DMA2_Stream2_IRQHandler) for DMA2_Stream2_IRQHandler
    startup_stm32f407xx.o(RESET) refers to stm32f4xx_it.o(i.CAN2_TX_IRQHandler) for CAN2_TX_IRQHandler
    startup_stm32f407xx.o(RESET) refers to stm32f4xx_it.o(i.CAN2_RX1_IRQHandler) for CAN2_RX1_IRQHandler
    startup_stm32f407xx.o(RESET) refers to stm32f4xx_it.o(i.DMA2_Stream7_IRQHandler) for DMA2_Stream7_IRQHandler
    startup_stm32f407xx.o(.text) refers to system_stm32f4xx.o(i.SystemInit) for SystemInit
    startup_stm32f407xx.o(.text) refers to entry.o(.ARM.Collect$$$$00000000) for __main
    myiic.o(i.IIC_Ack) refers to myiic.o(i.delay_us) for delay_us
    myiic.o(i.IIC_Init) refers to stm32f4xx_hal_gpio.o(i.HAL_GPIO_Init) for HAL_GPIO_Init
    myiic.o(i.IIC_Init) refers to stm32f4xx_hal_gpio.o(i.HAL_GPIO_WritePin) for HAL_GPIO_WritePin
    myiic.o(i.IIC_NAck) refers to myiic.o(i.delay_us) for delay_us
    myiic.o(i.IIC_Read_Byte) refers to myiic.o(i.delay_us) for delay_us
    myiic.o(i.IIC_Read_Byte) refers to myiic.o(i.IIC_Ack) for IIC_Ack
    myiic.o(i.IIC_Read_Byte) refers to myiic.o(i.IIC_NAck) for IIC_NAck
    myiic.o(i.IIC_Send_Byte) refers to myiic.o(i.delay_us) for delay_us
    myiic.o(i.IIC_Start) refers to myiic.o(i.delay_us) for delay_us
    myiic.o(i.IIC_Stop) refers to myiic.o(i.delay_us) for delay_us
    myiic.o(i.IIC_Wait_Ack) refers to myiic.o(i.delay_us) for delay_us
    myiic.o(i.IIC_Wait_Ack) refers to myiic.o(i.IIC_Stop) for IIC_Stop
    myiic.o(i.delay_ms) refers to stm32f4xx_hal.o(i.HAL_Delay) for HAL_Delay
    mpu6050.o(i.MPU_Get_Accelerometer) refers to mpu6050.o(i.MPU_Read_Len) for MPU_Read_Len
    mpu6050.o(i.MPU_Get_Gyroscope) refers to mpu6050.o(i.MPU_Read_Len) for MPU_Read_Len
    mpu6050.o(i.MPU_Get_Temperature) refers to mpu6050.o(i.MPU_Read_Len) for MPU_Read_Len
    mpu6050.o(i.MPU_Get_Temperature) refers to dflti.o(.text) for __aeabi_i2d
    mpu6050.o(i.MPU_Get_Temperature) refers to ddiv.o(.text) for __aeabi_ddiv
    mpu6050.o(i.MPU_Get_Temperature) refers to dadd.o(.text) for __aeabi_dadd
    mpu6050.o(i.MPU_Get_Temperature) refers to d2f.o(.text) for __aeabi_d2f
    mpu6050.o(i.MPU_Init) refers to myiic.o(i.IIC_Init) for IIC_Init
    mpu6050.o(i.MPU_Init) refers to mpu6050.o(i.MPU_Write_Byte) for MPU_Write_Byte
    mpu6050.o(i.MPU_Init) refers to myiic.o(i.delay_ms) for delay_ms
    mpu6050.o(i.MPU_Init) refers to mpu6050.o(i.MPU_Set_Gyro_Fsr) for MPU_Set_Gyro_Fsr
    mpu6050.o(i.MPU_Init) refers to mpu6050.o(i.MPU_Set_Accel_Fsr) for MPU_Set_Accel_Fsr
    mpu6050.o(i.MPU_Init) refers to mpu6050.o(i.MPU_Set_Rate) for MPU_Set_Rate
    mpu6050.o(i.MPU_Init) refers to mpu6050.o(i.MPU_Read_Byte) for MPU_Read_Byte
    mpu6050.o(i.MPU_Read_Byte) refers to myiic.o(i.IIC_Start) for IIC_Start
    mpu6050.o(i.MPU_Read_Byte) refers to myiic.o(i.IIC_Send_Byte) for IIC_Send_Byte
    mpu6050.o(i.MPU_Read_Byte) refers to myiic.o(i.IIC_Wait_Ack) for IIC_Wait_Ack
    mpu6050.o(i.MPU_Read_Byte) refers to myiic.o(i.IIC_Read_Byte) for IIC_Read_Byte
    mpu6050.o(i.MPU_Read_Byte) refers to myiic.o(i.IIC_Stop) for IIC_Stop
    mpu6050.o(i.MPU_Read_Len) refers to myiic.o(i.IIC_Start) for IIC_Start
    mpu6050.o(i.MPU_Read_Len) refers to myiic.o(i.IIC_Send_Byte) for IIC_Send_Byte
    mpu6050.o(i.MPU_Read_Len) refers to myiic.o(i.IIC_Wait_Ack) for IIC_Wait_Ack
    mpu6050.o(i.MPU_Read_Len) refers to myiic.o(i.IIC_Stop) for IIC_Stop
    mpu6050.o(i.MPU_Read_Len) refers to myiic.o(i.IIC_Read_Byte) for IIC_Read_Byte
    mpu6050.o(i.MPU_Set_Accel_Fsr) refers to mpu6050.o(i.MPU_Write_Byte) for MPU_Write_Byte
    mpu6050.o(i.MPU_Set_Gyro_Fsr) refers to mpu6050.o(i.MPU_Write_Byte) for MPU_Write_Byte
[...]
    pxReadyTasksLists                        0x20004068   Data         140  tasks.o(.bss)
    xDelayedTaskList1                        0x200040f4   Data          20  tasks.o(.bss)
    xDelayedTaskList2                        0x20004108   Data          20  tasks.o(.bss)
    xPendingReadyList                        0x2000411c   Data          20  tasks.o(.bss)
    xTasksWaitingTermination                 0x20004130   Data          20  tasks.o(.bss)
    xSuspendedTaskList                       0x20004144   Data          20  tasks.o(.bss)
    .bss                                     0x20004158   Section      304  pid.o(.bss)
    .bss                                     0x20004288   Section       76  pid.o(.bss)
    STACK                                    0x200042d8   Section     8192  startup_stm32f407xx.o(STACK)
    .ARM.__AT_0x68000000                     0x68000000   Section    819200  malloc.o(.ARM.__AT_0x68000000)
    .ARM.__AT_0x680C8000                     0x680c8000   Section    51200  malloc.o(.ARM.__AT_0x680C8000)

    Global Symbols

    Symbol Name                              Value     Ov Type        Size  Object(Section)

    BuildAttributes$$THM_ISAv4$E$P$D$K$B$S$7EM$VFPi3$EXTD16$VFPS$VFMA$PE$A:L22UL41UL21$X:L11$S22US41US21$IEEE1$IW$USESV6$~STKCKD$USESV7$~SHL$OTIME$ROPI$IEEEX$EBA8$MICROLIB$REQ8$PRES8$EABIv2 0x00000000   Number         0  anon$$obj.o ABSOLUTE
    __ARM_use_no_argv                        0x00000000   Number         0  main.o ABSOLUTE
    _printf_a                                0x00000000   Number         0  stubs.o ABSOLUTE
    _printf_c                                0x00000000   Number         0  stubs.o ABSOLUTE
    _printf_charcount                        0x00000000   Number         0  stubs.o ABSOLUTE
    _printf_d                                0x00000000   Number         0  stubs.o ABSOLUTE
    _printf_e                                0x00000000   Number         0  stubs.o ABSOLUTE
    _printf_f                                0x00000000   Number         0  stubs.o ABSOLUTE
    _printf_flags                            0x00000000   Number         0  stubs.o ABSOLUTE
    _printf_fp_dec                           0x00000000   Number         0  stubs.o ABSOLUTE
    _printf_fp_hex                           0x00000000   Number         0  stubs.o ABSOLUTE
    _printf_g                                0x00000000   Number         0  stubs.o ABSOLUTE
    _printf_i                                0x00000000   Number         0  stubs.o ABSOLUTE
    _printf_int_dec                          0x00000000   Number         0  stubs.o ABSOLUTE
    _printf_l                                0x00000000   Number         0  stubs.o ABSOLUTE
    _printf_lc                               0x00000000   Number         0  stubs.o ABSOLUTE
    _printf_ll                               0x00000000   Number         0  stubs.o ABSOLUTE
    _printf_lld                              0x00000000   Number         0  stubs.o ABSOLUTE
    _printf_lli                              0x00000000   Number         0  stubs.o ABSOLUTE
    _printf_llo                              0x00000000   Number         0  stubs.o ABSOLUTE
    _printf_llu                              0x00000000   Number         0  stubs.o ABSOLUTE
    _printf_llx                              0x00000000   Number         0  stubs.o ABSOLUTE
    _printf_longlong_dec                     0x00000000   Number         0  stubs.o ABSOLUTE
    _printf_longlong_hex                     0x00000000   Number         0  stubs.o ABSOLUTE
    _printf_longlong_oct                     0x00000000   Number         0  stubs.o ABSOLUTE
    _printf_ls                               0x00000000   Number         0  stubs.o ABSOLUTE
    _printf_mbtowc                           0x00000000   Number         0  stubs.o ABSOLUTE
    _printf_n                                0x00000000   Number         0  stubs.o ABSOLUTE
    _printf_o                                0x00000000   Number         0  stubs.o ABSOLUTE
    _printf_p                                0x00000000   Number         0  stubs.o ABSOLUTE
    _printf_percent                          0x00000000   Number         0  stubs.o ABSOLUTE
    _printf_pre_padding                      0x00000000   Number         0  stubs.o ABSOLUTE
    _printf_return_value                     0x00000000   Number         0  stubs.o ABSOLUTE
    _printf_s                                0x00000000   Number         0  stubs.o ABSOLUTE
    _printf_sizespec                         0x00000000   Number         0  stubs.o ABSOLUTE
    _printf_str                              0x00000000   Number         0  stubs.o ABSOLUTE
    _printf_truncate_signed                  0x00000000   Number         0  stubs.o ABSOLUTE
    _printf_truncate_unsigned                0x00000000   Number         0  stubs.o ABSOLUTE
    _printf_u                                0x00000000   Number         0  stubs.o ABSOLUTE
    _printf_wc                               0x00000000   Number         0  stubs.o ABSOLUTE
    _printf_wctomb                           0x00000000   Number         0  stubs.o ABSOLUTE
    _printf_widthprec                        0x00000000   Number         0  stubs.o ABSOLUTE
    _printf_x                                0x00000000   Number         0  stubs.o ABSOLUTE
    __cpp_initialize__aeabi_                  - Undefined Weak Reference
    __cxa_finalize                            - Undefined Weak Reference
    __decompress                              - Undefined Weak Reference
    _clock_init                               - Undefined Weak Reference
    _microlib_exit                            - Undefined Weak Reference
    __Vectors_Size                           0x00000188   Number         0  startup_stm32f407xx.o ABSOLUTE
    __Vectors                                0x08000000   Data           4  startup_stm32f407xx.o(RESET)
    __Vectors_End                            0x08000188   Data           0  startup_stm32f407xx.o(RESET)
    __main                                   0x08000189   Thumb Code     0  entry.o(.ARM.Collect$$$$00000000)
    _main_stk                                0x08000189   Thumb Code     0  entry2.o(.ARM.Collect$$$$00000001)
    _main_scatterload                        0x0800018d   Thumb Code     0  entry5.o(.ARM.Collect$$$$00000004)
    __main_after_scatterload                 0x08000191   Thumb Code     0  entry5.o(.ARM.Collect$$$$00000004)
    _main_clock                              0x08000191   Thumb Code     0  entry7b.o(.ARM.Collect$$$$00000008)
    _main_cpp_init                           0x08000191   Thumb Code     0  entry8b.o(.ARM.Collect$$$$0000000A)
    _main_init                               0x08000191   Thumb Code     0  entry9a.o(.ARM.Collect$$$$0000000B)
    __rt_final_cpp                           0x08000199   Thumb Code     0  entry10a.o(.ARM.Collect$$$$0000000D)
    __rt_final_exit                          0x08000199   Thumb Code     0  entry11a.o(.ARM.Collect$$$$0000000F)
    SVC_Handler                              0x0800019d   Thumb Code    28  port.o(.emb_text)
    __asm___6_port_c_39a90d8d__prvStartFirstTask 0x080001bd   Thumb Code    28  port.o(.emb_text)
    __asm___6_port_c_39a90d8d__prvEnableVFP  0x080001dd   Thumb Code    16  port.o(.emb_text)
    PendSV_Handler                           0x080001f1   Thumb Code    92  port.o(.emb_text)
    vPortGetIPSR                             0x08000251   Thumb Code     6  port.o(.emb_text)
    Reset_Handler                            0x08000259   Thumb Code     8  startup_stm32f407xx.o(.text)
    ADC_IRQHandler                           0x08000273   Thumb Code     0  startup_stm32f407xx.o(.text)
    CAN1_RX0_IRQHandler                      0x08000273   Thumb Code     0  startup_stm32f407xx.o(.text)
    CAN1_RX1_IRQHandler                      0x08000273   Thumb Code     0  startup_stm32f407xx.o(.text)
    CAN1_SCE_IRQHandler                      0x08000273   Thumb Code     0  startup_stm32f407xx.o(.text)
    CAN1_TX_IRQHandler                       0x08000273   Thumb Code     0  startup_stm32f407xx.o(.text)
    CAN2_RX0_IRQHandler                      0x08000273   Thumb Code     0  startup_stm32f407xx.o(.text)
    CAN2_SCE_IRQHandler                      0x08000273   Thumb Code     0  startup_stm32f407xx.o(.text)
    DCMI_IRQHandler                          0x08000273   Thumb Code     0  startup_stm32f407xx.o(.text)
    DMA1_Stream0_IRQHandler                  0x08000273   Thumb Code     0  startup_stm32f407xx.o(.text)
    DMA1_Stream1_IRQHandler                  0x08000273   Thumb Code     0  startup_stm32f407xx.o(.text)
    DMA1_Stream2_IRQHandler                  0x08000273   Thumb Code     0  startup_stm32f407xx.o(.text)
    DMA1_Stream3_IRQHandler                  0x08000273   Thumb Code     0  startup_stm32f407xx.o(.text)
    DMA1_Stream4_IRQHandler                  0x08000273   Thumb Code     0  startup_stm32f407xx.o(.text)
    DMA1_Stream5_IRQHandler                  0x08000273   Thumb Code     0  startup_stm32f407xx.o(.text)
    DMA1_Stream6_IRQHandler                  0x08000273   Thumb Code     0  startup_stm32f407xx.o(.text)
    DMA1_Stream7_IRQHandler                  0x08000273   Thumb Code     0  startup_stm32f407xx.o(.text)
    DMA2_Stream0_IRQHandler                  0x08000273   Thumb Code     0  startup_stm32f407xx.o(.text)
    DMA2_Stream1_IRQHandler                  0x08000273   Thumb Code     0  startup_stm32f407xx.o(.text)
    DMA2_Stream3_IRQHandler                  0x08000273   Thumb Code     0  startup_stm32f407xx.o(.text)
    DMA2_Stream4_IRQHandler                  0x08000273   Thumb Code     0  startup_stm32f407xx.o(.text)
    DMA2_Stream5_IRQHandler                  0x08000273   Thumb Code     0  startup_stm32f407xx.o(.text)
    DMA2_Stream6_IRQHandler                  0x08000273   Thumb Code     0  startup_stm32f407xx.o(.text)
    ETH_IRQHandler                           0x08000273   Thumb Code     0  startup_stm32f407xx.o(.text)
    ETH_WKUP_IRQHandler                      0x08000273   Thumb Code     0  startup_stm32f407xx.o(.text)
    EXTI0_IRQHandler                         0x08000273   Thumb Code     0  startup_stm32f407xx.o(.text)
    EXTI15_10_IRQHandler                     0x08000273   Thumb Code     0  startup_stm32f407xx.o(.text)
    EXTI1_IRQHandler                         0x08000273   Thumb Code     0  startup_stm32f407xx.o(.text)
    EXTI2_IRQHandler                         0x08000273   Thumb Code     0  startup_stm32f407xx.o(.text)
    EXTI3_IRQHandler                         0x08000273   Thumb Code     0  startup_stm32f407xx.o(.text)
    EXTI4_IRQHandler                         0x08000273   Thumb Code     0  startup_stm32f407xx.o(.text)
    EXTI9_5_IRQHandler                       0x08000273   Thumb Code     0  startup_stm32f407xx.o(.text)
    FLASH_IRQHandler                         0x08000273   Thumb Code     0  startup_stm32f407xx.o(.text)
    FMC_IRQHandler                           0x08000273   Thumb Code     0  startup_stm32f407xx.o(.text)
    FPU_IRQHandler                           0x08000273   Thumb Code     0  startup_stm32f407xx.o(.text)
    HASH_RNG_IRQHandler                      0x08000273   Thumb Code     0  startup_stm32f407xx.o(.text)
    I2C1_ER_IRQHandler                       0x08000273   Thumb Code     0  startup_stm32f407xx.o(.text)
    I2C1_EV_IRQHandler                       0x08000273   Thumb Code     0  startup_stm32f407xx.o(.text)
    I2C2_ER_IRQHandler                       0x08000273   Thumb Code     0  startup_stm32f407xx.o(.text)
    I2C2_EV_IRQHandler                       0x08000273   Thumb Code     0  startup_stm32f407xx.o(.text)
    I2C3_ER_IRQHandler                       0x08000273   Thumb Code     0  startup_stm32f407xx.o(.text)
    I2C3_EV_IRQHandler                       0x08000273   Thumb Code     0  startup_stm32f407xx.o(.text)
    OTG_FS_IRQHandler                        0x08000273   Thumb Code     0  startup_stm32f407xx.o(.text)
    OTG_FS_WKUP_IRQHandler                   0x08000273   Thumb Code     0  startup_stm32f407xx.o(.text)
    OTG_HS_EP1_IN_IRQHandler                 0x08000273   Thumb Code     0  startup_stm32f407xx.o(.text)
    OTG_HS_EP1_OUT_IRQHandler                0x08000273   Thumb Code     0  startup_stm32f407xx.o(.text)
    OTG_HS_IRQHandler                        0x08000273   Thumb Code     0  startup_stm32f407xx.o(.text)
    OTG_HS_WKUP_IRQHandler                   0x08000273   Thumb Code     0  startup_stm32f407xx.o(.text)
    PVD_IRQHandler                           0x08000273   Thumb Code     0  startup_stm32f407xx.o(.text)
    RCC_IRQHandler                           0x08000273   Thumb Code     0  startup_stm32f407xx.o(.text)
    RTC_Alarm_IRQHandler                     0x08000273   Thumb Code     0  startup_stm32f407xx.o(.text)
    RTC_WKUP_IRQHandler                      0x08000273   Thumb Code     0  startup_stm32f407xx.o(.text)
    SDIO_IRQHandler                          0x08000273   Thumb Code     0  startup_stm32f407xx.o(.text)
    SPI1_IRQHandler                          0x08000273   Thumb Code     0  startup_stm32f407xx.o(.text)
    SPI2_IRQHandler                          0x08000273   Thumb Code     0  startup_stm32f407xx.o(.text)
    SPI3_IRQHandler                          0x08000273   Thumb Code     0  startup_stm32f407xx.o(.text)
    TAMP_STAMP_IRQHandler                    0x08000273   Thumb Code     0  startup_stm32f407xx.o(.text)
    TIM1_BRK_TIM9_IRQHandler                 0x08000273   Thumb Code     0  startup_stm32f407xx.o(.text)
    TIM1_CC_IRQHandler                       0x08000273   Thumb Code     0  startup_stm32f407xx.o(.text)
    TIM1_TRG_COM_TIM11_IRQHandler            0x08000273   Thumb Code     0  startup_stm32f407xx.o(.text)
    TIM1_UP_TIM10_IRQHandler                 0x08000273   Thumb Code     0  startup_stm32f407xx.o(.text)
    TIM2_IRQHandler                          0x08000273   Thumb Code     0  startup_stm32f407xx.o(.text)
    TIM3_IRQHandler                          0x08000273   Thumb Code     0  startup_stm32f407xx.o(.text)
    TIM4_IRQHandler                          0x08000273   Thumb Code     0  startup_stm32f407xx.o(.text)
    TIM5_IRQHandler                          0x08000273   Thumb Code     0  startup_stm32f407xx.o(.text)
    TIM6_DAC_IRQHandler                      0x08000273   Thumb Code     0  startup_stm32f407xx.o(.text)
    TIM7_IRQHandler                          0x08000273   Thumb Code     0  startup_stm32f407xx.o(.text)
    TIM8_BRK_TIM12_IRQHandler                0x08000273   Thumb Code     0  startup_stm32f407xx.o(.text)
    TIM8_CC_IRQHandler                       0x08000273   Thumb Code     0  startup_stm32f407xx.o(.text)
    TIM8_TRG_COM_TIM14_IRQHandler            0x08000273   Thumb Code     0  startup_stm32f407xx.o(.text)
    TIM8_UP_TIM13_IRQHandler                 0x08000273   Thumb Code     0  startup_stm32f407xx.o(.text)
    UART4_IRQHandler                         0x08000273   Thumb Code     0  startup_stm32f407xx.o(.text)
    UART5_IRQHandler                         0x08000273   Thumb Code     0  startup_stm32f407xx.o(.text)
    USART2_IRQHandler                        0x08000273   Thumb Code     0  startup_stm32f407xx.o(.text)
    USART3_IRQHandler                        0x08000273   Thumb Code     0  startup_stm32f407xx.o(.text)
    USART6_IRQHandler                        0x08000273   Thumb Code     0  startup_stm32f407xx.o(.text)
    WWDG_IRQHandler                          0x08000273   Thumb Code     0  startup_stm32f407xx.o(.text)
    __aeabi_uldivmod                         0x0800027d   Thumb Code    98  uldiv.o(.text)
    __aeabi_ldivmod                          0x080002df   Thumb Code    98  ldiv.o(.text)
    __aeabi_memcpy                           0x08000341   Thumb Code    36  memcpya.o(.text)
    __aeabi_memcpy4                          0x08000341   Thumb Code     0  memcpya.o(.text)
    __aeabi_memcpy8                          0x08000341   Thumb Code     0  memcpya.o(.text)
    __aeabi_memset                           0x08000365   Thumb Code    14  memseta.o(.text)
    __aeabi_memset4                          0x08000365   Thumb Code     0  memseta.o(.text)
    __aeabi_memset8                          0x08000365   Thumb Code     0  memseta.o(.text)
    __aeabi_memclr                           0x08000373   Thumb Code     4  memseta.o(.text)
    __aeabi_memclr4                          0x08000373   Thumb Code     0  memseta.o(.text)
    __aeabi_memclr8                          0x08000373   Thumb Code     0  memseta.o(.text)
    _memset$wrapper                          0x08000377   Thumb Code    18  memseta.o(.text)
    memcmp                                   0x08000389   Thumb Code    26  memcmp.o(.text)
    __aeabi_dadd                             0x080003a3   Thumb Code   322  dadd.o(.text)
    __aeabi_dsub                             0x080004e5   Thumb Code     6  dadd.o(.text)
    __aeabi_drsub                            0x080004eb   Thumb Code     6  dadd.o(.text)
    __aeabi_dmul                             0x080004f1   Thumb Code   228  dmul.o(.text)
    __aeabi_ddiv                             0x080005d5   Thumb Code   222  ddiv.o(.text)
    __aeabi_i2d                              0x080006b3   Thumb Code    34  dflti.o(.text)
    __aeabi_f2d                              0x080006d5   Thumb Code    38  f2d.o(.text)
    __aeabi_cdrcmple                         0x080006fd   Thumb Code    48  cdrcmple.o(.text)
    __aeabi_d2f                              0x0800072d   Thumb Code    56  d2f.o(.text)
    __aeabi_uidiv                            0x08000765   Thumb Code     0  uidiv.o(.text)
    __aeabi_uidivmod                         0x08000765   Thumb Code    44  uidiv.o(.text)
    __aeabi_llsl                             0x08000791   Thumb Code    30  llshl.o(.text)
    _ll_shift_l                              0x08000791   Thumb Code     0  llshl.o(.text)
    __aeabi_llsr                             0x080007af   Thumb Code    32  llushr.o(.text)
    _ll_ushift_r                             0x080007af   Thumb Code     0  llushr.o(.text)
    __aeabi_lasr                             0x080007cf   Thumb Code    36  llsshr.o(.text)
    _ll_sshift_r                             0x080007cf   Thumb Code     0  llsshr.o(.text)
    __I$use$fp                               0x080007f3   Thumb Code     0  iusefp.o(.text)
    _float_round                             0x080007f3   Thumb Code    18  fepilogue.o(.text)
    _float_epilogue                          0x08000805   Thumb Code    92  fepilogue.o(.text)
    _double_round                            0x08000861   Thumb Code    30  depilogue.o(.text)
    _double_epilogue                         0x0800087f   Thumb Code   156  depilogue.o(.text)
    __aeabi_d2ulz                            0x0800091b   Thumb Code    48  dfixul.o(.text)
    __scatterload                            0x0800094d   Thumb Code    28  init.o(.text)
    __scatterload_rt2                        0x0800094d   Thumb Code     0  init.o(.text)
    __I$use$semihosting$fputc                0x08000971   Thumb Code     0  iusesemip.o(.text)
    __semihosting_library_function           0x08000971   Thumb Code     0  semi.o(.text)
    _dsqrt                                   0x08000971   Thumb Code   162  dsqrt.o(.text)
    BusFault_Handler                         0x08000a13   Thumb Code     2  stm32f4xx_it.o(i.BusFault_Handler)
    CAN2_RX1_IRQHandler                      0x08000a15   Thumb Code     6  stm32f4xx_it.o(i.CAN2_RX1_IRQHandler)
    CAN2_TX_IRQHandler                       0x08000a21   Thumb Code     6  stm32f4xx_it.o(i.CAN2_TX_IRQHandler)
    DMA2_Stream2_IRQHandler                  0x08000a2d   Thumb Code     6  stm32f4xx_it.o(i.DMA2_Stream2_IRQHandler)
    DMA2_Stream7_IRQHandler                  0x08000a39   Thumb Code     6  stm32f4xx_it.o(i.DMA2_Stream7_IRQHandler)
    DebugMon_Handler                         0x08000ae9   Thumb Code     2  stm32f4xx_it.o(i.DebugMon_Handler)
    HAL_CAN_ActivateNotification             0x08000aeb   Thumb Code    40  stm32f4xx_hal_can.o(i.HAL_CAN_ActivateNotification)
    HAL_CAN_AddTxMessage                     0x08000b13   Thumb Code   200  stm32f4xx_hal_can.o(i.HAL_CAN_AddTxMessage)
    HAL_CAN_ConfigFilter                     0x08000bdd   Thumb Code   262  stm32f4xx_hal_can.o(i.HAL_CAN_ConfigFilter)
    HAL_CAN_ErrorCallback                    0x08000ce9   Thumb Code    12  bsp_can.o(i.HAL_CAN_ErrorCallback)
    HAL_CAN_GetRxMessage                     0x08000cf5   Thumb Code   250  stm32f4xx_hal_can.o(i.HAL_CAN_GetRxMessage)
    HAL_CAN_GetTxMailboxesFreeLevel          0x08000def   Thumb Code    48  stm32f4xx_hal_can.o(i.HAL_CAN_GetTxMailboxesFreeLevel)
    HAL_CAN_IRQHandler                       0x08000e1f   Thumb Code   508  stm32f4xx_hal_can.o(i.HAL_CAN_IRQHandler)
    HAL_CAN_Init                             0x0800101b   Thumb Code   282  stm32f4xx_hal_can.o(i.HAL_CAN_Init)
    HAL_CAN_MspInit                          0x08001135   Thumb Code   112  can.o(i.HAL_CAN_MspInit)
    HAL_CAN_RxFifo0FullCallback              0x080011b1   Thumb Code     2  stm32f4xx_hal_can.o(i.HAL_CAN_RxFifo0FullCallback)
    HAL_CAN_RxFifo0MsgPendingCallback        0x080011b3   Thumb Code     2  stm32f4xx_hal_can.o(i.HAL_CAN_RxFifo0MsgPendingCallback)
    HAL_CAN_RxFifo1FullCallback              0x080011b5   Thumb Code     2  stm32f4xx_hal_can.o(i.HAL_CAN_RxFifo1FullCallback)
    HAL_CAN_RxFifo1MsgPendingCallback        0x080011b9   Thumb Code   114  bsp_can.o(i.HAL_CAN_RxFifo1MsgPendingCallback)
    HAL_CAN_SleepCallback                    0x0800124d   Thumb Code     2  stm32f4xx_hal_can.o(i.HAL_CAN_SleepCallback)
    HAL_CAN_Start                            0x08001251   Thumb Code    88  stm32f4xx_hal_can.o(i.HAL_CAN_Start)
    HAL_CAN_TxMailbox0AbortCallback          0x080012a9   Thumb Code     2  stm32f4xx_hal_can.o(i.HAL_CAN_TxMailbox0AbortCallback)
    HAL_CAN_TxMailbox0CompleteCallback       0x080012ab   Thumb Code     2  stm32f4xx_hal_can.o(i.HAL_CAN_TxMailbox0CompleteCallback)
    HAL_CAN_TxMailbox1AbortCallback          0x080012ad   Thumb Code     2  stm32f4xx_hal_can.o(i.HAL_CAN_TxMailbox1AbortCallback)
    HAL_CAN_TxMailbox1CompleteCallback       0x080012af   Thumb Code     2  stm32f4xx_hal_can.o(i.HAL_CAN_TxMailbox1CompleteCallback)
    HAL_CAN_TxMailbox2AbortCallback          0x080012b1   Thumb Code     2  stm32f4xx_hal_can.o(i.HAL_CAN_TxMailbox2AbortCallback)
    HAL_CAN_TxMailbox2CompleteCallback       0x080012b3   Thumb Code     2  stm32f4xx_hal_can.o(i.HAL_CAN_TxMailbox2CompleteCallback)
    HAL_CAN_WakeUpFromRxMsgCallback          0x080012b5   Thumb Code     2  stm32f4xx_hal_can.o(i.HAL_CAN_WakeUpFromRxMsgCallback)
    HAL_DMA_Abort_IT                         0x080012b7   Thumb Code    36  stm32f4xx_hal_dma.o(i.HAL_DMA_Abort_IT)
    HAL_DMA_IRQHandler                       0x080012dd   Thumb Code   412  stm32f4xx_hal_dma.o(i.HAL_DMA_IRQHandler)
    HAL_DMA_Init                             0x0800147d   Thumb Code   206  stm32f4xx_hal_dma.o(i.HAL_DMA_Init)
    HAL_DMA_Start                            0x08001551   Thumb Code    70  stm32f4xx_hal_dma.o(i.HAL_DMA_Start)
    HAL_Delay                                0x08001599   Thumb Code    32  stm32f4xx_hal.o(i.HAL_Delay)
    HAL_GPIO_Init                            0x080015bd   Thumb Code   388  stm32f4xx_hal_gpio.o(i.HAL_GPIO_Init)
    HAL_GPIO_ReadPin                         0x0800176d   Thumb Code    10  stm32f4xx_hal_gpio.o(i.HAL_GPIO_ReadPin)
    HAL_GPIO_WritePin                        0x08001777   Thumb Code    10  stm32f4xx_hal_gpio.o(i.HAL_GPIO_WritePin)
    HAL_GetTick                              0x08001781   Thumb Code     6  stm32f4xx_hal.o(i.HAL_GetTick)
    HAL_IncTick                              0x0800178d   Thumb Code    12  stm32f4xx_hal.o(i.HAL_IncTick)
    HAL_Init                                 0x0800179d   Thumb Code    48  stm32f4xx_hal.o(i.HAL_Init)
    HAL_InitTick                             0x080017d1   Thumb Code    54  stm32f4xx_hal.o(i.HAL_InitTick)
    HAL_MspInit                              0x08001811   Thumb Code   126  stm32f4xx_hal_msp.o(i.HAL_MspInit)
    HAL_NVIC_EnableIRQ                       0x08001895   Thumb Code    22  stm32f4xx_hal_cortex.o(i.HAL_NVIC_EnableIRQ)
    HAL_NVIC_SetPriority                     0x080018ad   Thumb Code    60  stm32f4xx_hal_cortex.o(i.HAL_NVIC_SetPriority)
    HAL_NVIC_SetPriorityGrouping             0x080018ed   Thumb Code    26  stm32f4xx_hal_cortex.o(i.HAL_NVIC_SetPriorityGrouping)
    HAL_RCC_ClockConfig                      0x08001911   Thumb Code   286  stm32f4xx_hal_rcc.o(i.HAL_RCC_ClockConfig)
    HAL_RCC_GetHCLKFreq                      0x08001a41   Thumb Code     6  stm32f4xx_hal_rcc.o(i.HAL_RCC_GetHCLKFreq)
    HAL_RCC_GetPCLK1Freq                     0x08001a4d   Thumb Code    20  stm32f4xx_hal_rcc.o(i.HAL_RCC_GetPCLK1Freq)
    HAL_RCC_GetPCLK2Freq                     0x08001a6d   Thumb Code    20  stm32f4xx_hal_rcc.o(i.HAL_RCC_GetPCLK2Freq)
    HAL_RCC_GetSysClockFreq                  0x08001a8d   Thumb Code    88  stm32f4xx_hal_rcc.o(i.HAL_RCC_GetSysClockFreq)
    HAL_RCC_OscConfig                        0x08001aed   Thumb Code   770  stm32f4xx_hal_rcc.o(i.HAL_RCC_OscConfig)
    HAL_SYSTICK_CLKSourceConfig              0x08001e09   Thumb Code    24  stm32f4xx_hal_cortex.o(i.HAL_SYSTICK_CLKSourceConfig)
    HAL_SYSTICK_Config                       0x08001e21   Thumb Code    40  stm32f4xx_hal_cortex.o(i.HAL_SYSTICK_Config)
    HAL_TIM_Base_Init                        0x08001e49   Thumb Code    54  stm32f4xx_hal_tim.o(i.HAL_TIM_Base_Init)
    HAL_TIM_Base_MspInit                     0x08001e81   Thumb Code    30  tim.o(i.HAL_TIM_Base_MspInit)
    HAL_TIM_MspPostInit                      0x08001ea9   Thumb Code    42  tim.o(i.HAL_TIM_MspPostInit)
    HAL_TIM_PWM_ConfigChannel                0x08001edd   Thumb Code   208  stm32f4xx_hal_tim.o(i.HAL_TIM_PWM_ConfigChannel)
    HAL_TIM_PWM_Init                         0x08001fad   Thumb Code    54  stm32f4xx_hal_tim.o(i.HAL_TIM_PWM_Init)
    HAL_TIM_PWM_MspInit                      0x08001fe3   Thumb Code     2  stm32f4xx_hal_tim.o(i.HAL_TIM_PWM_MspInit)
    HAL_UART_ErrorCallback                   0x08001fe5   Thumb Code     2  stm32f4xx_hal_uart.o(i.HAL_UART_ErrorCallback)
    HAL_UART_IRQHandler                      0x08001fe9   Thumb Code   266  stm32f4xx_hal_uart.o(i.HAL_UART_IRQHandler)
    HAL_UART_Init                            0x080020f9   Thumb Code    98  stm32f4xx_hal_uart.o(i.HAL_UART_Init)
    HAL_UART_MspInit                         0x0800215d   Thumb Code   192  usart.o(i.HAL_UART_MspInit)
    HAL_UART_RxCpltCallback                  0x08002241   Thumb Code     2  stm32f4xx_hal_uart.o(i.HAL_UART_RxCpltCallback)
    HAL_UART_TxCpltCallback                  0x08002243   Thumb Code     2  stm32f4xx_hal_uart.o(i.HAL_UART_TxCpltCallback)
    HardFault_Handler                        0x08002245   Thumb Code     2  stm32f4xx_it.o(i.HardFault_Handler)
    IIC_Ack                                  0x08002249   Thumb Code    56  myiic.o(i.IIC_Ack)
    IIC_Init                                 0x08002289   Thumb Code    60  myiic.o(i.IIC_Init)
    IIC_NAck                                 0x080022d1   Thumb Code    56  myiic.o(i.IIC_NAck)
    IIC_Read_Byte                            0x08002311   Thumb Code    86  myiic.o(i.IIC_Read_Byte)
    IIC_Send_Byte                            0x08002371   Thumb Code    80  myiic.o(i.IIC_Send_Byte)
    IIC_Start                                0x080023c9   Thumb Code    56  myiic.o(i.IIC_Start)
    IIC_Stop                                 0x08002409   Thumb Code    58  myiic.o(i.IIC_Stop)
    IIC_Wait_Ack                             0x0800244d   Thumb Code    74  myiic.o(i.IIC_Wait_Ack)
    MPU_Get_Accelerometer                    0x080024a1   Thumb Code    50  mpu6050.o(i.MPU_Get_Accelerometer)
    MPU_Get_Gyroscope                        0x080024d3   Thumb Code    50  mpu6050.o(i.MPU_Get_Gyroscope)
    MPU_Get_Temperature                      0x08002505   Thumb Code    78  mpu6050.o(i.MPU_Get_Temperature)
    MPU_Init                                 0x08002569   Thumb Code   118  mpu6050.o(i.MPU_Init)
    MPU_Read_Byte                            0x080025df   Thumb Code    58  mpu6050.o(i.MPU_Read_Byte)
    MPU_Read_Len                             0x08002619   Thumb Code   108  mpu6050.o(i.MPU_Read_Len)
    MPU_Set_Accel_Fsr                        0x08002685   Thumb Code    10  mpu6050.o(i.MPU_Set_Accel_Fsr)
    MPU_Set_Gyro_Fsr                         0x0800268f   Thumb Code    10  mpu6050.o(i.MPU_Set_Gyro_Fsr)
    MPU_Set_LPF                              0x08002699   Thumb Code    48  mpu6050.o(i.MPU_Set_LPF)
    MPU_Set_Rate                             0x080026c9   Thumb Code    46  mpu6050.o(i.MPU_Set_Rate)
    MPU_Write_Byte                           0x080026f7   Thumb Code    60  mpu6050.o(i.MPU_Write_Byte)
    MPU_Write_Len                            0x08002733   Thumb Code    82  mpu6050.o(i.MPU_Write_Len)
    MX_CAN2_Init                             0x08002785   Thumb Code    66  can.o(i.MX_CAN2_Init)
    MX_DMA_Init                              0x080027e1   Thumb Code    56  dma.o(i.MX_DMA_Init)
    MX_FREERTOS_Init                         0x0800281d   Thumb Code    74  freertos.o(i.MX_FREERTOS_Init)
    MX_GPIO_Init                             0x08002871   Thumb Code   276  gpio.o(i.MX_GPIO_Init)
    MX_TIM13_Init                            0x080029a1   Thumb Code    90  tim.o(i.MX_TIM13_Init)
    MX_USART1_UART_Init                      0x08002a15   Thumb Code    52  usart.o(i.MX_USART1_UART_Init)
    MemManage_Handler                        0x08002a61   Thumb Code     2  stm32f4xx_it.o(i.MemManage_Handler)
    NMI_Handler                              0x08002a63   Thumb Code     2  stm32f4xx_it.o(i.NMI_Handler)
    PID_struct_init                          0x08002a85   Thumb Code    60  pid.o(i.PID_struct_init)
    StartDefaultTask                         0x08002ac9   Thumb Code    22  freertos.o(i.StartDefaultTask)
    SysTick_Handler                          0x08002adf   Thumb Code    14  stm32f4xx_it.o(i.SysTick_Handler)
    SystemClock_Config                       0x08002aed   Thumb Code   148  main.o(i.SystemClock_Config)
    SystemInit                               0x08002b89   Thumb Code    66  system_stm32f4xx.o(i.SystemInit)
    TIM_Base_SetConfig                       0x08002bdd   Thumb Code   148  stm32f4xx_hal_tim.o(i.TIM_Base_SetConfig)
    TIM_OC2_SetConfig                        0x08002cf5   Thumb Code    90  stm32f4xx_hal_tim.o(i.TIM_OC2_SetConfig)
    USART1_IRQHandler                        0x080031d1   Thumb Code    18  stm32f4xx_it.o(i.USART1_IRQHandler)
    UsageFault_Handler                       0x080031e9   Thumb Code     2  stm32f4xx_it.o(i.UsageFault_Handler)
    _Error_Handler                           0x080031eb   Thumb Code     2  main.o(i._Error_Handler)
    __0printf                                0x080031ed   Thumb Code    22  printfa.o(i.__0printf)
    __1printf                                0x080031ed   Thumb Code     0  printfa.o(i.__0printf)
    __2printf                                0x080031ed   Thumb Code     0  printfa.o(i.__0printf)
    __c89printf                              0x080031ed   Thumb Code     0  printfa.o(i.__0printf)
    printf                                   0x080031ed   Thumb Code     0  printfa.o(i.__0printf)
    __ARM_fpclassify                         0x0800320d   Thumb Code    48  fpclassify.o(i.__ARM_fpclassify)
    __hardfp_asin                            0x08003241   Thumb Code   770  asin.o(i.__hardfp_asin)
    __hardfp_atan                            0x080035a1   Thumb Code   622  atan.o(i.__hardfp_atan)
    __hardfp_atan2                           0x08003879   Thumb Code   432  atan2.o(i.__hardfp_atan2)
    __kernel_poly                            0x08003a69   Thumb Code   248  poly.o(i.__kernel_poly)
    __mathlib_dbl_infnan                     0x08003b61   Thumb Code    20  dunder.o(i.__mathlib_dbl_infnan)
    __mathlib_dbl_infnan2                    0x08003b75   Thumb Code    20  dunder.o(i.__mathlib_dbl_infnan2)
    __mathlib_dbl_invalid                    0x08003b89   Thumb Code    24  dunder.o(i.__mathlib_dbl_invalid)
    __mathlib_dbl_underflow                  0x08003ba9   Thumb Code    24  dunder.o(i.__mathlib_dbl_underflow)
    __scatterload_copy                       0x08003bc9   Thumb Code    14  handlers.o(i.__scatterload_copy)
    __scatterload_null                       0x08003bd7   Thumb Code     2  handlers.o(i.__scatterload_null)
    __scatterload_zeroinit                   0x08003bd9   Thumb Code    14  handlers.o(i.__scatterload_zeroinit)
    __set_errno                              0x08003be9   Thumb Code     6  errno.o(i.__set_errno)
    abs_limit                                0x080044a7   Thumb Code    42  pid.o(i.abs_limit)
    atan                                     0x08004561   Thumb Code    16  atan.o(i.atan)
    can_filter_init                          0x08004571   Thumb Code    98  bsp_can.o(i.can_filter_init)
    chassis_pid_init                         0x080045ed   Thumb Code   134  ctrl_task.o(i.chassis_pid_init)
    dbus_uart_init                           0x08004699   Thumb Code    64  bsp_uart.o(i.dbus_uart_init)
    delay_ms                                 0x080046e1   Thumb Code     4  myiic.o(i.delay_ms)
    delay_us                                 0x080046e5   Thumb Code    30  myiic.o(i.delay_us)
    dmp_enable_6x_lp_quat                    0x08004709   Thumb Code    58  inv_mpu_dmp_motion_driver.o(i.dmp_enable_6x_lp_quat)
    dmp_enable_feature                       0x08004745   Thumb Code   464  inv_mpu_dmp_motion_driver.o(i.dmp_enable_feature)
    dmp_enable_gyro_cal                      0x0800491d   Thumb Code    34  inv_mpu_dmp_motion_driver.o(i.dmp_enable_gyro_cal)
    dmp_enable_lp_quat                       0x08004959   Thumb Code    58  inv_mpu_dmp_motion_driver.o(i.dmp_enable_lp_quat)
    dmp_load_motion_driver_firmware          0x08004995   Thumb Code    16  inv_mpu_dmp_motion_driver.o(i.dmp_load_motion_driver_firmware)
    dmp_read_fifo                            0x080049a9   Thumb Code   324  inv_mpu_dmp_motion_driver.o(i.dmp_read_fifo)
    dmp_set_fifo_rate                        0x08004af1   Thumb Code    82  inv_mpu_dmp_motion_driver.o(i.dmp_set_fifo_rate)
    dmp_set_gyro_bias                        0x08004b55   Thumb Code   196  inv_mpu_dmp_motion_driver.o(i.dmp_set_gyro_bias)
    dmp_set_orientation                      0x08004c21   Thumb Code   246  inv_mpu_dmp_motion_driver.o(i.dmp_set_orientation)
    dmp_set_shake_reject_thresh              0x08004d2d   Thumb Code    48  inv_mpu_dmp_motion_driver.o(i.dmp_set_shake_reject_thresh)
    dmp_set_shake_reject_time                0x08004d5d   Thumb Code    32  inv_mpu_dmp_motion_driver.o(i.dmp_set_shake_reject_time)
    dmp_set_shake_reject_timeout             0x08004d7d   Thumb Code    32  inv_mpu_dmp_motion_driver.o(i.dmp_set_shake_reject_timeout)
    dmp_set_tap_axes                         0x08004d9d   Thumb Code    64  inv_mpu_dmp_motion_driver.o(i.dmp_set_tap_axes)
    dmp_set_tap_count                        0x08004ddd   Thumb Code    34  inv_mpu_dmp_motion_driver.o(i.dmp_set_tap_count)
    dmp_set_tap_thresh                       0x08004e01   Thumb Code   314  inv_mpu_dmp_motion_driver.o(i.dmp_set_tap_thresh)
    dmp_set_tap_time                         0x08004f61   Thumb Code    32  inv_mpu_dmp_motion_driver.o(i.dmp_set_tap_time)
    dmp_set_tap_time_multi                   0x08004f81   Thumb Code    32  inv_mpu_dmp_motion_driver.o(i.dmp_set_tap_time_multi)
    encoder_data_handler                     0x08004fa1   Thumb Code    96  bsp_can.o(i.encoder_data_handler)
    fabs                                     0x08005005   Thumb Code    24  fabs.o(i.fabs)
    fputc                                    0x0800501d   Thumb Code    18  fputc.o(i.fputc)
    get_moto_offset                          0x080050e5   Thumb Code    10  bsp_can.o(i.get_moto_offset)
    inv_orientation_matrix_to_scalar         0x080054e5   Thumb Code    34  inv_mpu.o(i.inv_orientation_matrix_to_scalar)
    inv_row_2_scale                          0x08005507   Thumb Code    72  inv_mpu.o(i.inv_row_2_scale)
    key_scan                                 0x08005551   Thumb Code   190  ctrl_task.o(i.key_scan)
    led_all_off                              0x0800561d   Thumb Code    28  ctrl_task.o(i.led_all_off)
    led_blink                                0x0800563d   Thumb Code   150  ctrl_task.o(i.led_blink)
    main                                     0x080056d9   Thumb Code    48  main.o(i.main)
    mget_ms                                  0x08005719   Thumb Code     2  inv_mpu.o(i.mget_ms)
    mpu_configure_fifo                       0x0800571d   Thumb Code    78  inv_mpu.o(i.mpu_configure_fifo)
    mpu_dmp_get_data                         0x08005771   Thumb Code   344  inv_mpu.o(i.mpu_dmp_get_data)
    mpu_dmp_init                             0x080058d5   Thumb Code   160  inv_mpu.o(i.mpu_dmp_init)
    mpu_get_accel_fsr                        0x08005979   Thumb Code    54  inv_mpu.o(i.mpu_get_accel_fsr)
    mpu_get_gyro_fsr                         0x080059b5   Thumb Code    48  inv_mpu.o(i.mpu_get_gyro_fsr)
    mpu_get_gyro_sens                        0x080059e9   Thumb Code    54  inv_mpu.o(i.mpu_get_gyro_sens)
    mpu_get_lpf                              0x08005a35   Thumb Code    52  inv_mpu.o(i.mpu_get_lpf)
    mpu_get_sample_rate                      0x08005a6d   Thumb Code    22  inv_mpu.o(i.mpu_get_sample_rate)
    mpu_init                                 0x08005a89   Thumb Code   310  inv_mpu.o(i.mpu_init)
    mpu_load_firmware                        0x08005c11   Thumb Code   154  inv_mpu.o(i.mpu_load_firmware)
    mpu_lp_accel_mode                        0x08005cb1   Thumb Code   178  inv_mpu.o(i.mpu_lp_accel_mode)
    mpu_read_fifo_stream                     0x08005d69   Thumb Code   140  inv_mpu.o(i.mpu_read_fifo_stream)
    mpu_read_mem                             0x08005df9   Thumb Code    80  inv_mpu.o(i.mpu_read_mem)
    mpu_reset_fifo                           0x08005e4d   Thumb Code   346  inv_mpu.o(i.mpu_reset_fifo)
    mpu_run_self_test                        0x08005fad   Thumb Code   234  inv_mpu.o(i.mpu_run_self_test)
    mpu_set_accel_fsr                        0x0800609d   Thumb Code    98  inv_mpu.o(i.mpu_set_accel_fsr)
    mpu_set_bypass                           0x08006105   Thumb Code   214  inv_mpu.o(i.mpu_set_bypass)
    mpu_set_dmp_state                        0x080061e1   Thumb Code   114  inv_mpu.o(i.mpu_set_dmp_state)
    mpu_set_gyro_fsr                         0x08006259   Thumb Code   104  inv_mpu.o(i.mpu_set_gyro_fsr)
    mpu_set_int_latched                      0x080062c5   Thumb Code    94  inv_mpu.o(i.mpu_set_int_latched)
    mpu_set_lpf                              0x08006329   Thumb Code   102  inv_mpu.o(i.mpu_set_lpf)
    mpu_set_sample_rate                      0x08006395   Thumb Code   124  inv_mpu.o(i.mpu_set_sample_rate)
    mpu_set_sensors                          0x08006415   Thumb Code   178  inv_mpu.o(i.mpu_set_sensors)
    mpu_write_mem                            0x080064cd   Thumb Code    80  inv_mpu.o(i.mpu_write_mem)
    osDelay                                  0x08006521   Thumb Code    14  cmsis_os.o(i.osDelay)
    osDelayUntil                             0x0800652f   Thumb Code     4  cmsis_os.o(i.osDelayUntil)
    osKernelStart                            0x08006533   Thumb Code    10  cmsis_os.o(i.osKernelStart)
    osKernelSysTick                          0x0800653d   Thumb Code    24  cmsis_os.o(i.osKernelSysTick)
    osSystickHandler                         0x08006555   Thumb Code    20  cmsis_os.o(i.osSystickHandler)
    osThreadCreate                           0x08006569   Thumb Code    46  cmsis_os.o(i.osThreadCreate)
    pid_calc                                 0x08006599   Thumb Code   326  pid.o(i.pid_calc)
    pvPortMalloc                             0x08006a51   Thumb Code   210  heap_4.o(i.pvPortMalloc)
    pxPortInitialiseStack                    0x08006b29   Thumb Code    40  port.o(i.pxPortInitialiseStack)
    ramp_calc                                0x08006b55   Thumb Code    50  ramp.o(i.ramp_calc)
    ramp_init                                0x08006b8d   Thumb Code     8  ramp.o(i.ramp_init)
    rc_callback_handler                      0x08006b95   Thumb Code   140  bsp_uart.o(i.rc_callback_handler)
    run_self_test                            0x08006c21   Thumb Code   102  inv_mpu.o(i.run_self_test)
    send_chassis_cur                         0x08006c89   Thumb Code   116  bsp_can.o(i.send_chassis_cur)
    sqrt                                     0x08006d6d   Thumb Code   110  sqrt.o(i.sqrt)
    start_get_imu_task                       0x08006ddd   Thumb Code   390  ctrl_task.o(i.start_get_imu_task)
    start_key_scan_task                      0x08006f8d   Thumb Code   198  ctrl_task.o(i.start_key_scan_task)
    uart_receive_handler                     0x08007061   Thumb Code    86  bsp_uart.o(i.uart_receive_handler)
    uxListRemove                             0x080070c1   Thumb Code    36  list.o(i.uxListRemove)
    vListInitialise                          0x080070e5   Thumb Code    22  list.o(i.vListInitialise)
    vListInitialiseItem                      0x080070fb   Thumb Code     6  list.o(i.vListInitialiseItem)
    vListInsert                              0x08007101   Thumb Code    48  list.o(i.vListInsert)
    vListInsertEnd                           0x08007131   Thumb Code    24  list.o(i.vListInsertEnd)
    vPortEnterCritical                       0x08007149   Thumb Code    54  port.o(i.vPortEnterCritical)
    vPortExitCritical                        0x08007189   Thumb Code    34  port.o(i.vPortExitCritical)
    vPortFree                                0x080071b1   Thumb Code    88  heap_4.o(i.vPortFree)
    vPortSetupTimerInterrupt                 0x0800720d   Thumb Code    26  port.o(i.vPortSetupTimerInterrupt)
    vPortValidateInterruptPriority           0x0800722d   Thumb Code    74  port.o(i.vPortValidateInterruptPriority)
    vTaskDelay                               0x08007281   Thumb Code    66  tasks.o(i.vTaskDelay)
    vTaskStartScheduler                      0x080072cd   Thumb Code    86  tasks.o(i.vTaskStartScheduler)
    vTaskSuspendAll                          0x08007335   Thumb Code    10  tasks.o(i.vTaskSuspendAll)
    vTaskSwitchContext                       0x08007345   Thumb Code    82  tasks.o(i.vTaskSwitchContext)
    xPortStartScheduler                      0x080073a1   Thumb Code   202  port.o(i.xPortStartScheduler)
    xPortSysTickHandler                      0x08007481   Thumb Code    38  port.o(i.xPortSysTickHandler)
    xTaskCreate                              0x080074ad   Thumb Code    86  tasks.o(i.xTaskCreate)
    xTaskGetSchedulerState                   0x08007505   Thumb Code    22  tasks.o(i.xTaskGetSchedulerState)
    xTaskGetTickCount                        0x08007521   Thumb Code     6  tasks.o(i.xTaskGetTickCount)
    xTaskGetTickCountFromISR                 0x0800752d   Thumb Code    12  tasks.o(i.xTaskGetTickCountFromISR)
    xTaskIncrementTick                       0x0800753d   Thumb Code   192  tasks.o(i.xTaskIncrementTick)
    xTaskResumeAll                           0x08007605   Thumb Code   182  tasks.o(i.xTaskResumeAll)
    reg                                      0x080076c8   Data          27  inv_mpu.o(.constdata)
    hw                                       0x080076e4   Data          12  inv_mpu.o(.constdata)
    test                                     0x080076f0   Data          40  inv_mpu.o(.constdata)
    AHBPrescTable                            0x08008354   Data          16  system_stm32f4xx.o(.constdata)
    APBPrescTable                            0x08008364   Data           8  system_stm32f4xx.o(.constdata)
    __mathlib_zero                           0x08008458   Data           8  qnan.o(.constdata)
    Region$$Table$$Base                      0x080084dc   Number         0  anon$$obj.o(Region$$Table)
    Region$$Table$$Limit                     0x080084fc   Number         0  anon$$obj.o(Region$$Table)
    mem3base                                 0x10000000   Data       61440  malloc.o(.ARM.__AT_0x10000000)
    mem3mapbase                              0x1000f000   Data        3840  malloc.o(.ARM.__AT_0x1000F000)
    can1_rx_data                             0x20000036   Data           8  bsp_can.o(.data)
    imu_init_ok_flag                         0x20000041   Data           1  ctrl_task.o(.data)
    key_flag                                 0x20000042   Data           1  ctrl_task.o(.data)
    modify_option                            0x20000043   Data           1  ctrl_task.o(.data)
    chassis_speed_set_value                  0x20000044   Data           4  ctrl_task.o(.data)
    imu_time_ms                              0x20000048   Data           4  ctrl_task.o(.data)
    imu_time_last                            0x2000004c   Data           4  ctrl_task.o(.data)
    mubiao_sudu                              0x20000050   Data           8  ctrl_task.o(.data)
    fb_ramp                                  0x20000058   Data          20  ctrl_task.o(.data)
    get_imu_TaskHandle                       0x2000006c   Data           4  freertos.o(.data)
    key_scan_TaskHandle                      0x20000070   Data           4  freertos.o(.data)
    defaultTaskHandle                        0x20000074   Data           4  freertos.o(.data)
    uwTickFreq                               0x20000078   Data           1  stm32f4xx_hal.o(.data)
    uwTickPrio                               0x2000007c   Data           4  stm32f4xx_hal.o(.data)
    uwTick                                   0x20000080   Data           4  stm32f4xx_hal.o(.data)
    SystemCoreClock                          0x20000084   Data           4  system_stm32f4xx.o(.data)
    pxCurrentTCB                             0x200000ac   Data           4  tasks.o(.data)
    __stdout                                 0x200000e8   Data           4  stdout.o(.data)
    moto_chassis                             0x20000100   Data         240  bsp_can.o(.bss)
    dbus_buf                                 0x200001f0   Data          18  bsp_uart.o(.bss)
    rc                                       0x20000202   Data          10  bsp_uart.o(.bss)
    lcd_buf                                  0x2000020c   Data         200  ctrl_task.o(.bss)
    imu                                      0x200002d4   Data          28  ctrl_task.o(.bss)
    balanc_pid_pd                            0x200002f0   Data          20  ctrl_task.o(.bss)
    hcan2                                    0x20000304   Data          40  can.o(.bss)
    htim13                                   0x2000032c   Data          60  tim.o(.bss)
    huart1                                   0x20000368   Data          64  usart.o(.bss)
    hdma_usart1_rx                           0x200003a8   Data          96  usart.o(.bss)
    hdma_usart1_tx                           0x20000408   Data          96  usart.o(.bss)
    pid_spd                                  0x20004158   Data         304  pid.o(.bss)
    pid_balcance                             0x20004288   Data          76  pid.o(.bss)
    __initial_sp                             0x200062d8   Data           0  startup_stm32f407xx.o(STACK)
    mem2base                                 0x68000000   Data       819200  malloc.o(.ARM.__AT_0x68000000)
    mem2mapbase                              0x680c8000   Data       51200  malloc.o(.ARM.__AT_0x680C8000)



==============================================================================

Memory Map of the image

  Image Entry point : 0x08000189

  Load Region LR_IROM1 (Base: 0x08000000, Size: 0x000085ec, Max: 0x00080000, ABSOLUTE)

    Execution Region ER_IROM1 (Exec base: 0x08000000, Load base: 0x08000000, Size: 0x000084fc, Max: 0x00080000, ABSOLUTE)

    Exec Addr    Load Addr    Size         Type   Attr      Idx    E Section Name        Object

    0x08000000   0x08000000   0x00000188   Data   RO            3    RESET               startup_stm32f407xx.o
    0x08000188   0x08000188   0x00000000   Code   RO         5903  * .ARM.Collect$$$$00000000  mc_w.l(entry.o)
    0x08000188   0x08000188   0x00000004   Code   RO         6250    .ARM.Collect$$$$00000001  mc_w.l(entry2.o)
    0x0800018c   0x0800018c   0x00000004   Code   RO         6253    .ARM.Collect$$$$00000004  mc_w.l(entry5.o)
    0x08000190   0x08000190   0x00000000   Code   RO         6255    .ARM.Collect$$$$00000008  mc_w.l(entry7b.o)
    0x08000190   0x08000190   0x00000000   Code   RO         6257    .ARM.Collect$$$$0000000A  mc_w.l(entry8b.o)
    0x08000190   0x08000190   0x00000008   Code   RO         6258    .ARM.Collect$$$$0000000B  mc_w.l(entry9a.o)
    0x08000198   0x08000198   0x00000000   Code   RO         6260    .ARM.Collect$$$$0000000D  mc_w.l(entry10a.o)
    0x08000198   0x08000198   0x00000000   Code   RO         6262    .ARM.Collect$$$$0000000F  mc_w.l(entry11a.o)
    0x08000198   0x08000198   0x00000004   Code   RO         6251    .ARM.Collect$$$$00002712  mc_w.l(entry2.o)
    0x0800019c   0x0800019c   0x000000ba   Code   RO         4814    .emb_text           port.o
    0x08000256   0x08000256   0x00000002   PAD
    0x08000258   0x08000258   0x00000024   Code   RO            4    .text               startup_stm32f407xx.o
    0x0800027c   0x0800027c   0x00000062   Code   RO         5906    .text               mc_w.l(uldiv.o)
    0x080002de   0x080002de   0x00000062   Code   RO         5908    .text               mc_w.l(ldiv.o)
    0x08000340   0x08000340   0x00000024   Code   RO         5910    .text               mc_w.l(memcpya.o)
    0x08000364   0x08000364   0x00000024   Code   RO         5912    .text               mc_w.l(memseta.o)
    0x08000388   0x08000388   0x0000001a   Code   RO         5914    .text               mc_w.l(memcmp.o)
    0x080003a2   0x080003a2   0x0000014e   Code   RO         6179    .text               mf_w.l(dadd.o)
    0x080004f0   0x080004f0   0x000000e4   Code   RO         6181    .text               mf_w.l(dmul.o)
    0x080005d4   0x080005d4   0x000000de   Code   RO         6183    .text               mf_w.l(ddiv.o)
    0x080006b2   0x080006b2   0x00000022   Code   RO         6185    .text               mf_w.l(dflti.o)
    0x080006d4   0x080006d4   0x00000026   Code   RO         6193    .text               mf_w.l(f2d.o)
    0x080006fa   0x080006fa   0x00000002   PAD
    0x080006fc   0x080006fc   0x00000030   Code   RO         6195    .text               mf_w.l(cdrcmple.o)
    0x0800072c   0x0800072c   0x00000038   Code   RO         6197    .text               mf_w.l(d2f.o)
    0x08000764   0x08000764   0x0000002c   Code   RO         6267    .text               mc_w.l(uidiv.o)
    0x08000790   0x08000790   0x0000001e   Code   RO         6269    .text               mc_w.l(llshl.o)
    0x080007ae   0x080007ae   0x00000020   Code   RO         6271    .text               mc_w.l(llushr.o)
    0x080007ce   0x080007ce   0x00000024   Code   RO         6273    .text               mc_w.l(llsshr.o)
    0x080007f2   0x080007f2   0x00000000   Code   RO         6282    .text               mc_w.l(iusefp.o)
    0x080007f2   0x080007f2   0x0000006e   Code   RO         6283    .text               mf_w.l(fepilogue.o)
    0x08000860   0x08000860   0x000000ba   Code   RO         6285    .text               mf_w.l(depilogue.o)
    0x0800091a   0x0800091a   0x00000030   Code   RO         6289    .text               mf_w.l(dfixul.o)
    0x0800094a   0x0800094a   0x00000002   PAD
    0x0800094c   0x0800094c   0x00000024   Code   RO         6291    .text               mc_w.l(init.o)
    0x08000970   0x08000970   0x00000000   Code   RO         6293    .text               mc_w.l(semi.o)
    0x08000970   0x08000970   0x00000000   Code   RO         6294    .text               mc_w.l(iusesemip.o)
    0x08000970   0x08000970   0x000000a2   Code   RO         6295    .text               mf_w.l(dsqrt.o)
    0x08000a12   0x08000a12   0x00000002   Code   RO         1870    i.BusFault_Handler  stm32f4xx_it.o
    0x08000a14   0x08000a14   0x0000000c   Code   RO         1871    i.CAN2_RX1_IRQHandler  stm32f4xx_it.o
    0x08000a20   0x08000a20   0x0000000c   Code   RO         1872    i.CAN2_TX_IRQHandler  stm32f4xx_it.o
    0x08000a2c   0x08000a2c   0x0000000c   Code   RO         1873    i.DMA2_Stream2_IRQHandler  stm32f4xx_it.o
    0x08000a38   0x08000a38   0x0000000c   Code   RO         1874    i.DMA2_Stream7_IRQHandler  stm32f4xx_it.o
    0x08000a44   0x08000a44   0x00000028   Code   RO         4123    i.DMA_CalcBaseAndBitshift  stm32f4xx_hal_dma.o
    0x08000a6c   0x08000a6c   0x00000054   Code   RO         4124    i.DMA_CheckFifoParam  stm32f4xx_hal_dma.o
    0x08000ac0   0x08000ac0   0x00000028   Code   RO         4125    i.DMA_SetConfig     stm32f4xx_hal_dma.o
    0x08000ae8   0x08000ae8   0x00000002   Code   RO         1875    i.DebugMon_Handler  stm32f4xx_it.o
    0x08000aea   0x08000aea   0x00000028   Code   RO         1989    i.HAL_CAN_ActivateNotification  stm32f4xx_hal_can.o
    0x08000b12   0x08000b12   0x000000c8   Code   RO         1990    i.HAL_CAN_AddTxMessage  stm32f4xx_hal_can.o
    0x08000bda   0x08000bda   0x00000002   PAD
    0x08000bdc   0x08000bdc   0x0000010c   Code   RO         1991    i.HAL_CAN_ConfigFilter  stm32f4xx_hal_can.o
    0x08000ce8   0x08000ce8   0x0000000c   Code   RO          965    i.HAL_CAN_ErrorCallback  bsp_can.o
    0x08000cf4   0x08000cf4   0x000000fa   Code   RO         1997    i.HAL_CAN_GetRxMessage  stm32f4xx_hal_can.o
    0x08000dee   0x08000dee   0x00000030   Code   RO         1999    i.HAL_CAN_GetTxMailboxesFreeLevel  stm32f4xx_hal_can.o
    0x08000e1e   0x08000e1e   0x000001fc   Code   RO         2001    i.HAL_CAN_IRQHandler  stm32f4xx_hal_can.o
    0x0800101a   0x0800101a   0x0000011a   Code   RO         2002    i.HAL_CAN_Init      stm32f4xx_hal_can.o
    0x08001134   0x08001134   0x0000007c   Code   RO         1606    i.HAL_CAN_MspInit   can.o
    0x080011b0   0x080011b0   0x00000002   Code   RO         2009    i.HAL_CAN_RxFifo0FullCallback  stm32f4xx_hal_can.o
    0x080011b2   0x080011b2   0x00000002   Code   RO         2010    i.HAL_CAN_RxFifo0MsgPendingCallback  stm32f4xx_hal_can.o
    0x080011b4   0x080011b4   0x00000002   Code   RO         2011    i.HAL_CAN_RxFifo1FullCallback  stm32f4xx_hal_can.o
    0x080011b6   0x080011b6   0x00000002   PAD
    0x080011b8   0x080011b8   0x00000094   Code   RO          966    i.HAL_CAN_RxFifo1MsgPendingCallback  bsp_can.o
    0x0800124c   0x0800124c   0x00000002   Code   RO         2013    i.HAL_CAN_SleepCallback  stm32f4xx_hal_can.o
    0x0800124e   0x0800124e   0x00000002   PAD
    0x08001250   0x08001250   0x00000058   Code   RO         2014    i.HAL_CAN_Start     stm32f4xx_hal_can.o
    0x080012a8   0x080012a8   0x00000002   Code   RO         2016    i.HAL_CAN_TxMailbox0AbortCallback  stm32f4xx_hal_can.o
    0x080012aa   0x080012aa   0x00000002   Code   RO         2017    i.HAL_CAN_TxMailbox0CompleteCallback  stm32f4xx_hal_can.o
    0x080012ac   0x080012ac   0x00000002   Code   RO         2018    i.HAL_CAN_TxMailbox1AbortCallback  stm32f4xx_hal_can.o
    0x080012ae   0x080012ae   0x00000002   Code   RO         2019    i.HAL_CAN_TxMailbox1CompleteCallback  stm32f4xx_hal_can.o
    0x080012b0   0x080012b0   0x00000002   Code   RO         2020    i.HAL_CAN_TxMailbox2AbortCallback  stm32f4xx_hal_can.o
    0x080012b2   0x080012b2   0x00000002   Code   RO         2021    i.HAL_CAN_TxMailbox2CompleteCallback  stm32f4xx_hal_can.o
    0x080012b4   0x080012b4   0x00000002   Code   RO         2023    i.HAL_CAN_WakeUpFromRxMsgCallback  stm32f4xx_hal_can.o
    0x080012b6   0x080012b6   0x00000024   Code   RO         4127    i.HAL_DMA_Abort_IT  stm32f4xx_hal_dma.o
    0x080012da   0x080012da   0x00000002   PAD
    0x080012dc   0x080012dc   0x000001a0   Code   RO         4131    i.HAL_DMA_IRQHandler  stm32f4xx_hal_dma.o
    0x0800147c   0x0800147c   0x000000d4   Code   RO         4132    i.HAL_DMA_Init      stm32f4xx_hal_dma.o
    0x08001550   0x08001550   0x00000046   Code   RO         4135    i.HAL_DMA_Start     stm32f4xx_hal_dma.o
    0x08001596   0x08001596   0x00000002   PAD
    0x08001598   0x08001598   0x00000024   Code   RO         4545    i.HAL_Delay         stm32f4xx_hal.o
    0x080015bc   0x080015bc   0x000001b0   Code   RO         4019    i.HAL_GPIO_Init     stm32f4xx_hal_gpio.o
    0x0800176c   0x0800176c   0x0000000a   Code   RO         4021    i.HAL_GPIO_ReadPin  stm32f4xx_hal_gpio.o
    0x08001776   0x08001776   0x0000000a   Code   RO         4023    i.HAL_GPIO_WritePin  stm32f4xx_hal_gpio.o
    0x08001780   0x08001780   0x0000000c   Code   RO         4551    i.HAL_GetTick       stm32f4xx_hal.o
    0x0800178c   0x0800178c   0x00000010   Code   RO         4555    i.HAL_IncTick       stm32f4xx_hal.o
    0x0800179c   0x0800179c   0x00000034   Code   RO         4556    i.HAL_Init          stm32f4xx_hal.o
    0x080017d0   0x080017d0   0x00000040   Code   RO         4557    i.HAL_InitTick      stm32f4xx_hal.o
    0x08001810   0x08001810   0x00000084   Code   RO         1964    i.HAL_MspInit       stm32f4xx_hal_msp.o
    0x08001894   0x08001894   0x00000016   Code   RO         4408    i.HAL_NVIC_EnableIRQ  stm32f4xx_hal_cortex.o
    0x080018aa   0x080018aa   0x00000002   PAD
    0x080018ac   0x080018ac   0x00000040   Code   RO         4414    i.HAL_NVIC_SetPriority  stm32f4xx_hal_cortex.o
    0x080018ec   0x080018ec   0x00000024   Code   RO         4415    i.HAL_NVIC_SetPriorityGrouping  stm32f4xx_hal_cortex.o
    0x08001910   0x08001910   0x00000130   Code   RO         3665    i.HAL_RCC_ClockConfig  stm32f4xx_hal_rcc.o
    0x08001a40   0x08001a40   0x0000000c   Code   RO         3670    i.HAL_RCC_GetHCLKFreq  stm32f4xx_hal_rcc.o
    0x08001a4c   0x08001a4c   0x00000020   Code   RO         3672    i.HAL_RCC_GetPCLK1Freq  stm32f4xx_hal_rcc.o
    0x08001a6c   0x08001a6c   0x00000020   Code   RO         3673    i.HAL_RCC_GetPCLK2Freq  stm32f4xx_hal_rcc.o
    0x08001a8c   0x08001a8c   0x00000060   Code   RO         3674    i.HAL_RCC_GetSysClockFreq  stm32f4xx_hal_rcc.o
    0x08001aec   0x08001aec   0x0000031c   Code   RO         3677    i.HAL_RCC_OscConfig  stm32f4xx_hal_rcc.o
    0x08001e08   0x08001e08   0x00000018   Code   RO         4417    i.HAL_SYSTICK_CLKSourceConfig  stm32f4xx_hal_cortex.o
    0x08001e20   0x08001e20   0x00000028   Code   RO         4419    i.HAL_SYSTICK_Config  stm32f4xx_hal_cortex.o
    0x08001e48   0x08001e48   0x00000036   Code   RO         2470    i.HAL_TIM_Base_Init  stm32f4xx_hal_tim.o
    0x08001e7e   0x08001e7e   0x00000002   PAD
    0x08001e80   0x08001e80   0x00000028   Code   RO         1781    i.HAL_TIM_Base_MspInit  tim.o
    0x08001ea8   0x08001ea8   0x00000034   Code   RO         1782    i.HAL_TIM_MspPostInit  tim.o
    0x08001edc   0x08001edc   0x000000d0   Code   RO         2536    i.HAL_TIM_PWM_ConfigChannel  stm32f4xx_hal_tim.o
    0x08001fac   0x08001fac   0x00000036   Code   RO         2539    i.HAL_TIM_PWM_Init  stm32f4xx_hal_tim.o
    0x08001fe2   0x08001fe2   0x00000002   Code   RO         2541    i.HAL_TIM_PWM_MspInit  stm32f4xx_hal_tim.o
    0x08001fe4   0x08001fe4   0x00000002   Code   RO         3359    i.HAL_UART_ErrorCallback  stm32f4xx_hal_uart.o
    0x08001fe6   0x08001fe6   0x00000002   PAD
    0x08001fe8   0x08001fe8   0x00000110   Code   RO         3362    i.HAL_UART_IRQHandler  stm32f4xx_hal_uart.o
    0x080020f8   0x080020f8   0x00000062   Code   RO         3363    i.HAL_UART_Init     stm32f4xx_hal_uart.o
    0x0800215a   0x0800215a   0x00000002   PAD
    0x0800215c   0x0800215c   0x000000e4   Code   RO         1829    i.HAL_UART_MspInit  usart.o
    0x08002240   0x08002240   0x00000002   Code   RO         3369    i.HAL_UART_RxCpltCallback  stm32f4xx_hal_uart.o
    0x08002242   0x08002242   0x00000002   Code   RO         3374    i.HAL_UART_TxCpltCallback  stm32f4xx_hal_uart.o
    0x08002244   0x08002244   0x00000002   Code   RO         1876    i.HardFault_Handler  stm32f4xx_it.o
    0x08002246   0x08002246   0x00000002   PAD
    0x08002248   0x08002248   0x00000040   Code   RO           13    i.IIC_Ack           myiic.o
    0x08002288   0x08002288   0x00000048   Code   RO           14    i.IIC_Init          myiic.o
    0x080022d0   0x080022d0   0x00000040   Code   RO           15    i.IIC_NAck          myiic.o
    0x08002310   0x08002310   0x00000060   Code   RO           16    i.IIC_Read_Byte     myiic.o
    0x08002370   0x08002370   0x00000058   Code   RO           17    i.IIC_Send_Byte     myiic.o
    0x080023c8   0x080023c8   0x00000040   Code   RO           18    i.IIC_Start         myiic.o
    0x08002408   0x08002408   0x00000044   Code   RO           19    i.IIC_Stop          myiic.o
    0x0800244c   0x0800244c   0x00000054   Code   RO           20    i.IIC_Wait_Ack      myiic.o
    0x080024a0   0x080024a0   0x00000032   Code   RO          304    i.MPU_Get_Accelerometer  mpu6050.o
    0x080024d2   0x080024d2   0x00000032   Code   RO          305    i.MPU_Get_Gyroscope  mpu6050.o
    0x08002504   0x08002504   0x00000064   Code   RO          306    i.MPU_Get_Temperature  mpu6050.o
    0x08002568   0x08002568   0x00000076   Code   RO          307    i.MPU_Init          mpu6050.o
    0x080025de   0x080025de   0x0000003a   Code   RO          308    i.MPU_Read_Byte     mpu6050.o
    0x08002618   0x08002618   0x0000006c   Code   RO          309    i.MPU_Read_Len      mpu6050.o
    0x08002684   0x08002684   0x0000000a   Code   RO          310    i.MPU_Set_Accel_Fsr  mpu6050.o
    0x0800268e   0x0800268e   0x0000000a   Code   RO          311    i.MPU_Set_Gyro_Fsr  mpu6050.o
    0x08002698   0x08002698   0x00000030   Code   RO          312    i.MPU_Set_LPF       mpu6050.o
    0x080026c8   0x080026c8   0x0000002e   Code   RO          313    i.MPU_Set_Rate      mpu6050.o
    0x080026f6   0x080026f6   0x0000003c   Code   RO          314    i.MPU_Write_Byte    mpu6050.o
    0x08002732   0x08002732   0x00000052   Code   RO          315    i.MPU_Write_Len     mpu6050.o
    0x08002784   0x08002784   0x0000005c   Code   RO         1607    i.MX_CAN2_Init      can.o
    0x080027e0   0x080027e0   0x0000003c   Code   RO         1647    i.MX_DMA_Init       dma.o
    0x0800281c   0x0800281c   0x00000054   Code   RO         1671    i.MX_FREERTOS_Init  freertos.o
    0x08002870   0x08002870   0x00000130   Code   RO         1581    i.MX_GPIO_Init      gpio.o
    0x080029a0   0x080029a0   0x00000074   Code   RO         1783    i.MX_TIM13_Init     tim.o
    0x08002a14   0x08002a14   0x0000004c   Code   RO         1830    i.MX_USART1_UART_Init  usart.o
    0x08002a60   0x08002a60   0x00000002   Code   RO         1877    i.MemManage_Handler  stm32f4xx_it.o
    0x08002a62   0x08002a62   0x00000002   Code   RO         1878    i.NMI_Handler       stm32f4xx_it.o
    0x08002a64   0x08002a64   0x00000020   Code   RO         4421    i.NVIC_SetPriority  stm32f4xx_hal_cortex.o
    0x08002a84   0x08002a84   0x00000044   Code   RO         5819    i.PID_struct_init   pid.o
    0x08002ac8   0x08002ac8   0x00000016   Code   RO         1672    i.StartDefaultTask  freertos.o
    0x08002ade   0x08002ade   0x0000000e   Code   RO         1879    i.SysTick_Handler   stm32f4xx_it.o
    0x08002aec   0x08002aec   0x0000009c   Code   RO         1522    i.SystemClock_Config  main.o
    0x08002b88   0x08002b88   0x00000054   Code   RO         4710    i.SystemInit        system_stm32f4xx.o
    0x08002bdc   0x08002bdc   0x000000c0   Code   RO         2554    i.TIM_Base_SetConfig  stm32f4xx_hal_tim.o
    0x08002c9c   0x08002c9c   0x00000058   Code   RO         2563    i.TIM_OC1_SetConfig  stm32f4xx_hal_tim.o
    0x08002cf4   0x08002cf4   0x00000064   Code   RO         2564    i.TIM_OC2_SetConfig  stm32f4xx_hal_tim.o
    0x08002d58   0x08002d58   0x00000060   Code   RO         2565    i.TIM_OC3_SetConfig  stm32f4xx_hal_tim.o
    0x08002db8   0x08002db8   0x00000050   Code   RO         2566    i.TIM_OC4_SetConfig  stm32f4xx_hal_tim.o
    0x08002e08   0x08002e08   0x00000010   Code   RO         3376    i.UART_DMAAbortOnError  stm32f4xx_hal_uart.o
    0x08002e18   0x08002e18   0x0000001c   Code   RO         3386    i.UART_EndRxTransfer  stm32f4xx_hal_uart.o
    0x08002e34   0x08002e34   0x0000008c   Code   RO         3388    i.UART_Receive_IT   stm32f4xx_hal_uart.o
    0x08002ec0   0x08002ec0   0x000002ac   Code   RO         3389    i.UART_SetConfig    stm32f4xx_hal_uart.o
    0x0800316c   0x0800316c   0x00000062   Code   RO         3390    i.UART_Transmit_IT  stm32f4xx_hal_uart.o
    0x080031ce   0x080031ce   0x00000002   PAD
    0x080031d0   0x080031d0   0x00000018   Code   RO         1880    i.USART1_IRQHandler  stm32f4xx_it.o
    0x080031e8   0x080031e8   0x00000002   Code   RO         1881    i.UsageFault_Handler  stm32f4xx_it.o
    0x080031ea   0x080031ea   0x00000002   Code   RO         1523    i._Error_Handler    main.o
    0x080031ec   0x080031ec   0x00000020   Code   RO         6151    i.__0printf         mc_w.l(printfa.o)
    0x0800320c   0x0800320c   0x00000030   Code   RO         6233    i.__ARM_fpclassify  m_wm.l(fpclassify.o)
    0x0800323c   0x0800323c   0x00000004   PAD
    0x08003240   0x08003240   0x00000360   Code   RO         5877    i.__hardfp_asin     m_wm.l(asin.o)
    0x080035a0   0x080035a0   0x000002d8   Code   RO         6199    i.__hardfp_atan     m_wm.l(atan.o)
    0x08003878   0x08003878   0x000001f0   Code   RO         5891    i.__hardfp_atan2    m_wm.l(atan2.o)
    0x08003a68   0x08003a68   0x000000f8   Code   RO         6235    i.__kernel_poly     m_wm.l(poly.o)
    0x08003b60   0x08003b60   0x00000014   Code   RO         6214    i.__mathlib_dbl_infnan  m_wm.l(dunder.o)
    0x08003b74   0x08003b74   0x00000014   Code   RO         6215    i.__mathlib_dbl_infnan2  m_wm.l(dunder.o)
    0x08003b88   0x08003b88   0x00000020   Code   RO         6216    i.__mathlib_dbl_invalid  m_wm.l(dunder.o)
    0x08003ba8   0x08003ba8   0x00000020   Code   RO         6219    i.__mathlib_dbl_underflow  m_wm.l(dunder.o)
    0x08003bc8   0x08003bc8   0x0000000e   Code   RO         6301    i.__scatterload_copy  mc_w.l(handlers.o)
    0x08003bd6   0x08003bd6   0x00000002   Code   RO         6302    i.__scatterload_null  mc_w.l(handlers.o)
    0x08003bd8   0x08003bd8   0x0000000e   Code   RO         6303    i.__scatterload_zeroinit  mc_w.l(handlers.o)
    0x08003be6   0x08003be6   0x00000002   PAD
    0x08003be8   0x08003be8   0x0000000c   Code   RO         6277    i.__set_errno       mc_w.l(errno.o)
    0x08003bf4   0x08003bf4   0x00000184   Code   RO         6158    i._fp_digits        mc_w.l(printfa.o)
    0x08003d78   0x08003d78   0x000006dc   Code   RO         6159    i._printf_core      mc_w.l(printfa.o)
    0x08004454   0x08004454   0x00000024   Code   RO         6160    i._printf_post_padding  mc_w.l(printfa.o)
    0x08004478   0x08004478   0x0000002e   Code   RO         6161    i._printf_pre_padding  mc_w.l(printfa.o)
    0x080044a6   0x080044a6   0x0000002a   Code   RO         5820    i.abs_limit         pid.o
    0x080044d0   0x080044d0   0x00000090   Code   RO          393    i.accel_self_test   inv_mpu.o
    0x08004560   0x08004560   0x00000010   Code   RO         6201    i.atan              m_wm.l(atan.o)
    0x08004570   0x08004570   0x0000007c   Code   RO          967    i.can_filter_init   bsp_can.o
    0x080045ec   0x080045ec   0x000000ac   Code   RO         1421    i.chassis_pid_init  ctrl_task.o
    0x08004698   0x08004698   0x00000048   Code   RO         1362    i.dbus_uart_init    bsp_uart.o
    0x080046e0   0x080046e0   0x00000004   Code   RO           21    i.delay_ms          myiic.o
    0x080046e4   0x080046e4   0x00000024   Code   RO           22    i.delay_us          myiic.o
    0x08004708   0x08004708   0x0000003a   Code   RO          755    i.dmp_enable_6x_lp_quat  inv_mpu_dmp_motion_driver.o
    0x08004742   0x08004742   0x00000002   PAD
    0x08004744   0x08004744   0x000001d8   Code   RO          756    i.dmp_enable_feature  inv_mpu_dmp_motion_driver.o
    0x0800491c   0x0800491c   0x0000003c   Code   RO          757    i.dmp_enable_gyro_cal  inv_mpu_dmp_motion_driver.o
    0x08004958   0x08004958   0x0000003a   Code   RO          758    i.dmp_enable_lp_quat  inv_mpu_dmp_motion_driver.o
    0x08004992   0x08004992   0x00000002   PAD
    0x08004994   0x08004994   0x00000014   Code   RO          763    i.dmp_load_motion_driver_firmware  inv_mpu_dmp_motion_driver.o
    0x080049a8   0x080049a8   0x00000148   Code   RO          764    i.dmp_read_fifo     inv_mpu_dmp_motion_driver.o
    0x08004af0   0x08004af0   0x00000064   Code   RO          768    i.dmp_set_fifo_rate  inv_mpu_dmp_motion_driver.o
    0x08004b54   0x08004b54   0x000000cc   Code   RO          769    i.dmp_set_gyro_bias  inv_mpu_dmp_motion_driver.o
    0x08004c20   0x08004c20   0x0000010c   Code   RO          771    i.dmp_set_orientation  inv_mpu_dmp_motion_driver.o
    0x08004d2c   0x08004d2c   0x00000030   Code   RO          774    i.dmp_set_shake_reject_thresh  inv_mpu_dmp_motion_driver.o
    0x08004d5c   0x08004d5c   0x00000020   Code   RO          775    i.dmp_set_shake_reject_time  inv_mpu_dmp_motion_driver.o
    0x08004d7c   0x08004d7c   0x00000020   Code   RO          776    i.dmp_set_shake_reject_timeout  inv_mpu_dmp_motion_driver.o
    0x08004d9c   0x08004d9c   0x00000040   Code   RO          777    i.dmp_set_tap_axes  inv_mpu_dmp_motion_driver.o
    0x08004ddc   0x08004ddc   0x00000022   Code   RO          778    i.dmp_set_tap_count  inv_mpu_dmp_motion_driver.o
    0x08004dfe   0x08004dfe   0x00000002   PAD
    0x08004e00   0x08004e00   0x00000160   Code   RO          779    i.dmp_set_tap_thresh  inv_mpu_dmp_motion_driver.o
    0x08004f60   0x08004f60   0x00000020   Code   RO          780    i.dmp_set_tap_time  inv_mpu_dmp_motion_driver.o
    0x08004f80   0x08004f80   0x00000020   Code   RO          781    i.dmp_set_tap_time_multi  inv_mpu_dmp_motion_driver.o
    0x08004fa0   0x08004fa0   0x00000064   Code   RO          968    i.encoder_data_handler  bsp_can.o
    0x08005004   0x08005004   0x00000018   Code   RO         6229    i.fabs              m_wm.l(fabs.o)
    0x0800501c   0x0800501c   0x00000012   Code   RO         6264    i.fputc             mc_w.l(fputc.o)
    0x0800502e   0x0800502e   0x00000002   PAD
    0x08005030   0x08005030   0x000000b4   Code   RO          394    i.get_accel_prod_shift  inv_mpu.o
    0x080050e4   0x080050e4   0x0000000a   Code   RO          969    i.get_moto_offset   bsp_can.o
    0x080050ee   0x080050ee   0x00000002   PAD
    0x080050f0   0x080050f0   0x00000314   Code   RO          395    i.get_st_biases     inv_mpu.o
    0x08005404   0x08005404   0x000000d4   Code   RO          396    i.gyro_self_test    inv_mpu.o
    0x080054d8   0x080054d8   0x0000000c   Code   RO         5444    i.inHandlerMode     cmsis_os.o
    0x080054e4   0x080054e4   0x00000022   Code   RO          397    i.inv_orientation_matrix_to_scalar  inv_mpu.o
    0x08005506   0x08005506   0x00000048   Code   RO          398    i.inv_row_2_scale   inv_mpu.o
    0x0800554e   0x0800554e   0x00000002   PAD
    0x08005550   0x08005550   0x000000cc   Code   RO         1423    i.key_scan          ctrl_task.o
    0x0800561c   0x0800561c   0x00000020   Code   RO         1424    i.led_all_off       ctrl_task.o
    0x0800563c   0x0800563c   0x0000009c   Code   RO         1425    i.led_blink         ctrl_task.o
    0x080056d8   0x080056d8   0x00000034   Code   RO         1524    i.main              main.o
    0x0800570c   0x0800570c   0x0000000c   Code   RO         5446    i.makeFreeRtosPriority  cmsis_os.o
    0x08005718   0x08005718   0x00000002   Code   RO          399    i.mget_ms           inv_mpu.o
    0x0800571a   0x0800571a   0x00000002   PAD
    0x0800571c   0x0800571c   0x00000054   Code   RO          400    i.mpu_configure_fifo  inv_mpu.o
    0x08005770   0x08005770   0x00000164   Code   RO          401    i.mpu_dmp_get_data  inv_mpu.o
    0x080058d4   0x080058d4   0x000000a4   Code   RO          402    i.mpu_dmp_init      inv_mpu.o
    0x08005978   0x08005978   0x0000003c   Code   RO          403    i.mpu_get_accel_fsr  inv_mpu.o
    0x080059b4   0x080059b4   0x00000034   Code   RO          411    i.mpu_get_gyro_fsr  inv_mpu.o
    0x080059e8   0x080059e8   0x0000004c   Code   RO          413    i.mpu_get_gyro_sens  inv_mpu.o
    0x08005a34   0x08005a34   0x00000038   Code   RO          415    i.mpu_get_lpf       inv_mpu.o
    0x08005a6c   0x08005a6c   0x0000001c   Code   RO          417    i.mpu_get_sample_rate  inv_mpu.o
    0x08005a88   0x08005a88   0x00000188   Code   RO          419    i.mpu_init          inv_mpu.o
    0x08005c10   0x08005c10   0x000000a0   Code   RO          420    i.mpu_load_firmware  inv_mpu.o
    0x08005cb0   0x08005cb0   0x000000b8   Code   RO          421    i.mpu_lp_accel_mode  inv_mpu.o
    0x08005d68   0x08005d68   0x00000090   Code   RO          424    i.mpu_read_fifo_stream  inv_mpu.o
    0x08005df8   0x08005df8   0x00000054   Code   RO          425    i.mpu_read_mem      inv_mpu.o
    0x08005e4c   0x08005e4c   0x00000160   Code   RO          428    i.mpu_reset_fifo    inv_mpu.o
    0x08005fac   0x08005fac   0x000000f0   Code   RO          429    i.mpu_run_self_test  inv_mpu.o
    0x0800609c   0x0800609c   0x00000068   Code   RO          431    i.mpu_set_accel_fsr  inv_mpu.o
    0x08006104   0x08006104   0x000000dc   Code   RO          432    i.mpu_set_bypass    inv_mpu.o
    0x080061e0   0x080061e0   0x00000078   Code   RO          434    i.mpu_set_dmp_state  inv_mpu.o
    0x08006258   0x08006258   0x0000006c   Code   RO          435    i.mpu_set_gyro_fsr  inv_mpu.o
    0x080062c4   0x080062c4   0x00000064   Code   RO          436    i.mpu_set_int_latched  inv_mpu.o
    0x08006328   0x08006328   0x0000006c   Code   RO          438    i.mpu_set_lpf       inv_mpu.o
    0x08006394   0x08006394   0x00000080   Code   RO          439    i.mpu_set_sample_rate  inv_mpu.o
    0x08006414   0x08006414   0x000000b8   Code   RO          440    i.mpu_set_sensors   inv_mpu.o
    0x080064cc   0x080064cc   0x00000054   Code   RO          441    i.mpu_write_mem     inv_mpu.o
    0x08006520   0x08006520   0x0000000e   Code   RO         5448    i.osDelay           cmsis_os.o
    0x0800652e   0x0800652e   0x00000004   Code   RO         5449    i.osDelayUntil      cmsis_os.o
    0x08006532   0x08006532   0x0000000a   Code   RO         5451    i.osKernelStart     cmsis_os.o
    0x0800653c   0x0800653c   0x00000018   Code   RO         5452    i.osKernelSysTick   cmsis_os.o
    0x08006554   0x08006554   0x00000014   Code   RO         5484    i.osSystickHandler  cmsis_os.o
    0x08006568   0x08006568   0x0000002e   Code   RO         5485    i.osThreadCreate    cmsis_os.o
    0x08006596   0x08006596   0x00000002   PAD
    0x08006598   0x08006598   0x0000014c   Code   RO         5821    i.pid_calc          pid.o
    0x080066e4   0x080066e4   0x0000000e   Code   RO         5822    i.pid_param_init    pid.o
    0x080066f2   0x080066f2   0x00000002   PAD
    0x080066f4   0x080066f4   0x00000020   Code   RO         5823    i.pid_reset         pid.o
    0x08006714   0x08006714   0x00000070   Code   RO         5157    i.prvAddCurrentTaskToDelayedList  tasks.o
    0x08006784   0x08006784   0x000000d0   Code   RO         5158    i.prvAddNewTaskToReadyList  tasks.o
    0x08006854   0x08006854   0x00000050   Code   RO         5159    i.prvCheckTasksWaitingTermination  tasks.o
    0x080068a4   0x080068a4   0x00000014   Code   RO         5160    i.prvDeleteTCB      tasks.o
    0x080068b8   0x080068b8   0x0000004c   Code   RO         4744    i.prvHeapInit       heap_4.o
    0x08006904   0x08006904   0x00000028   Code   RO         5161    i.prvIdleTask       tasks.o
    0x0800692c   0x0800692c   0x0000008e   Code   RO         5162    i.prvInitialiseNewTask  tasks.o
    0x080069ba   0x080069ba   0x00000002   PAD
    0x080069bc   0x080069bc   0x0000004c   Code   RO         4745    i.prvInsertBlockIntoFreeList  heap_4.o
    0x08006a08   0x08006a08   0x00000020   Code   RO         5163    i.prvResetNextTaskUnblockTime  tasks.o
    0x08006a28   0x08006a28   0x00000028   Code   RO         4815    i.prvTaskExitError  port.o
    0x08006a50   0x08006a50   0x000000d8   Code   RO         4746    i.pvPortMalloc      heap_4.o
    0x08006b28   0x08006b28   0x0000002c   Code   RO         4816    i.pxPortInitialiseStack  port.o
    0x08006b54   0x08006b54   0x00000038   Code   RO         1329    i.ramp_calc         ramp.o
    0x08006b8c   0x08006b8c   0x00000008   Code   RO         1330    i.ramp_init         ramp.o
    0x08006b94   0x08006b94   0x0000008c   Code   RO         1364    i.rc_callback_handler  bsp_uart.o
    0x08006c20   0x08006c20   0x00000066   Code   RO          442    i.run_self_test     inv_mpu.o
    0x08006c86   0x08006c86   0x00000002   PAD
    0x08006c88   0x08006c88   0x0000008c   Code   RO          970    i.send_chassis_cur  bsp_can.o
    0x08006d14   0x08006d14   0x00000058   Code   RO          443    i.set_int_enable    inv_mpu.o
    0x08006d6c   0x08006d6c   0x0000006e   Code   RO         6240    i.sqrt              m_wm.l(sqrt.o)
    0x08006dda   0x08006dda   0x00000002   PAD
    0x08006ddc   0x08006ddc   0x000001b0   Code   RO         1427    i.start_get_imu_task  ctrl_task.o
    0x08006f8c   0x08006f8c   0x000000d4   Code   RO         1428    i.start_key_scan_task  ctrl_task.o
    0x08007060   0x08007060   0x00000060   Code   RO         1365    i.uart_receive_handler  bsp_uart.o
    0x080070c0   0x080070c0   0x00000024   Code   RO         4980    i.uxListRemove      list.o
    0x080070e4   0x080070e4   0x00000016   Code   RO         4981    i.vListInitialise   list.o
    0x080070fa   0x080070fa   0x00000006   Code   RO         4982    i.vListInitialiseItem  list.o
    0x08007100   0x08007100   0x00000030   Code   RO         4983    i.vListInsert       list.o
    0x08007130   0x08007130   0x00000018   Code   RO         4984    i.vListInsertEnd    list.o
    0x08007148   0x08007148   0x00000040   Code   RO         4818    i.vPortEnterCritical  port.o
    0x08007188   0x08007188   0x00000028   Code   RO         4819    i.vPortExitCritical  port.o
    0x080071b0   0x080071b0   0x0000005c   Code   RO         4747    i.vPortFree         heap_4.o
    0x0800720c   0x0800720c   0x00000020   Code   RO         4820    i.vPortSetupTimerInterrupt  port.o
    0x0800722c   0x0800722c   0x00000054   Code   RO         4821    i.vPortValidateInterruptPriority  port.o
    0x08007280   0x08007280   0x0000004c   Code   RO         5171    i.vTaskDelay        tasks.o
    0x080072cc   0x080072cc   0x00000068   Code   RO         5182    i.vTaskStartScheduler  tasks.o
    0x08007334   0x08007334   0x00000010   Code   RO         5184    i.vTaskSuspendAll   tasks.o
    0x08007344   0x08007344   0x0000005c   Code   RO         5185    i.vTaskSwitchContext  tasks.o
    0x080073a0   0x080073a0   0x000000e0   Code   RO         4822    i.xPortStartScheduler  port.o
    0x08007480   0x08007480   0x0000002c   Code   RO         4823    i.xPortSysTickHandler  port.o
    0x080074ac   0x080074ac   0x00000056   Code   RO         5187    i.xTaskCreate       tasks.o
    0x08007502   0x08007502   0x00000002   PAD
    0x08007504   0x08007504   0x0000001c   Code   RO         5191    i.xTaskGetSchedulerState  tasks.o
    0x08007520   0x08007520   0x0000000c   Code   RO         5192    i.xTaskGetTickCount  tasks.o
    0x0800752c   0x0800752c   0x00000010   Code   RO         5193    i.xTaskGetTickCountFromISR  tasks.o
    0x0800753c   0x0800753c   0x000000c8   Code   RO         5194    i.xTaskIncrementTick  tasks.o
    0x08007604   0x08007604   0x000000c4   Code   RO         5200    i.xTaskResumeAll    tasks.o
    0x080076c8   0x080076c8   0x0000001b   Data   RO          445    .constdata          inv_mpu.o
    0x080076e3   0x080076e3   0x00000001   PAD
    0x080076e4   0x080076e4   0x0000000c   Data   RO          446    .constdata          inv_mpu.o
    0x080076f0   0x080076f0   0x00000028   Data   RO          447    .constdata          inv_mpu.o
    0x08007718   0x08007718   0x00000bf6   Data   RO          783    .constdata          inv_mpu_dmp_motion_driver.o
    0x0800830e   0x0800830e   0x00000002   PAD
    0x08008310   0x08008310   0x0000003c   Data   RO         1673    .constdata          freertos.o
    0x0800834c   0x0800834c   0x00000008   Data   RO         4138    .constdata          stm32f4xx_hal_dma.o
    0x08008354   0x08008354   0x00000010   Data   RO         4711    .constdata          system_stm32f4xx.o
    0x08008364   0x08008364   0x00000008   Data   RO         4712    .constdata          system_stm32f4xx.o
    0x0800836c   0x0800836c   0x00000004   PAD
    0x08008370   0x08008370   0x00000050   Data   RO         5880    .constdata          m_wm.l(asin.o)
    0x080083c0   0x080083c0   0x00000098   Data   RO         6202    .constdata          m_wm.l(atan.o)
    0x08008458   0x08008458   0x00000008   Data   RO         6237    .constdata          m_wm.l(qnan.o)
    0x08008460   0x08008460   0x0000004d   Data   RO          448    .conststring        inv_mpu.o
    0x080084ad   0x080084ad   0x00000003   PAD
    0x080084b0   0x080084b0   0x00000029   Data   RO         1674    .conststring        freertos.o
    0x080084d9   0x080084d9   0x00000003   PAD
    0x080084dc   0x080084dc   0x00000020   Data   RO         6299    Region$$Table       anon$$obj.o


    Execution Region RW_IRAM1 (Exec base: 0x20000000, Load base: 0x080084fc, Size: 0x000062d8, Max: 0x00020000, ABSOLUTE)

    Exec Addr    Load Addr    Size         Type   Attr      Idx    E Section Name        Object

    0x20000000   0x080084fc   0x00000035   Data   RW          449    .data               inv_mpu.o
    0x20000035   0x08008531   0x00000009   Data   RW          972    .data               bsp_can.o
    0x2000003e   0x0800853a   0x00000002   PAD
    0x20000040   0x0800853c   0x0000002c   Data   RW         1433    .data               ctrl_task.o
    0x2000006c   0x08008568   0x0000000c   Data   RW         1676    .data               freertos.o
    0x20000078   0x08008574   0x0000000c   Data   RW         4563    .data               stm32f4xx_hal.o
    0x20000084   0x08008580   0x00000004   Data   RW         4713    .data               system_stm32f4xx.o
    0x20000088   0x08008584   0x00000018   Data   RW         4752    .data               heap_4.o
    0x200000a0   0x0800859c   0x0000000c   Data   RW         4824    .data               port.o
    0x200000ac   0x080085a8   0x0000003c   Data   RW         5203    .data               tasks.o
    0x200000e8   0x080085e4   0x00000004   Data   RW         6266    .data               mc_w.l(stdout.o)
    0x200000ec   0x080085e8   0x00000004   Data   RW         6278    .data               mc_w.l(errno.o)
    0x200000f0        -       0x00000010   Zero   RW          782    .bss                inv_mpu_dmp_motion_driver.o
    0x20000100        -       0x000000f0   Zero   RW          971    .bss                bsp_can.o
    0x200001f0        -       0x0000001c   Zero   RW         1366    .bss                bsp_uart.o
    0x2000020c        -       0x000000f8   Zero   RW         1431    .bss                ctrl_task.o
    0x20000304        -       0x00000028   Zero   RW         1608    .bss                can.o
    0x2000032c        -       0x0000003c   Zero   RW         1784    .bss                tim.o
    0x20000368        -       0x00000100   Zero   RW         1831    .bss                usart.o
    0x20000468        -       0x00003c00   Zero   RW         4751    .bss                heap_4.o
    0x20004068        -       0x000000f0   Zero   RW         5202    .bss                tasks.o
    0x20004158        -       0x00000130   Zero   RW         5828    .bss                pid.o
    0x20004288        -       0x0000004c   Zero   RW         5833    .bss                pid.o
    0x200042d4   0x080085ec   0x00000004   PAD
    0x200042d8        -       0x00002000   Zero   RW            1    STACK               startup_stm32f407xx.o



  Load Region LR$$.ARM.__AT_0x10000000 (Base: 0x10000000, Size: 0x00000000, Max: 0x0000f000, ABSOLUTE)

    Execution Region ER$$.ARM.__AT_0x10000000 (Exec base: 0x10000000, Load base: 0x10000000, Size: 0x0000f000, Max: 0x0000f000, ABSOLUTE, UNINIT)

    Exec Addr    Load Addr    Size         Type   Attr      Idx    E Section Name        Object

    0x10000000        -       0x0000f000   Zero   RW         1251    .ARM.__AT_0x10000000  malloc.o



  Load Region LR$$.ARM.__AT_0x1000F000 (Base: 0x1000f000, Size: 0x00000000, Max: 0x00000f00, ABSOLUTE)

    Execution Region ER$$.ARM.__AT_0x1000F000 (Exec base: 0x1000f000, Load base: 0x1000f000, Size: 0x00000f00, Max: 0x00000f00, ABSOLUTE, UNINIT)

    Exec Addr    Load Addr    Size         Type   Attr      Idx    E Section Name        Object

    0x1000f000        -       0x00000f00   Zero   RW         1252    .ARM.__AT_0x1000F000  malloc.o



  Load Region LR$$.ARM.__AT_0x68000000 (Base: 0x68000000, Size: 0x00000000, Max: 0x000c8000, ABSOLUTE)

    Execution Region ER$$.ARM.__AT_0x68000000 (Exec base: 0x68000000, Load base: 0x68000000, Size: 0x000c8000, Max: 0x000c8000, ABSOLUTE, UNINIT)

    Exec Addr    Load Addr    Size         Type   Attr      Idx    E Section Name        Object

    0x68000000        -       0x000c8000   Zero   RW         1253    .ARM.__AT_0x68000000  malloc.o



  Load Region LR$$.ARM.__AT_0x680C8000 (Base: 0x680c8000, Size: 0x00000000, Max: 0x0000c800, ABSOLUTE)

    Execution Region ER$$.ARM.__AT_0x680C8000 (Exec base: 0x680c8000, Load base: 0x680c8000, Size: 0x0000c800, Max: 0x0000c800, ABSOLUTE, UNINIT)

    Exec Addr    Load Addr    Size         Type   Attr      Idx    E Section Name        Object

    0x680c8000        -       0x0000c800   Zero   RW         1254    .ARM.__AT_0x680C8000  malloc.o


==============================================================================

Image component sizes


      Code (inc. data)   RO Data    RW Data    ZI Data      Debug   Object Name

       534         88          0          9        240       5398   bsp_can.o
       308         18          0          0         28       3355   bsp_uart.o
       216         38          0          0         40       1653   can.o
       142          0          0          0          0      16577   cmsis_os.o
      1208        118          0         44        248       7535   ctrl_task.o
        60          4          0          0          0        758   dma.o
         0          0          0          0          0       8044   event_groups.o
       106         10        101         12          0       2029   freertos.o
       304         28          0          0          0       1123   gpio.o
       460         24          0         24      15360       8819   heap_4.o
         0          0          0          0          0       1820   ili93xx.o
      5210        298        156         53          0      32049   inv_mpu.o
      2194        128       3062          0         16      19401   inv_mpu_dmp_motion_driver.o
       136          0          0          0          0       3542   list.o
       210         12          0          0          0       5745   main.o
         0          0          0          0     935680       2009   malloc.o
       740         22          0          0          0       8147   mpu6050.o
       640         80          0          0          0     715252   myiic.o
       488         20          0          0        380       5014   pid.o
       758         84          0         12          0      11869   port.o
        64          6          0          0          0       1868   ramp.o
        36          8        392          0       8192        832   startup_stm32f407xx.o
       180         28          0         12          0       4561   stm32f4xx_hal.o
      1706          6          0          0          0      14129   stm32f4xx_hal_can.o
       218         14          0          0          0      31029   stm32f4xx_hal_cortex.o
       898         16          8          0          0       6287   stm32f4xx_hal_dma.o
       452         44          0          0          0       3079   stm32f4xx_hal_gpio.o
       132          6          0          0          0        906   stm32f4xx_hal_msp.o
      1272         82          0          0          0       5616   stm32f4xx_hal_rcc.o
       874         80          0          0          0       7814   stm32f4xx_hal_tim.o
      1342         14          0          0          0       7415   stm32f4xx_hal_uart.o
        98         30          0          0          0       5574   stm32f4xx_it.o
        84         18         24          4          0       1155   system_stm32f4xx.o
      1460        132          0         60        240      17226   tasks.o
       208         46          0          0         60       2186   tim.o
       304         60          0          0        256       1856   usart.o

    ----------------------------------------------------------------------
     23088       1562       3788        232     960744     971672   Object Totals
         0          0         32          0          0          0   (incl. Generated)
        46          0         13          2          4          0   (incl. Padding)

    ----------------------------------------------------------------------

      Code (inc. data)   RO Data    RW Data    ZI Data      Debug   Library Member Name

       864         94         80          0          0        280   asin.o
       744        106        152          0          0        352   atan.o
       496         64          0          0          0        192   atan2.o
       104         16          0          0          0        496   dunder.o
        24          0          0          0          0        124   fabs.o
        48          0          0          0          0        124   fpclassify.o
       248          0          0          0          0        152   poly.o
         0          0          8          0          0          0   qnan.o
       110          0          0          0          0        148   sqrt.o
         0          0          0          0          0          0   entry.o
         0          0          0          0          0          0   entry10a.o
         0          0          0          0          0          0   entry11a.o
         8          4          0          0          0          0   entry2.o
         4          0          0          0          0          0   entry5.o
         0          0          0          0          0          0   entry7b.o
         0          0          0          0          0          0   entry8b.o
         8          4          0          0          0          0   entry9a.o
        12          6          0          4          0         68   errno.o
        18          0          0          0          0         80   fputc.o
        30          0          0          0          0          0   handlers.o
        36          8          0          0          0         68   init.o
         0          0          0          0          0          0   iusefp.o
         0          0          0          0          0          0   iusesemip.o
        98          0          0          0          0         84   ldiv.o
        30          0          0          0          0         68   llshl.o
        36          0          0          0          0         68   llsshr.o
        32          0          0          0          0         68   llushr.o
        26          0          0          0          0         80   memcmp.o
        36          0          0          0          0         68   memcpya.o
        36          0          0          0          0        108   memseta.o
      2258         90          0          0          0        452   printfa.o
         0          0          0          0          0          0   semi.o
         0          0          0          4          0          0   stdout.o
        44          0          0          0          0         80   uidiv.o
        98          0          0          0          0         92   uldiv.o
        48          0          0          0          0         68   cdrcmple.o
        56          0          0          0          0         88   d2f.o
       334          0          0          0          0        148   dadd.o
       222          0          0          0          0        100   ddiv.o
       186          0          0          0          0        176   depilogue.o
        48          0          0          0          0         68   dfixul.o
        34          0          0          0          0         76   dflti.o
       228          0          0          0          0         96   dmul.o
       162          0          0          0          0        100   dsqrt.o
        38          0          0          0          0         68   f2d.o
       110          0          0          0          0        168   fepilogue.o

    ----------------------------------------------------------------------
      6928        392        240          8          0       4408   Library Totals
        14          0          0          0          0          0   (incl. Padding)

    ----------------------------------------------------------------------

      Code (inc. data)   RO Data    RW Data    ZI Data      Debug   Library Name

      2638        280        240          0          0       1868   m_wm.l
      2810        112          0          8          0       1384   mc_w.l
      1466          0          0          0          0       1156   mf_w.l

    ----------------------------------------------------------------------
      6928        392        240          8          0       4408   Library Totals

    ----------------------------------------------------------------------

==============================================================================


      Code (inc. data)   RO Data    RW Data    ZI Data      Debug   

     30016       1954       4028        240     960744     952184   Grand Totals
     30016       1954       4028        240     960744     952184   ELF Image Totals
     30016       1954       4028        240          0          0   ROM Totals

==============================================================================

    Total RO  Size (Code + RO Data)                34044 (  33.25kB)
    Total RW  Size (RW Data + ZI Data)            960984 ( 938.46kB)
    Total ROM Size (Code + RO Data + RW Data)      34284 (  33.48kB)

==============================================================================

