Component: ARM Compiler 5.06 update 5 (build 528) Tool: armlink [4d35e2]

==============================================================================

Section Cross References

    startup_stm32f407xx.o(RESET) refers to startup_stm32f407xx.o(STACK) for __initial_sp
    startup_stm32f407xx.o(RESET) refers to startup_stm32f407xx.o(.text) for Reset_Handler
    startup_stm32f407xx.o(RESET) refers to stm32f4xx_it.o(i.NMI_Handler) for NMI_Handler
    startup_stm32f407xx.o(RESET) refers to stm32f4xx_it.o(i.HardFault_Handler) for HardFault_Handler
    startup_stm32f407xx.o(RESET) refers to stm32f4xx_it.o(i.MemManage_Handler) for MemManage_Handler
    startup_stm32f407xx.o(RESET) refers to stm32f4xx_it.o(i.BusFault_Handler) for BusFault_Handler
    startup_stm32f407xx.o(RESET) refers to stm32f4xx_it.o(i.UsageFault_Handler) for UsageFault_Handler
    startup_stm32f407xx.o(RESET) refers to port.o(.emb_text) for SVC_Handler
    startup_stm32f407xx.o(RESET) refers to stm32f4xx_it.o(i.DebugMon_Handler) for DebugMon_Handler
    startup_stm32f407xx.o(RESET) refers to stm32f4xx_it.o(i.SysTick_Handler) for SysTick_Handler
    startup_stm32f407xx.o(RESET) refers to stm32f4xx_it.o(i.DMA1_Stream1_IRQHandler) for DMA1_Stream1_IRQHandler
    startup_stm32f407xx.o(RESET) refers to stm32f4xx_it.o(i.DMA1_Stream3_IRQHandler) for DMA1_Stream3_IRQHandler
    startup_stm32f407xx.o(RESET) refers to stm32f4xx_it.o(i.DMA1_Stream5_IRQHandler) for DMA1_Stream5_IRQHandler
    startup_stm32f407xx.o(RESET) refers to stm32f4xx_it.o(i.DMA1_Stream6_IRQHandler) for DMA1_Stream6_IRQHandler
    startup_stm32f407xx.o(RESET) refers to stm32f4xx_it.o(i.TIM2_IRQHandler) for TIM2_IRQHandler
    startup_stm32f407xx.o(RESET) refers to stm32f4xx_it.o(i.TIM3_IRQHandler) for TIM3_IRQHandler
    startup_stm32f407xx.o(RESET) refers to stm32f4xx_it.o(i.TIM4_IRQHandler) for TIM4_IRQHandler
    startup_stm32f407xx.o(RESET) refers to stm32f4xx_it.o(i.USART1_IRQHandler) for USART1_IRQHandler
    startup_stm32f407xx.o(RESET) refers to stm32f4xx_it.o(i.USART2_IRQHandler) for USART2_IRQHandler
    startup_stm32f407xx.o(RESET) refers to stm32f4xx_it.o(i.USART3_IRQHandler) for USART3_IRQHandler
    startup_stm32f407xx.o(RESET) refers to stm32f4xx_it.o(i.DMA2_Stream1_IRQHandler) for DMA2_Stream1_IRQHandler
    startup_stm32f407xx.o(RESET) refers to stm32f4xx_it.o(i.DMA2_Stream2_IRQHandler) for DMA2_Stream2_IRQHandler
    startup_stm32f407xx.o(RESET) refers to stm32f4xx_it.o(i.CAN2_TX_IRQHandler) for CAN2_TX_IRQHandler
    startup_stm32f407xx.o(RESET) refers to stm32f4xx_it.o(i.CAN2_RX1_IRQHandler) for CAN2_RX1_IRQHandler
    startup_stm32f407xx.o(RESET) refers to stm32f4xx_it.o(i.DMA2_Stream6_IRQHandler) for DMA2_Stream6_IRQHandler
    startup_stm32f407xx.o(RESET) refers to stm32f4xx_it.o(i.DMA2_Stream7_IRQHandler) for DMA2_Stream7_IRQHandler
    startup_stm32f407xx.o(RESET) refers to stm32f4xx_it.o(i.USART6_IRQHandler) for USART6_IRQHandler
    startup_stm32f407xx.o(.text) refers to system_stm32f4xx.o(i.SystemInit) for SystemInit
    startup_stm32f407xx.o(.text) refers to entry.o(.ARM.Collect$$$$00000000) for __main
    myiic.o(i.IIC_Ack) refers to myiic.o(i.delay_us) for delay_us
    myiic.o(i.IIC_Init) refers to stm32f4xx_hal_gpio.o(i.HAL_GPIO_Init) for HAL_GPIO_Init
    myiic.o(i.IIC_Init) refers to stm32f4xx_hal_gpio.o(i.HAL_GPIO_WritePin) for HAL_GPIO_WritePin
    myiic.o(i.IIC_NAck) refers to myiic.o(i.delay_us) for delay_us
    myiic.o(i.IIC_Read_Byte) refers to myiic.o(i.delay_us) for delay_us
    myiic.o(i.IIC_Read_Byte) refers to myiic.o(i.IIC_Ack) for IIC_Ack
    myiic.o(i.IIC_Read_Byte) refers to myiic.o(i.IIC_NAck) for IIC_NAck
    myiic.o(i.IIC_Send_Byte) refers to myiic.o(i.delay_us) for delay_us
    myiic.o(i.IIC_Start) refers to myiic.o(i.delay_us) for delay_us
    myiic.o(i.IIC_Stop) refers to myiic.o(i.delay_us) for delay_us
    myiic.o(i.IIC_Wait_Ack) refers to myiic.o(i.delay_us) for delay_us
    myiic.o(i.IIC_Wait_Ack) refers to myiic.o(i.IIC_Stop) for IIC_Stop
    myiic.o(i.delay_ms) refers to stm32f4xx_hal.o(i.HAL_Delay) for HAL_Delay
    mpu6050.o(i.MPU_Get_Accelerometer) refers to mpu6050.o(i.MPU_Read_Len) for MPU_Read_Len
    mpu6050.o(i.MPU_Get_Gyroscope) refers to mpu6050.o(i.MPU_Read_Len) for MPU_Read_Len
    mpu6050.o(i.MPU_Get_Temperature) refers to mpu6050.o(i.MPU_Read_Len) for MPU_Read_Len
    mpu6050.o(i.MPU_Get_Temperature) refers to dflti.o(.text) for __aeabi_i2d
    mpu6050.o(i.MPU_Get_Temperature) refers to ddiv.o(.text) for __aeabi_ddiv
    mpu6050.o(i.MPU_Get_Temperature) refers to dadd.o(.text) for __aeabi_dadd
    mpu6050.o(i.MPU_Get_Temperature) refers to d2f.o(.text) for __aeabi_d2f
    mpu6050.o(i.MPU_Init) refers to myiic.o(i.IIC_Init) for IIC_Init
    mpu6050.o(i.MPU_Init) refers to mpu6050.o(i.MPU_Write_Byte) for MPU_Write_Byte
    mpu6050.o(i.MPU_Init) refers to myiic.o(i.delay_ms) for delay_ms
    mpu6050.o(i.MPU_Init) refers to mpu6050.o(i.MPU_Set_Gyro_Fsr) for MPU_Set_Gyro_Fsr
[...]
    OTG_HS_EP1_OUT_IRQHandler                0x08000273   Thumb Code     0  startup_stm32f407xx.o(.text)
    OTG_HS_IRQHandler                        0x08000273   Thumb Code     0  startup_stm32f407xx.o(.text)
    OTG_HS_WKUP_IRQHandler                   0x08000273   Thumb Code     0  startup_stm32f407xx.o(.text)
    PVD_IRQHandler                           0x08000273   Thumb Code     0  startup_stm32f407xx.o(.text)
    RCC_IRQHandler                           0x08000273   Thumb Code     0  startup_stm32f407xx.o(.text)
    RTC_Alarm_IRQHandler                     0x08000273   Thumb Code     0  startup_stm32f407xx.o(.text)
    RTC_WKUP_IRQHandler                      0x08000273   Thumb Code     0  startup_stm32f407xx.o(.text)
    SDIO_IRQHandler                          0x08000273   Thumb Code     0  startup_stm32f407xx.o(.text)
    SPI1_IRQHandler                          0x08000273   Thumb Code     0  startup_stm32f407xx.o(.text)
    SPI2_IRQHandler                          0x08000273   Thumb Code     0  startup_stm32f407xx.o(.text)
    SPI3_IRQHandler                          0x08000273   Thumb Code     0  startup_stm32f407xx.o(.text)
    TAMP_STAMP_IRQHandler                    0x08000273   Thumb Code     0  startup_stm32f407xx.o(.text)
    TIM1_BRK_TIM9_IRQHandler                 0x08000273   Thumb Code     0  startup_stm32f407xx.o(.text)
    TIM1_CC_IRQHandler                       0x08000273   Thumb Code     0  startup_stm32f407xx.o(.text)
    TIM1_TRG_COM_TIM11_IRQHandler            0x08000273   Thumb Code     0  startup_stm32f407xx.o(.text)
    TIM1_UP_TIM10_IRQHandler                 0x08000273   Thumb Code     0  startup_stm32f407xx.o(.text)
    TIM5_IRQHandler                          0x08000273   Thumb Code     0  startup_stm32f407xx.o(.text)
    TIM6_DAC_IRQHandler                      0x08000273   Thumb Code     0  startup_stm32f407xx.o(.text)
    TIM7_IRQHandler                          0x08000273   Thumb Code     0  startup_stm32f407xx.o(.text)
    TIM8_BRK_TIM12_IRQHandler                0x08000273   Thumb Code     0  startup_stm32f407xx.o(.text)
    TIM8_CC_IRQHandler                       0x08000273   Thumb Code     0  startup_stm32f407xx.o(.text)
    TIM8_TRG_COM_TIM14_IRQHandler            0x08000273   Thumb Code     0  startup_stm32f407xx.o(.text)
    TIM8_UP_TIM13_IRQHandler                 0x08000273   Thumb Code     0  startup_stm32f407xx.o(.text)
    UART4_IRQHandler                         0x08000273   Thumb Code     0  startup_stm32f407xx.o(.text)
    UART5_IRQHandler                         0x08000273   Thumb Code     0  startup_stm32f407xx.o(.text)
    WWDG_IRQHandler                          0x08000273   Thumb Code     0  startup_stm32f407xx.o(.text)
    __aeabi_uldivmod                         0x0800027d   Thumb Code    98  uldiv.o(.text)
    __aeabi_ldivmod                          0x080002df   Thumb Code    98  ldiv.o(.text)
    __aeabi_memcpy                           0x08000341   Thumb Code    36  memcpya.o(.text)
    __aeabi_memcpy4                          0x08000341   Thumb Code     0  memcpya.o(.text)
    __aeabi_memcpy8                          0x08000341   Thumb Code     0  memcpya.o(.text)
    __aeabi_memset                           0x08000365   Thumb Code    14  memseta.o(.text)
    __aeabi_memset4                          0x08000365   Thumb Code     0  memseta.o(.text)
    __aeabi_memset8                          0x08000365   Thumb Code     0  memseta.o(.text)
    __aeabi_memclr                           0x08000373   Thumb Code     4  memseta.o(.text)
    __aeabi_memclr4                          0x08000373   Thumb Code     0  memseta.o(.text)
    __aeabi_memclr8                          0x08000373   Thumb Code     0  memseta.o(.text)
    _memset$wrapper                          0x08000377   Thumb Code    18  memseta.o(.text)
    memcmp                                   0x08000389   Thumb Code    26  memcmp.o(.text)
    __aeabi_dadd                             0x080003a3   Thumb Code   322  dadd.o(.text)
    __aeabi_dsub                             0x080004e5   Thumb Code     6  dadd.o(.text)
    __aeabi_drsub                            0x080004eb   Thumb Code     6  dadd.o(.text)
    __aeabi_dmul                             0x080004f1   Thumb Code   228  dmul.o(.text)
    __aeabi_ddiv                             0x080005d5   Thumb Code   222  ddiv.o(.text)
    __aeabi_i2d                              0x080006b3   Thumb Code    34  dflti.o(.text)
    __aeabi_ui2d                             0x080006d5   Thumb Code    26  dfltui.o(.text)
    __aeabi_f2d                              0x080006ef   Thumb Code    38  f2d.o(.text)
    __aeabi_d2f                              0x08000715   Thumb Code    56  d2f.o(.text)
    __aeabi_uidiv                            0x0800074d   Thumb Code     0  uidiv.o(.text)
    __aeabi_uidivmod                         0x0800074d   Thumb Code    44  uidiv.o(.text)
    __aeabi_llsl                             0x08000779   Thumb Code    30  llshl.o(.text)
    _ll_shift_l                              0x08000779   Thumb Code     0  llshl.o(.text)
    __aeabi_llsr                             0x08000797   Thumb Code    32  llushr.o(.text)
    _ll_ushift_r                             0x08000797   Thumb Code     0  llushr.o(.text)
    __aeabi_lasr                             0x080007b7   Thumb Code    36  llsshr.o(.text)
    _ll_sshift_r                             0x080007b7   Thumb Code     0  llsshr.o(.text)
    __I$use$fp                               0x080007db   Thumb Code     0  iusefp.o(.text)
    _float_round                             0x080007db   Thumb Code    18  fepilogue.o(.text)
    _float_epilogue                          0x080007ed   Thumb Code    92  fepilogue.o(.text)
    _double_round                            0x08000849   Thumb Code    30  depilogue.o(.text)
    _double_epilogue                         0x08000867   Thumb Code   156  depilogue.o(.text)
    __aeabi_d2ulz                            0x08000903   Thumb Code    48  dfixul.o(.text)
    __aeabi_cdrcmple                         0x08000935   Thumb Code    48  cdrcmple.o(.text)
    __scatterload                            0x08000965   Thumb Code    28  init.o(.text)
    __scatterload_rt2                        0x08000965   Thumb Code     0  init.o(.text)
    __I$use$semihosting$fputc                0x08000989   Thumb Code     0  iusesemip.o(.text)
    __semihosting_library_function           0x08000989   Thumb Code     0  semi.o(.text)
    _dsqrt                                   0x08000989   Thumb Code   162  dsqrt.o(.text)
    __aeabi_d2iz                             0x08000a2b   Thumb Code    62  dfixi.o(.text)
    __decompress                             0x08000a69   Thumb Code     0  __dczerorl2.o(.text)
    __decompress1                            0x08000a69   Thumb Code    86  __dczerorl2.o(.text)
    BusFault_Handler                         0x08000abf   Thumb Code     2  stm32f4xx_it.o(i.BusFault_Handler)
    CAN2_RX1_IRQHandler                      0x08000ac1   Thumb Code     6  stm32f4xx_it.o(i.CAN2_RX1_IRQHandler)
    CAN2_TX_IRQHandler                       0x08000acd   Thumb Code     6  stm32f4xx_it.o(i.CAN2_TX_IRQHandler)
    DMA1_Stream1_IRQHandler                  0x08000ad9   Thumb Code     6  stm32f4xx_it.o(i.DMA1_Stream1_IRQHandler)
    DMA1_Stream3_IRQHandler                  0x08000ae5   Thumb Code     6  stm32f4xx_it.o(i.DMA1_Stream3_IRQHandler)
    DMA1_Stream5_IRQHandler                  0x08000af1   Thumb Code     6  stm32f4xx_it.o(i.DMA1_Stream5_IRQHandler)
    DMA1_Stream6_IRQHandler                  0x08000afd   Thumb Code     6  stm32f4xx_it.o(i.DMA1_Stream6_IRQHandler)
    DMA2_Stream1_IRQHandler                  0x08000b09   Thumb Code     6  stm32f4xx_it.o(i.DMA2_Stream1_IRQHandler)
    DMA2_Stream2_IRQHandler                  0x08000b15   Thumb Code     6  stm32f4xx_it.o(i.DMA2_Stream2_IRQHandler)
    DMA2_Stream6_IRQHandler                  0x08000b21   Thumb Code     6  stm32f4xx_it.o(i.DMA2_Stream6_IRQHandler)
    DMA2_Stream7_IRQHandler                  0x08000b2d   Thumb Code     6  stm32f4xx_it.o(i.DMA2_Stream7_IRQHandler)
    DebugMon_Handler                         0x08000bdd   Thumb Code     2  stm32f4xx_it.o(i.DebugMon_Handler)
    HAL_CAN_ActivateNotification             0x08000bdf   Thumb Code    40  stm32f4xx_hal_can.o(i.HAL_CAN_ActivateNotification)
    HAL_CAN_ConfigFilter                     0x08000c09   Thumb Code   262  stm32f4xx_hal_can.o(i.HAL_CAN_ConfigFilter)
    HAL_CAN_ErrorCallback                    0x08000d15   Thumb Code    12  bsp_can.o(i.HAL_CAN_ErrorCallback)
    HAL_CAN_GetRxMessage                     0x08000d21   Thumb Code   250  stm32f4xx_hal_can.o(i.HAL_CAN_GetRxMessage)
    HAL_CAN_IRQHandler                       0x08000e1b   Thumb Code   508  stm32f4xx_hal_can.o(i.HAL_CAN_IRQHandler)
    HAL_CAN_Init                             0x08001017   Thumb Code   282  stm32f4xx_hal_can.o(i.HAL_CAN_Init)
    HAL_CAN_MspInit                          0x08001131   Thumb Code   112  can.o(i.HAL_CAN_MspInit)
    HAL_CAN_RxFifo0FullCallback              0x080011ad   Thumb Code     2  stm32f4xx_hal_can.o(i.HAL_CAN_RxFifo0FullCallback)
    HAL_CAN_RxFifo0MsgPendingCallback        0x080011af   Thumb Code     2  stm32f4xx_hal_can.o(i.HAL_CAN_RxFifo0MsgPendingCallback)
    HAL_CAN_RxFifo1FullCallback              0x080011b1   Thumb Code     2  stm32f4xx_hal_can.o(i.HAL_CAN_RxFifo1FullCallback)
    HAL_CAN_RxFifo1MsgPendingCallback        0x080011b5   Thumb Code   128  bsp_can.o(i.HAL_CAN_RxFifo1MsgPendingCallback)
    HAL_CAN_SleepCallback                    0x08001255   Thumb Code     2  stm32f4xx_hal_can.o(i.HAL_CAN_SleepCallback)
    HAL_CAN_Start                            0x08001259   Thumb Code    88  stm32f4xx_hal_can.o(i.HAL_CAN_Start)
    HAL_CAN_TxMailbox0AbortCallback          0x080012b1   Thumb Code     2  stm32f4xx_hal_can.o(i.HAL_CAN_TxMailbox0AbortCallback)
    HAL_CAN_TxMailbox0CompleteCallback       0x080012b3   Thumb Code     2  stm32f4xx_hal_can.o(i.HAL_CAN_TxMailbox0CompleteCallback)
    HAL_CAN_TxMailbox1AbortCallback          0x080012b5   Thumb Code     2  stm32f4xx_hal_can.o(i.HAL_CAN_TxMailbox1AbortCallback)
    HAL_CAN_TxMailbox1CompleteCallback       0x080012b7   Thumb Code     2  stm32f4xx_hal_can.o(i.HAL_CAN_TxMailbox1CompleteCallback)
    HAL_CAN_TxMailbox2AbortCallback          0x080012b9   Thumb Code     2  stm32f4xx_hal_can.o(i.HAL_CAN_TxMailbox2AbortCallback)
    HAL_CAN_TxMailbox2CompleteCallback       0x080012bb   Thumb Code     2  stm32f4xx_hal_can.o(i.HAL_CAN_TxMailbox2CompleteCallback)
    HAL_CAN_WakeUpFromRxMsgCallback          0x080012bd   Thumb Code     2  stm32f4xx_hal_can.o(i.HAL_CAN_WakeUpFromRxMsgCallback)
    HAL_DMA_Abort                            0x080012bf   Thumb Code   142  stm32f4xx_hal_dma.o(i.HAL_DMA_Abort)
    HAL_DMA_Abort_IT                         0x0800134d   Thumb Code    36  stm32f4xx_hal_dma.o(i.HAL_DMA_Abort_IT)
    HAL_DMA_IRQHandler                       0x08001371   Thumb Code   412  stm32f4xx_hal_dma.o(i.HAL_DMA_IRQHandler)
    HAL_DMA_Init                             0x08001511   Thumb Code   206  stm32f4xx_hal_dma.o(i.HAL_DMA_Init)
    HAL_DMA_Start_IT                         0x080015e5   Thumb Code   120  stm32f4xx_hal_dma.o(i.HAL_DMA_Start_IT)
    HAL_Delay                                0x0800165d   Thumb Code    32  stm32f4xx_hal.o(i.HAL_Delay)
    HAL_GPIO_Init                            0x08001681   Thumb Code   388  stm32f4xx_hal_gpio.o(i.HAL_GPIO_Init)
    HAL_GPIO_WritePin                        0x08001831   Thumb Code    10  stm32f4xx_hal_gpio.o(i.HAL_GPIO_WritePin)
    HAL_GetTick                              0x0800183d   Thumb Code     6  stm32f4xx_hal.o(i.HAL_GetTick)
    HAL_IncTick                              0x08001849   Thumb Code    12  stm32f4xx_hal.o(i.HAL_IncTick)
    HAL_Init                                 0x08001859   Thumb Code    48  stm32f4xx_hal.o(i.HAL_Init)
    HAL_InitTick                             0x0800188d   Thumb Code    54  stm32f4xx_hal.o(i.HAL_InitTick)
    HAL_MspInit                              0x080018cd   Thumb Code   126  stm32f4xx_hal_msp.o(i.HAL_MspInit)
    HAL_NVIC_EnableIRQ                       0x08001951   Thumb Code    22  stm32f4xx_hal_cortex.o(i.HAL_NVIC_EnableIRQ)
    HAL_NVIC_SetPriority                     0x08001969   Thumb Code    60  stm32f4xx_hal_cortex.o(i.HAL_NVIC_SetPriority)
    HAL_NVIC_SetPriorityGrouping             0x080019a9   Thumb Code    26  stm32f4xx_hal_cortex.o(i.HAL_NVIC_SetPriorityGrouping)
    HAL_RCC_ClockConfig                      0x080019cd   Thumb Code   286  stm32f4xx_hal_rcc.o(i.HAL_RCC_ClockConfig)
    HAL_RCC_GetHCLKFreq                      0x08001afd   Thumb Code     6  stm32f4xx_hal_rcc.o(i.HAL_RCC_GetHCLKFreq)
    HAL_RCC_GetPCLK1Freq                     0x08001b09   Thumb Code    20  stm32f4xx_hal_rcc.o(i.HAL_RCC_GetPCLK1Freq)
    HAL_RCC_GetPCLK2Freq                     0x08001b29   Thumb Code    20  stm32f4xx_hal_rcc.o(i.HAL_RCC_GetPCLK2Freq)
    HAL_RCC_GetSysClockFreq                  0x08001b49   Thumb Code    88  stm32f4xx_hal_rcc.o(i.HAL_RCC_GetSysClockFreq)
    HAL_RCC_OscConfig                        0x08001ba9   Thumb Code   770  stm32f4xx_hal_rcc.o(i.HAL_RCC_OscConfig)
    HAL_SYSTICK_CLKSourceConfig              0x08001ec5   Thumb Code    24  stm32f4xx_hal_cortex.o(i.HAL_SYSTICK_CLKSourceConfig)
    HAL_SYSTICK_Config                       0x08001edd   Thumb Code    40  stm32f4xx_hal_cortex.o(i.HAL_SYSTICK_Config)
    HAL_TIMEx_BreakCallback                  0x08001f05   Thumb Code     2  stm32f4xx_hal_tim_ex.o(i.HAL_TIMEx_BreakCallback)
    HAL_TIMEx_CommutationCallback            0x08001f07   Thumb Code     2  stm32f4xx_hal_tim_ex.o(i.HAL_TIMEx_CommutationCallback)
    HAL_TIMEx_MasterConfigSynchronization    0x08001f09   Thumb Code    80  stm32f4xx_hal_tim_ex.o(i.HAL_TIMEx_MasterConfigSynchronization)
    HAL_TIM_Base_Init                        0x08001f59   Thumb Code    54  stm32f4xx_hal_tim.o(i.HAL_TIM_Base_Init)
    HAL_TIM_Base_MspInit                     0x08001f91   Thumb Code    30  tim.o(i.HAL_TIM_Base_MspInit)
    HAL_TIM_Encoder_Init                     0x08001fb9   Thumb Code   150  stm32f4xx_hal_tim.o(i.HAL_TIM_Encoder_Init)
    HAL_TIM_Encoder_MspInit                  0x08002051   Thumb Code   130  tim.o(i.HAL_TIM_Encoder_MspInit)
    HAL_TIM_Encoder_Start_IT                 0x080020e9   Thumb Code    92  stm32f4xx_hal_tim.o(i.HAL_TIM_Encoder_Start_IT)
    HAL_TIM_IC_CaptureCallback               0x08002145   Thumb Code   138  ctrl_task.o(i.HAL_TIM_IC_CaptureCallback)
    HAL_TIM_IRQHandler                       0x080021e1   Thumb Code   358  stm32f4xx_hal_tim.o(i.HAL_TIM_IRQHandler)
    HAL_TIM_MspPostInit                      0x08002349   Thumb Code    88  tim.o(i.HAL_TIM_MspPostInit)
    HAL_TIM_OC_DelayElapsedCallback          0x080023b1   Thumb Code     2  stm32f4xx_hal_tim.o(i.HAL_TIM_OC_DelayElapsedCallback)
    HAL_TIM_PWM_ConfigChannel                0x080023b3   Thumb Code   208  stm32f4xx_hal_tim.o(i.HAL_TIM_PWM_ConfigChannel)
    HAL_TIM_PWM_Init                         0x08002483   Thumb Code    54  stm32f4xx_hal_tim.o(i.HAL_TIM_PWM_Init)
    HAL_TIM_PWM_MspInit                      0x080024b9   Thumb Code    50  tim.o(i.HAL_TIM_PWM_MspInit)
    HAL_TIM_PWM_PulseFinishedCallback        0x080024f1   Thumb Code     2  stm32f4xx_hal_tim.o(i.HAL_TIM_PWM_PulseFinishedCallback)
    HAL_TIM_PWM_Start_IT                     0x080024f5   Thumb Code    98  stm32f4xx_hal_tim.o(i.HAL_TIM_PWM_Start_IT)
    HAL_TIM_PeriodElapsedCallback            0x08002561   Thumb Code     2  stm32f4xx_hal_tim.o(i.HAL_TIM_PeriodElapsedCallback)
    HAL_TIM_TriggerCallback                  0x08002563   Thumb Code     2  stm32f4xx_hal_tim.o(i.HAL_TIM_TriggerCallback)
    HAL_UART_DMAStop                         0x08002565   Thumb Code    88  stm32f4xx_hal_uart.o(i.HAL_UART_DMAStop)
    HAL_UART_ErrorCallback                   0x080025bd   Thumb Code     2  stm32f4xx_hal_uart.o(i.HAL_UART_ErrorCallback)
    HAL_UART_IRQHandler                      0x080025c1   Thumb Code   266  stm32f4xx_hal_uart.o(i.HAL_UART_IRQHandler)
    HAL_UART_Init                            0x080026d1   Thumb Code    98  stm32f4xx_hal_uart.o(i.HAL_UART_Init)
    HAL_UART_MspInit                         0x08002735   Thumb Code   826  usart.o(i.HAL_UART_MspInit)
    HAL_UART_Receive_DMA                     0x08002ab5   Thumb Code   138  stm32f4xx_hal_uart.o(i.HAL_UART_Receive_DMA)
    HAL_UART_RxCpltCallback                  0x08002b4d   Thumb Code     2  stm32f4xx_hal_uart.o(i.HAL_UART_RxCpltCallback)
    HAL_UART_RxHalfCpltCallback              0x08002b4f   Thumb Code     2  stm32f4xx_hal_uart.o(i.HAL_UART_RxHalfCpltCallback)
    HAL_UART_Transmit_DMA                    0x08002b51   Thumb Code   114  stm32f4xx_hal_uart.o(i.HAL_UART_Transmit_DMA)
    HAL_UART_TxCpltCallback                  0x08002bd1   Thumb Code     2  stm32f4xx_hal_uart.o(i.HAL_UART_TxCpltCallback)
    HAL_UART_TxHalfCpltCallback              0x08002bd3   Thumb Code     2  stm32f4xx_hal_uart.o(i.HAL_UART_TxHalfCpltCallback)
    HardFault_Handler                        0x08002bd5   Thumb Code     2  stm32f4xx_it.o(i.HardFault_Handler)
    IIC_Ack                                  0x08002bd9   Thumb Code    56  myiic.o(i.IIC_Ack)
    IIC_Init                                 0x08002c19   Thumb Code    60  myiic.o(i.IIC_Init)
    IIC_NAck                                 0x08002c61   Thumb Code    56  myiic.o(i.IIC_NAck)
    IIC_Read_Byte                            0x08002ca1   Thumb Code    86  myiic.o(i.IIC_Read_Byte)
    IIC_Send_Byte                            0x08002d01   Thumb Code    80  myiic.o(i.IIC_Send_Byte)
    IIC_Start                                0x08002d59   Thumb Code    56  myiic.o(i.IIC_Start)
    IIC_Stop                                 0x08002d99   Thumb Code    58  myiic.o(i.IIC_Stop)
    IIC_Wait_Ack                             0x08002ddd   Thumb Code    74  myiic.o(i.IIC_Wait_Ack)
    MPU_Get_Accelerometer                    0x08002e31   Thumb Code    50  mpu6050.o(i.MPU_Get_Accelerometer)
    MPU_Get_Gyroscope                        0x08002e63   Thumb Code    50  mpu6050.o(i.MPU_Get_Gyroscope)
    MPU_Init                                 0x08002e95   Thumb Code   122  mpu6050.o(i.MPU_Init)
    MPU_Read_Byte                            0x08002f0f   Thumb Code    58  mpu6050.o(i.MPU_Read_Byte)
    MPU_Read_Len                             0x08002f49   Thumb Code   108  mpu6050.o(i.MPU_Read_Len)
    MPU_Set_Accel_Fsr                        0x08002fb5   Thumb Code    10  mpu6050.o(i.MPU_Set_Accel_Fsr)
    MPU_Set_Gyro_Fsr                         0x08002fbf   Thumb Code    10  mpu6050.o(i.MPU_Set_Gyro_Fsr)
    MPU_Set_LPF                              0x08002fc9   Thumb Code    48  mpu6050.o(i.MPU_Set_LPF)
    MPU_Set_Rate                             0x08002ff9   Thumb Code    46  mpu6050.o(i.MPU_Set_Rate)
    MPU_Write_Byte                           0x08003027   Thumb Code    60  mpu6050.o(i.MPU_Write_Byte)
    MPU_Write_Len                            0x08003063   Thumb Code    82  mpu6050.o(i.MPU_Write_Len)
    MX_CAN2_Init                             0x080030b5   Thumb Code    66  can.o(i.MX_CAN2_Init)
    MX_DMA_Init                              0x08003111   Thumb Code   168  dma.o(i.MX_DMA_Init)
    MX_FREERTOS_Init                         0x080031bd   Thumb Code    74  freertos.o(i.MX_FREERTOS_Init)
    MX_GPIO_Init                             0x08003211   Thumb Code   258  gpio.o(i.MX_GPIO_Init)
    MX_TIM13_Init                            0x0800332d   Thumb Code    90  tim.o(i.MX_TIM13_Init)
    MX_TIM2_Init                             0x080033a1   Thumb Code   124  tim.o(i.MX_TIM2_Init)
    MX_TIM3_Init                             0x08003431   Thumb Code    92  tim.o(i.MX_TIM3_Init)
    MX_TIM4_Init                             0x080034a5   Thumb Code    92  tim.o(i.MX_TIM4_Init)
    MX_USART1_UART_Init                      0x08003519   Thumb Code    52  usart.o(i.MX_USART1_UART_Init)
    MX_USART2_UART_Init                      0x08003565   Thumb Code    52  usart.o(i.MX_USART2_UART_Init)
    MX_USART3_UART_Init                      0x080035b1   Thumb Code    52  usart.o(i.MX_USART3_UART_Init)
    MX_USART6_UART_Init                      0x080035fd   Thumb Code    52  usart.o(i.MX_USART6_UART_Init)
    MemManage_Handler                        0x08003649   Thumb Code     2  stm32f4xx_it.o(i.MemManage_Handler)
    NMI_Handler                              0x0800364b   Thumb Code     2  stm32f4xx_it.o(i.NMI_Handler)
    StartDefaultTask                         0x080036b9   Thumb Code    22  freertos.o(i.StartDefaultTask)
    SysTick_Handler                          0x080036cf   Thumb Code    14  stm32f4xx_it.o(i.SysTick_Handler)
    SystemClock_Config                       0x080036dd   Thumb Code   148  main.o(i.SystemClock_Config)
    SystemInit                               0x08003779   Thumb Code    66  system_stm32f4xx.o(i.SystemInit)
    TIM2_IRQHandler                          0x080037cd   Thumb Code     6  stm32f4xx_it.o(i.TIM2_IRQHandler)
    TIM3_IRQHandler                          0x080037d9   Thumb Code     6  stm32f4xx_it.o(i.TIM3_IRQHandler)
    TIM4_IRQHandler                          0x080037e5   Thumb Code     6  stm32f4xx_it.o(i.TIM4_IRQHandler)
    TIM_Base_SetConfig                       0x080037f1   Thumb Code   148  stm32f4xx_hal_tim.o(i.TIM_Base_SetConfig)
    TIM_CCxChannelCmd                        0x080038b1   Thumb Code    22  stm32f4xx_hal_tim.o(i.TIM_CCxChannelCmd)
    TIM_OC2_SetConfig                        0x08003921   Thumb Code    90  stm32f4xx_hal_tim.o(i.TIM_OC2_SetConfig)
    USART1_IRQHandler                        0x08003ed9   Thumb Code    18  stm32f4xx_it.o(i.USART1_IRQHandler)
    USART2_IRQHandler                        0x08003ef1   Thumb Code     6  stm32f4xx_it.o(i.USART2_IRQHandler)
    USART3_IRQHandler                        0x08003efd   Thumb Code    18  stm32f4xx_it.o(i.USART3_IRQHandler)
    USART6_IRQHandler                        0x08003f15   Thumb Code    18  stm32f4xx_it.o(i.USART6_IRQHandler)
    UsageFault_Handler                       0x08003f2d   Thumb Code     2  stm32f4xx_it.o(i.UsageFault_Handler)
    _Error_Handler                           0x08003f2f   Thumb Code     2  main.o(i._Error_Handler)
    __0printf                                0x08003f31   Thumb Code    22  printfa.o(i.__0printf)
    __1printf                                0x08003f31   Thumb Code     0  printfa.o(i.__0printf)
    __2printf                                0x08003f31   Thumb Code     0  printfa.o(i.__0printf)
    __c89printf                              0x08003f31   Thumb Code     0  printfa.o(i.__0printf)
    printf                                   0x08003f31   Thumb Code     0  printfa.o(i.__0printf)
    __0sprintf                               0x08003f51   Thumb Code    34  printfa.o(i.__0sprintf)
    __1sprintf                               0x08003f51   Thumb Code     0  printfa.o(i.__0sprintf)
    __2sprintf                               0x08003f51   Thumb Code     0  printfa.o(i.__0sprintf)
    __c89sprintf                             0x08003f51   Thumb Code     0  printfa.o(i.__0sprintf)
    sprintf                                  0x08003f51   Thumb Code     0  printfa.o(i.__0sprintf)
    __ARM_fpclassify                         0x08003f79   Thumb Code    48  fpclassify.o(i.__ARM_fpclassify)
    __hardfp_asin                            0x08003fa9   Thumb Code   770  asin.o(i.__hardfp_asin)
    __hardfp_atan                            0x08004309   Thumb Code   622  atan.o(i.__hardfp_atan)
    __hardfp_atan2                           0x080045e1   Thumb Code   432  atan2.o(i.__hardfp_atan2)
    __hardfp_tan                             0x080047d1   Thumb Code   108  tan.o(i.__hardfp_tan)
    __ieee754_rem_pio2                       0x08004851   Thumb Code   938  rred.o(i.__ieee754_rem_pio2)
    __kernel_poly                            0x08004c89   Thumb Code   248  poly.o(i.__kernel_poly)
    __kernel_tan                             0x08004d81   Thumb Code   764  tan_i.o(i.__kernel_tan)
    __mathlib_dbl_infnan                     0x080050d1   Thumb Code    20  dunder.o(i.__mathlib_dbl_infnan)
    __mathlib_dbl_infnan2                    0x080050e5   Thumb Code    20  dunder.o(i.__mathlib_dbl_infnan2)
    __mathlib_dbl_invalid                    0x080050f9   Thumb Code    24  dunder.o(i.__mathlib_dbl_invalid)
    __mathlib_dbl_underflow                  0x08005119   Thumb Code    24  dunder.o(i.__mathlib_dbl_underflow)
    __scatterload_copy                       0x08005139   Thumb Code    14  handlers.o(i.__scatterload_copy)
    __scatterload_null                       0x08005147   Thumb Code     2  handlers.o(i.__scatterload_null)
    __scatterload_zeroinit                   0x08005149   Thumb Code    14  handlers.o(i.__scatterload_zeroinit)
    __set_errno                              0x08005159   Thumb Code     6  errno.o(i.__set_errno)
    atan                                     0x08005ab1   Thumb Code    16  atan.o(i.atan)
    balance_pid_calc                         0x08005ac1   Thumb Code   282  ctrl_task.o(i.balance_pid_calc)
    can_filter_init                          0x08005c05   Thumb Code    98  bsp_can.o(i.can_filter_init)
    chassis_pid_init                         0x08005c81   Thumb Code    44  ctrl_task.o(i.chassis_pid_init)
    count_buf                                0x08005cc1   Thumb Code    18  ctrl_task.o(i.count_buf)
    delay_ms                                 0x08005cd3   Thumb Code     4  myiic.o(i.delay_ms)
    delay_us                                 0x08005cd9   Thumb Code    30  myiic.o(i.delay_us)
    dmp_enable_6x_lp_quat                    0x08005cfd   Thumb Code    58  inv_mpu_dmp_motion_driver.o(i.dmp_enable_6x_lp_quat)
    dmp_enable_feature                       0x08005d39   Thumb Code   464  inv_mpu_dmp_motion_driver.o(i.dmp_enable_feature)
    dmp_enable_gyro_cal                      0x08005f11   Thumb Code    34  inv_mpu_dmp_motion_driver.o(i.dmp_enable_gyro_cal)
    dmp_enable_lp_quat                       0x08005f4d   Thumb Code    58  inv_mpu_dmp_motion_driver.o(i.dmp_enable_lp_quat)
    dmp_load_motion_driver_firmware          0x08005f89   Thumb Code    16  inv_mpu_dmp_motion_driver.o(i.dmp_load_motion_driver_firmware)
    dmp_read_fifo                            0x08005f9d   Thumb Code   324  inv_mpu_dmp_motion_driver.o(i.dmp_read_fifo)
    dmp_set_fifo_rate                        0x080060e5   Thumb Code    82  inv_mpu_dmp_motion_driver.o(i.dmp_set_fifo_rate)
    dmp_set_gyro_bias                        0x08006149   Thumb Code   196  inv_mpu_dmp_motion_driver.o(i.dmp_set_gyro_bias)
    dmp_set_orientation                      0x08006215   Thumb Code   246  inv_mpu_dmp_motion_driver.o(i.dmp_set_orientation)
    dmp_set_shake_reject_thresh              0x08006321   Thumb Code    48  inv_mpu_dmp_motion_driver.o(i.dmp_set_shake_reject_thresh)
    dmp_set_shake_reject_time                0x08006351   Thumb Code    32  inv_mpu_dmp_motion_driver.o(i.dmp_set_shake_reject_time)
    dmp_set_shake_reject_timeout             0x08006371   Thumb Code    32  inv_mpu_dmp_motion_driver.o(i.dmp_set_shake_reject_timeout)
    dmp_set_tap_axes                         0x08006391   Thumb Code    64  inv_mpu_dmp_motion_driver.o(i.dmp_set_tap_axes)
    dmp_set_tap_count                        0x080063d1   Thumb Code    34  inv_mpu_dmp_motion_driver.o(i.dmp_set_tap_count)
    dmp_set_tap_thresh                       0x080063f5   Thumb Code   314  inv_mpu_dmp_motion_driver.o(i.dmp_set_tap_thresh)
    dmp_set_tap_time                         0x08006555   Thumb Code    32  inv_mpu_dmp_motion_driver.o(i.dmp_set_tap_time)
    dmp_set_tap_time_multi                   0x08006575   Thumb Code    32  inv_mpu_dmp_motion_driver.o(i.dmp_set_tap_time_multi)
    encoder_data_handler                     0x08006595   Thumb Code   106  bsp_can.o(i.encoder_data_handler)
    fabs                                     0x08006605   Thumb Code    24  fabs.o(i.fabs)
    fputc                                    0x0800661d   Thumb Code    18  fputc.o(i.fputc)
    get_moto_offset                          0x080066e5   Thumb Code    10  bsp_can.o(i.get_moto_offset)
    inv_orientation_matrix_to_scalar         0x08006bb1   Thumb Code    34  inv_mpu.o(i.inv_orientation_matrix_to_scalar)
    inv_row_2_scale                          0x08006bd3   Thumb Code    72  inv_mpu.o(i.inv_row_2_scale)
    led_all_off                              0x08006c1d   Thumb Code    28  ctrl_task.o(i.led_all_off)
    led_blink                                0x08006c3d   Thumb Code   150  ctrl_task.o(i.led_blink)
    main                                     0x08006cd9   Thumb Code    68  main.o(i.main)
    mget_ms                                  0x08006d2d   Thumb Code     2  inv_mpu.o(i.mget_ms)
    mpu_configure_fifo                       0x08006dd1   Thumb Code    78  inv_mpu.o(i.mpu_configure_fifo)
    mpu_dmp_get_data                         0x08006e25   Thumb Code   344  inv_mpu.o(i.mpu_dmp_get_data)
    mpu_dmp_init                             0x08006f89   Thumb Code   156  inv_mpu.o(i.mpu_dmp_init)
    mpu_get_accel_fsr                        0x08007029   Thumb Code    54  inv_mpu.o(i.mpu_get_accel_fsr)
    mpu_get_gyro_fsr                         0x08007065   Thumb Code    48  inv_mpu.o(i.mpu_get_gyro_fsr)
    mpu_get_gyro_sens                        0x08007099   Thumb Code    54  inv_mpu.o(i.mpu_get_gyro_sens)
    mpu_get_lpf                              0x080070e5   Thumb Code    52  inv_mpu.o(i.mpu_get_lpf)
    mpu_get_sample_rate                      0x0800711d   Thumb Code    22  inv_mpu.o(i.mpu_get_sample_rate)
    mpu_init                                 0x08007139   Thumb Code   310  inv_mpu.o(i.mpu_init)
    mpu_load_firmware                        0x080072c1   Thumb Code   154  inv_mpu.o(i.mpu_load_firmware)
    mpu_lp_accel_mode                        0x08007361   Thumb Code   178  inv_mpu.o(i.mpu_lp_accel_mode)
    mpu_read_fifo_stream                     0x08007419   Thumb Code   140  inv_mpu.o(i.mpu_read_fifo_stream)
    mpu_read_mem                             0x080074a9   Thumb Code    80  inv_mpu.o(i.mpu_read_mem)
    mpu_reset_fifo                           0x080074fd   Thumb Code   346  inv_mpu.o(i.mpu_reset_fifo)
    mpu_run_self_test                        0x0800765d   Thumb Code   234  inv_mpu.o(i.mpu_run_self_test)
    mpu_set_accel_fsr                        0x0800774d   Thumb Code    98  inv_mpu.o(i.mpu_set_accel_fsr)
    mpu_set_bypass                           0x080077b5   Thumb Code   214  inv_mpu.o(i.mpu_set_bypass)
    mpu_set_dmp_state                        0x08007891   Thumb Code   114  inv_mpu.o(i.mpu_set_dmp_state)
    mpu_set_gyro_fsr                         0x08007909   Thumb Code   104  inv_mpu.o(i.mpu_set_gyro_fsr)
    mpu_set_int_latched                      0x08007975   Thumb Code    94  inv_mpu.o(i.mpu_set_int_latched)
    mpu_set_lpf                              0x080079d9   Thumb Code   102  inv_mpu.o(i.mpu_set_lpf)
    mpu_set_sample_rate                      0x08007a45   Thumb Code   124  inv_mpu.o(i.mpu_set_sample_rate)
    mpu_set_sensors                          0x08007ac5   Thumb Code   178  inv_mpu.o(i.mpu_set_sensors)
    mpu_write_mem                            0x08007b7d   Thumb Code    80  inv_mpu.o(i.mpu_write_mem)
    osDelay                                  0x08007bd1   Thumb Code    14  cmsis_os.o(i.osDelay)
    osDelayUntil                             0x08007bdf   Thumb Code    14  cmsis_os.o(i.osDelayUntil)
    osKernelStart                            0x08007bed   Thumb Code    10  cmsis_os.o(i.osKernelStart)
    osKernelSysTick                          0x08007bf7   Thumb Code    24  cmsis_os.o(i.osKernelSysTick)
    osSystickHandler                         0x08007c0f   Thumb Code    20  cmsis_os.o(i.osSystickHandler)
    osThreadCreate                           0x08007c23   Thumb Code    46  cmsis_os.o(i.osThreadCreate)
    pvPortMalloc                             0x08007f8d   Thumb Code   210  heap_4.o(i.pvPortMalloc)
    pxPortInitialiseStack                    0x08008065   Thumb Code    40  port.o(i.pxPortInitialiseStack)
    run_self_test                            0x08008091   Thumb Code   102  inv_mpu.o(i.run_self_test)
    sqrt                                     0x0800817d   Thumb Code   110  sqrt.o(i.sqrt)
    start_get_imu_task                       0x080081ed   Thumb Code   634  ctrl_task.o(i.start_get_imu_task)
    start_lcd_scan_task                      0x080084e5   Thumb Code    50  ctrl_task.o(i.start_lcd_scan_task)
    uart_init_idle                           0x0800851d   Thumb Code    20  bsp_uart.o(i.uart_init_idle)
    uart_receive_handler                     0x08008531   Thumb Code   122  bsp_uart.o(i.uart_receive_handler)
    uxListRemove                             0x080085bd   Thumb Code    36  list.o(i.uxListRemove)
    vListInitialise                          0x080085e1   Thumb Code    22  list.o(i.vListInitialise)
    vListInitialiseItem                      0x080085f7   Thumb Code     6  list.o(i.vListInitialiseItem)
    vListInsert                              0x080085fd   Thumb Code    48  list.o(i.vListInsert)
    vListInsertEnd                           0x0800862d   Thumb Code    24  list.o(i.vListInsertEnd)
    vPortEnterCritical                       0x08008645   Thumb Code    54  port.o(i.vPortEnterCritical)
    vPortExitCritical                        0x08008685   Thumb Code    34  port.o(i.vPortExitCritical)
    vPortFree                                0x080086ad   Thumb Code    88  heap_4.o(i.vPortFree)
    vPortSetupTimerInterrupt                 0x08008709   Thumb Code    26  port.o(i.vPortSetupTimerInterrupt)
    vPortValidateInterruptPriority           0x08008729   Thumb Code    74  port.o(i.vPortValidateInterruptPriority)
    vTaskDelay                               0x0800877d   Thumb Code    66  tasks.o(i.vTaskDelay)
    vTaskDelayUntil                          0x080087c9   Thumb Code   132  tasks.o(i.vTaskDelayUntil)
    vTaskStartScheduler                      0x08008855   Thumb Code    86  tasks.o(i.vTaskStartScheduler)
    vTaskSuspendAll                          0x080088bd   Thumb Code    10  tasks.o(i.vTaskSuspendAll)
    vTaskSwitchContext                       0x080088cd   Thumb Code    82  tasks.o(i.vTaskSwitchContext)
    wheel_message_handle                     0x08008929   Thumb Code    64  bsp_uart.o(i.wheel_message_handle)
    xPortStartScheduler                      0x08008969   Thumb Code   202  port.o(i.xPortStartScheduler)
    xPortSysTickHandler                      0x08008a49   Thumb Code    38  port.o(i.xPortSysTickHandler)
    xTaskCreate                              0x08008a75   Thumb Code    86  tasks.o(i.xTaskCreate)
    xTaskGetSchedulerState                   0x08008acd   Thumb Code    22  tasks.o(i.xTaskGetSchedulerState)
    xTaskGetTickCount                        0x08008ae9   Thumb Code     6  tasks.o(i.xTaskGetTickCount)
    xTaskGetTickCountFromISR                 0x08008af5   Thumb Code    12  tasks.o(i.xTaskGetTickCountFromISR)
    xTaskIncrementTick                       0x08008b05   Thumb Code   192  tasks.o(i.xTaskIncrementTick)
    xTaskResumeAll                           0x08008bcd   Thumb Code   182  tasks.o(i.xTaskResumeAll)
    reg                                      0x08008c90   Data          27  inv_mpu.o(.constdata)
    hw                                       0x08008cac   Data          12  inv_mpu.o(.constdata)
    test                                     0x08008cb8   Data          40  inv_mpu.o(.constdata)
    AHBPrescTable                            0x0800991c   Data          16  system_stm32f4xx.o(.constdata)
    APBPrescTable                            0x0800992c   Data           8  system_stm32f4xx.o(.constdata)
    __mathlib_zero                           0x08009a20   Data           8  qnan.o(.constdata)
    Region$$Table$$Base                      0x08009bcc   Number         0  anon$$obj.o(Region$$Table)
    Region$$Table$$Limit                     0x08009bec   Number         0  anon$$obj.o(Region$$Table)
    mem3base                                 0x10000000   Data       61440  malloc.o(.ARM.__AT_0x10000000)
    mem3mapbase                              0x1000f000   Data        3840  malloc.o(.ARM.__AT_0x1000F000)
    time_can                                 0x2000003c   Data           4  bsp_can.o(.data)
    time_can_last                            0x20000040   Data           4  bsp_can.o(.data)
    can1_rx_data                             0x20000044   Data           8  bsp_can.o(.data)
    time_left_uart                           0x2000004c   Data           4  bsp_uart.o(.data)
    time_left_uart_last                      0x20000050   Data           4  bsp_uart.o(.data)
    time_right_uart                          0x20000054   Data           4  bsp_uart.o(.data)
    time_right_uart_last                     0x20000058   Data           4  bsp_uart.o(.data)
    wheel_left_msg                           0x2000005c   Data          16  bsp_uart.o(.data)
    wheel_right_msg                          0x2000006c   Data          16  bsp_uart.o(.data)
    imu_init_ok_flag                         0x2000007e   Data           1  ctrl_task.o(.data)
    key_flag                                 0x2000007f   Data           1  ctrl_task.o(.data)
    modify_option                            0x20000080   Data           1  ctrl_task.o(.data)
    imu_time_ms                              0x20000084   Data           4  ctrl_task.o(.data)
    imu_time_last                            0x20000088   Data           4  ctrl_task.o(.data)
    msg_send_time_ms                         0x2000008c   Data           4  ctrl_task.o(.data)
    msg_send_time_last                       0x20000090   Data           4  ctrl_task.o(.data)
    send_cnt                                 0x20000094   Data           4  ctrl_task.o(.data)
    cmd_buf_clear                            0x20000098   Data           5  ctrl_task.o(.data)
    speed                                    0x200000a0   Data           8  ctrl_task.o(.data)
    motor_msg_right                          0x200000a8   Data          44  ctrl_task.o(.data)
    get_imu_TaskHandle                       0x200000d4   Data           4  freertos.o(.data)
    led_scan_TaskHandle                      0x200000d8   Data           4  freertos.o(.data)
    defaultTaskHandle                        0x200000dc   Data           4  freertos.o(.data)
    uwTickFreq                               0x200000e0   Data           1  stm32f4xx_hal.o(.data)
    uwTickPrio                               0x200000e4   Data           4  stm32f4xx_hal.o(.data)
    uwTick                                   0x200000e8   Data           4  stm32f4xx_hal.o(.data)
    SystemCoreClock                          0x200000ec   Data           4  system_stm32f4xx.o(.data)
    pxCurrentTCB                             0x20000114   Data           4  tasks.o(.data)
    __stdout                                 0x20000150   Data           4  stdout.o(.data)
    moto_chassis                             0x20000168   Data         128  bsp_can.o(.bss)
    wheel_left_uart_rx_buffer                0x200001e8   Data          20  bsp_uart.o(.bss)
    wheel_right_uart_rx_buffer               0x200001fc   Data          20  bsp_uart.o(.bss)
    debug_ctrl_rx_buffer                     0x20000210   Data         200  bsp_uart.o(.bss)
    motor_msg_left                           0x200002d8   Data          44  ctrl_task.o(.bss)
    imu                                      0x20000304   Data          28  ctrl_task.o(.bss)
    sys_variable                             0x20000320   Data          84  ctrl_task.o(.bss)
    lcd_buf                                  0x20000374   Data         300  ctrl_task.o(.bss)
    balance_pid                              0x200004a0   Data          52  ctrl_task.o(.bss)
    turn                                     0x200004d4   Data          12  ctrl_task.o(.bss)
    hcan2                                    0x200004e0   Data          40  can.o(.bss)
    htim2                                    0x20000508   Data          60  tim.o(.bss)
    htim3                                    0x20000544   Data          60  tim.o(.bss)
    htim4                                    0x20000580   Data          60  tim.o(.bss)
    htim13                                   0x200005bc   Data          60  tim.o(.bss)
    huart1                                   0x200005f8   Data          64  usart.o(.bss)
    huart2                                   0x20000638   Data          64  usart.o(.bss)
    huart3                                   0x20000678   Data          64  usart.o(.bss)
    huart6                                   0x200006b8   Data          64  usart.o(.bss)
    hdma_usart1_rx                           0x200006f8   Data          96  usart.o(.bss)
    hdma_usart1_tx                           0x20000758   Data          96  usart.o(.bss)
    hdma_usart2_rx                           0x200007b8   Data          96  usart.o(.bss)
    hdma_usart2_tx                           0x20000818   Data          96  usart.o(.bss)
    hdma_usart3_rx                           0x20000878   Data          96  usart.o(.bss)
    hdma_usart3_tx                           0x200008d8   Data          96  usart.o(.bss)
    hdma_usart6_rx                           0x20000938   Data          96  usart.o(.bss)
    hdma_usart6_tx                           0x20000998   Data          96  usart.o(.bss)
    __initial_sp                             0x200066e8   Data           0  startup_stm32f407xx.o(STACK)
    mem2base                                 0x68000000   Data       819200  malloc.o(.ARM.__AT_0x68000000)
    mem2mapbase                              0x680c8000   Data       51200  malloc.o(.ARM.__AT_0x680C8000)



==============================================================================

Memory Map of the image

  Image Entry point : 0x08000189

  Load Region LR_IROM1 (Base: 0x08000000, Size: 0x00009d44, Max: 0x00080000, ABSOLUTE, COMPRESSED[0x00009c24])

    Execution Region ER_IROM1 (Exec base: 0x08000000, Load base: 0x08000000, Size: 0x00009bec, Max: 0x00080000, ABSOLUTE)

    Exec Addr    Load Addr    Size         Type   Attr      Idx    E Section Name        Object

    0x08000000   0x08000000   0x00000188   Data   RO            3    RESET               startup_stm32f407xx.o
    0x08000188   0x08000188   0x00000000   Code   RO         5767  * .ARM.Collect$$$$00000000  mc_w.l(entry.o)
    0x08000188   0x08000188   0x00000004   Code   RO         6121    .ARM.Collect$$$$00000001  mc_w.l(entry2.o)
    0x0800018c   0x0800018c   0x00000004   Code   RO         6124    .ARM.Collect$$$$00000004  mc_w.l(entry5.o)
    0x08000190   0x08000190   0x00000000   Code   RO         6126    .ARM.Collect$$$$00000008  mc_w.l(entry7b.o)
    0x08000190   0x08000190   0x00000000   Code   RO         6128    .ARM.Collect$$$$0000000A  mc_w.l(entry8b.o)
    0x08000190   0x08000190   0x00000008   Code   RO         6129    .ARM.Collect$$$$0000000B  mc_w.l(entry9a.o)
    0x08000198   0x08000198   0x00000000   Code   RO         6131    .ARM.Collect$$$$0000000D  mc_w.l(entry10a.o)
    0x08000198   0x08000198   0x00000000   Code   RO         6133    .ARM.Collect$$$$0000000F  mc_w.l(entry11a.o)
    0x08000198   0x08000198   0x00000004   Code   RO         6122    .ARM.Collect$$$$00002712  mc_w.l(entry2.o)
    0x0800019c   0x0800019c   0x000000ba   Code   RO         4668    .emb_text           port.o
    0x08000256   0x08000256   0x00000002   PAD
    0x08000258   0x08000258   0x00000024   Code   RO            4    .text               startup_stm32f407xx.o
    0x0800027c   0x0800027c   0x00000062   Code   RO         5770    .text               mc_w.l(uldiv.o)
    0x080002de   0x080002de   0x00000062   Code   RO         5772    .text               mc_w.l(ldiv.o)
    0x08000340   0x08000340   0x00000024   Code   RO         5774    .text               mc_w.l(memcpya.o)
    0x08000364   0x08000364   0x00000024   Code   RO         5776    .text               mc_w.l(memseta.o)
    0x08000388   0x08000388   0x0000001a   Code   RO         5778    .text               mc_w.l(memcmp.o)
    0x080003a2   0x080003a2   0x0000014e   Code   RO         6043    .text               mf_w.l(dadd.o)
    0x080004f0   0x080004f0   0x000000e4   Code   RO         6045    .text               mf_w.l(dmul.o)
    0x080005d4   0x080005d4   0x000000de   Code   RO         6047    .text               mf_w.l(ddiv.o)
    0x080006b2   0x080006b2   0x00000022   Code   RO         6049    .text               mf_w.l(dflti.o)
    0x080006d4   0x080006d4   0x0000001a   Code   RO         6051    .text               mf_w.l(dfltui.o)
    0x080006ee   0x080006ee   0x00000026   Code   RO         6055    .text               mf_w.l(f2d.o)
    0x08000714   0x08000714   0x00000038   Code   RO         6057    .text               mf_w.l(d2f.o)
    0x0800074c   0x0800074c   0x0000002c   Code   RO         6138    .text               mc_w.l(uidiv.o)
    0x08000778   0x08000778   0x0000001e   Code   RO         6140    .text               mc_w.l(llshl.o)
    0x08000796   0x08000796   0x00000020   Code   RO         6142    .text               mc_w.l(llushr.o)
    0x080007b6   0x080007b6   0x00000024   Code   RO         6144    .text               mc_w.l(llsshr.o)
    0x080007da   0x080007da   0x00000000   Code   RO         6153    .text               mc_w.l(iusefp.o)
    0x080007da   0x080007da   0x0000006e   Code   RO         6154    .text               mf_w.l(fepilogue.o)
    0x08000848   0x08000848   0x000000ba   Code   RO         6156    .text               mf_w.l(depilogue.o)
    0x08000902   0x08000902   0x00000030   Code   RO         6160    .text               mf_w.l(dfixul.o)
    0x08000932   0x08000932   0x00000002   PAD
    0x08000934   0x08000934   0x00000030   Code   RO         6162    .text               mf_w.l(cdrcmple.o)
    0x08000964   0x08000964   0x00000024   Code   RO         6164    .text               mc_w.l(init.o)
    0x08000988   0x08000988   0x00000000   Code   RO         6166    .text               mc_w.l(semi.o)
    0x08000988   0x08000988   0x00000000   Code   RO         6167    .text               mc_w.l(iusesemip.o)
    0x08000988   0x08000988   0x000000a2   Code   RO         6168    .text               mf_w.l(dsqrt.o)
    0x08000a2a   0x08000a2a   0x0000003e   Code   RO         6170    .text               mf_w.l(dfixi.o)
    0x08000a68   0x08000a68   0x00000056   Code   RO         6182    .text               mc_w.l(__dczerorl2.o)
    0x08000abe   0x08000abe   0x00000002   Code   RO         1898    i.BusFault_Handler  stm32f4xx_it.o
    0x08000ac0   0x08000ac0   0x0000000c   Code   RO         1899    i.CAN2_RX1_IRQHandler  stm32f4xx_it.o
    0x08000acc   0x08000acc   0x0000000c   Code   RO         1900    i.CAN2_TX_IRQHandler  stm32f4xx_it.o
    0x08000ad8   0x08000ad8   0x0000000c   Code   RO         1901    i.DMA1_Stream1_IRQHandler  stm32f4xx_it.o
    0x08000ae4   0x08000ae4   0x0000000c   Code   RO         1902    i.DMA1_Stream3_IRQHandler  stm32f4xx_it.o
    0x08000af0   0x08000af0   0x0000000c   Code   RO         1903    i.DMA1_Stream5_IRQHandler  stm32f4xx_it.o
    0x08000afc   0x08000afc   0x0000000c   Code   RO         1904    i.DMA1_Stream6_IRQHandler  stm32f4xx_it.o
    0x08000b08   0x08000b08   0x0000000c   Code   RO         1905    i.DMA2_Stream1_IRQHandler  stm32f4xx_it.o
    0x08000b14   0x08000b14   0x0000000c   Code   RO         1906    i.DMA2_Stream2_IRQHandler  stm32f4xx_it.o
    0x08000b20   0x08000b20   0x0000000c   Code   RO         1907    i.DMA2_Stream6_IRQHandler  stm32f4xx_it.o
    0x08000b2c   0x08000b2c   0x0000000c   Code   RO         1908    i.DMA2_Stream7_IRQHandler  stm32f4xx_it.o
    0x08000b38   0x08000b38   0x00000028   Code   RO         3977    i.DMA_CalcBaseAndBitshift  stm32f4xx_hal_dma.o
    0x08000b60   0x08000b60   0x00000054   Code   RO         3978    i.DMA_CheckFifoParam  stm32f4xx_hal_dma.o
    0x08000bb4   0x08000bb4   0x00000028   Code   RO         3979    i.DMA_SetConfig     stm32f4xx_hal_dma.o
    0x08000bdc   0x08000bdc   0x00000002   Code   RO         1909    i.DebugMon_Handler  stm32f4xx_it.o
    0x08000bde   0x08000bde   0x00000028   Code   RO         2089    i.HAL_CAN_ActivateNotification  stm32f4xx_hal_can.o
    0x08000c06   0x08000c06   0x00000002   PAD
    0x08000c08   0x08000c08   0x0000010c   Code   RO         2091    i.HAL_CAN_ConfigFilter  stm32f4xx_hal_can.o
    0x08000d14   0x08000d14   0x0000000c   Code   RO          963    i.HAL_CAN_ErrorCallback  bsp_can.o
    0x08000d20   0x08000d20   0x000000fa   Code   RO         2097    i.HAL_CAN_GetRxMessage  stm32f4xx_hal_can.o
    0x08000e1a   0x08000e1a   0x000001fc   Code   RO         2101    i.HAL_CAN_IRQHandler  stm32f4xx_hal_can.o
    0x08001016   0x08001016   0x0000011a   Code   RO         2102    i.HAL_CAN_Init      stm32f4xx_hal_can.o
    0x08001130   0x08001130   0x0000007c   Code   RO         1622    i.HAL_CAN_MspInit   can.o
    0x080011ac   0x080011ac   0x00000002   Code   RO         2109    i.HAL_CAN_RxFifo0FullCallback  stm32f4xx_hal_can.o
    0x080011ae   0x080011ae   0x00000002   Code   RO         2110    i.HAL_CAN_RxFifo0MsgPendingCallback  stm32f4xx_hal_can.o
    0x080011b0   0x080011b0   0x00000002   Code   RO         2111    i.HAL_CAN_RxFifo1FullCallback  stm32f4xx_hal_can.o
    0x080011b2   0x080011b2   0x00000002   PAD
    0x080011b4   0x080011b4   0x000000a0   Code   RO          964    i.HAL_CAN_RxFifo1MsgPendingCallback  bsp_can.o
    0x08001254   0x08001254   0x00000002   Code   RO         2113    i.HAL_CAN_SleepCallback  stm32f4xx_hal_can.o
    0x08001256   0x08001256   0x00000002   PAD
    0x08001258   0x08001258   0x00000058   Code   RO         2114    i.HAL_CAN_Start     stm32f4xx_hal_can.o
    0x080012b0   0x080012b0   0x00000002   Code   RO         2116    i.HAL_CAN_TxMailbox0AbortCallback  stm32f4xx_hal_can.o
    0x080012b2   0x080012b2   0x00000002   Code   RO         2117    i.HAL_CAN_TxMailbox0CompleteCallback  stm32f4xx_hal_can.o
    0x080012b4   0x080012b4   0x00000002   Code   RO         2118    i.HAL_CAN_TxMailbox1AbortCallback  stm32f4xx_hal_can.o
    0x080012b6   0x080012b6   0x00000002   Code   RO         2119    i.HAL_CAN_TxMailbox1CompleteCallback  stm32f4xx_hal_can.o
    0x080012b8   0x080012b8   0x00000002   Code   RO         2120    i.HAL_CAN_TxMailbox2AbortCallback  stm32f4xx_hal_can.o
    0x080012ba   0x080012ba   0x00000002   Code   RO         2121    i.HAL_CAN_TxMailbox2CompleteCallback  stm32f4xx_hal_can.o
    0x080012bc   0x080012bc   0x00000002   Code   RO         2123    i.HAL_CAN_WakeUpFromRxMsgCallback  stm32f4xx_hal_can.o
    0x080012be   0x080012be   0x0000008e   Code   RO         3980    i.HAL_DMA_Abort     stm32f4xx_hal_dma.o
    0x0800134c   0x0800134c   0x00000024   Code   RO         3981    i.HAL_DMA_Abort_IT  stm32f4xx_hal_dma.o
    0x08001370   0x08001370   0x000001a0   Code   RO         3985    i.HAL_DMA_IRQHandler  stm32f4xx_hal_dma.o
    0x08001510   0x08001510   0x000000d4   Code   RO         3986    i.HAL_DMA_Init      stm32f4xx_hal_dma.o
    0x080015e4   0x080015e4   0x00000078   Code   RO         3990    i.HAL_DMA_Start_IT  stm32f4xx_hal_dma.o
    0x0800165c   0x0800165c   0x00000024   Code   RO         4399    i.HAL_Delay         stm32f4xx_hal.o
    0x08001680   0x08001680   0x000001b0   Code   RO         3873    i.HAL_GPIO_Init     stm32f4xx_hal_gpio.o
    0x08001830   0x08001830   0x0000000a   Code   RO         3877    i.HAL_GPIO_WritePin  stm32f4xx_hal_gpio.o
    0x0800183a   0x0800183a   0x00000002   PAD
    0x0800183c   0x0800183c   0x0000000c   Code   RO         4405    i.HAL_GetTick       stm32f4xx_hal.o
    0x08001848   0x08001848   0x00000010   Code   RO         4409    i.HAL_IncTick       stm32f4xx_hal.o
    0x08001858   0x08001858   0x00000034   Code   RO         4410    i.HAL_Init          stm32f4xx_hal.o
    0x0800188c   0x0800188c   0x00000040   Code   RO         4411    i.HAL_InitTick      stm32f4xx_hal.o
    0x080018cc   0x080018cc   0x00000084   Code   RO         2064    i.HAL_MspInit       stm32f4xx_hal_msp.o
    0x08001950   0x08001950   0x00000016   Code   RO         4262    i.HAL_NVIC_EnableIRQ  stm32f4xx_hal_cortex.o
    0x08001966   0x08001966   0x00000002   PAD
    0x08001968   0x08001968   0x00000040   Code   RO         4268    i.HAL_NVIC_SetPriority  stm32f4xx_hal_cortex.o
    0x080019a8   0x080019a8   0x00000024   Code   RO         4269    i.HAL_NVIC_SetPriorityGrouping  stm32f4xx_hal_cortex.o
    0x080019cc   0x080019cc   0x00000130   Code   RO         3519    i.HAL_RCC_ClockConfig  stm32f4xx_hal_rcc.o
    0x08001afc   0x08001afc   0x0000000c   Code   RO         3524    i.HAL_RCC_GetHCLKFreq  stm32f4xx_hal_rcc.o
    0x08001b08   0x08001b08   0x00000020   Code   RO         3526    i.HAL_RCC_GetPCLK1Freq  stm32f4xx_hal_rcc.o
    0x08001b28   0x08001b28   0x00000020   Code   RO         3527    i.HAL_RCC_GetPCLK2Freq  stm32f4xx_hal_rcc.o
    0x08001b48   0x08001b48   0x00000060   Code   RO         3528    i.HAL_RCC_GetSysClockFreq  stm32f4xx_hal_rcc.o
    0x08001ba8   0x08001ba8   0x0000031c   Code   RO         3531    i.HAL_RCC_OscConfig  stm32f4xx_hal_rcc.o
    0x08001ec4   0x08001ec4   0x00000018   Code   RO         4271    i.HAL_SYSTICK_CLKSourceConfig  stm32f4xx_hal_cortex.o
    0x08001edc   0x08001edc   0x00000028   Code   RO         4273    i.HAL_SYSTICK_Config  stm32f4xx_hal_cortex.o
    0x08001f04   0x08001f04   0x00000002   Code   RO         2953    i.HAL_TIMEx_BreakCallback  stm32f4xx_hal_tim_ex.o
    0x08001f06   0x08001f06   0x00000002   Code   RO         2954    i.HAL_TIMEx_CommutationCallback  stm32f4xx_hal_tim_ex.o
    0x08001f08   0x08001f08   0x00000050   Code   RO         2970    i.HAL_TIMEx_MasterConfigSynchronization  stm32f4xx_hal_tim_ex.o
    0x08001f58   0x08001f58   0x00000036   Code   RO         2324    i.HAL_TIM_Base_Init  stm32f4xx_hal_tim.o
    0x08001f8e   0x08001f8e   0x00000002   PAD
    0x08001f90   0x08001f90   0x00000028   Code   RO         1749    i.HAL_TIM_Base_MspInit  tim.o
    0x08001fb8   0x08001fb8   0x00000096   Code   RO         2342    i.HAL_TIM_Encoder_Init  stm32f4xx_hal_tim.o
    0x0800204e   0x0800204e   0x00000002   PAD
    0x08002050   0x08002050   0x00000098   Code   RO         1751    i.HAL_TIM_Encoder_MspInit  tim.o
    0x080020e8   0x080020e8   0x0000005c   Code   RO         2347    i.HAL_TIM_Encoder_Start_IT  stm32f4xx_hal_tim.o
    0x08002144   0x08002144   0x0000009c   Code   RO         1428    i.HAL_TIM_IC_CaptureCallback  ctrl_task.o
    0x080021e0   0x080021e0   0x00000166   Code   RO         2366    i.HAL_TIM_IRQHandler  stm32f4xx_hal_tim.o
    0x08002346   0x08002346   0x00000002   PAD
    0x08002348   0x08002348   0x00000068   Code   RO         1752    i.HAL_TIM_MspPostInit  tim.o
    0x080023b0   0x080023b0   0x00000002   Code   RO         2369    i.HAL_TIM_OC_DelayElapsedCallback  stm32f4xx_hal_tim.o
    0x080023b2   0x080023b2   0x000000d0   Code   RO         2390    i.HAL_TIM_PWM_ConfigChannel  stm32f4xx_hal_tim.o
    0x08002482   0x08002482   0x00000036   Code   RO         2393    i.HAL_TIM_PWM_Init  stm32f4xx_hal_tim.o
    0x080024b8   0x080024b8   0x00000038   Code   RO         1754    i.HAL_TIM_PWM_MspInit  tim.o
    0x080024f0   0x080024f0   0x00000002   Code   RO         2396    i.HAL_TIM_PWM_PulseFinishedCallback  stm32f4xx_hal_tim.o
    0x080024f2   0x080024f2   0x00000002   PAD
    0x080024f4   0x080024f4   0x0000006c   Code   RO         2399    i.HAL_TIM_PWM_Start_IT  stm32f4xx_hal_tim.o
    0x08002560   0x08002560   0x00000002   Code   RO         2403    i.HAL_TIM_PeriodElapsedCallback  stm32f4xx_hal_tim.o
    0x08002562   0x08002562   0x00000002   Code   RO         2407    i.HAL_TIM_TriggerCallback  stm32f4xx_hal_tim.o
    0x08002564   0x08002564   0x00000058   Code   RO         3211    i.HAL_UART_DMAStop  stm32f4xx_hal_uart.o
    0x080025bc   0x080025bc   0x00000002   Code   RO         3213    i.HAL_UART_ErrorCallback  stm32f4xx_hal_uart.o
    0x080025be   0x080025be   0x00000002   PAD
    0x080025c0   0x080025c0   0x00000110   Code   RO         3216    i.HAL_UART_IRQHandler  stm32f4xx_hal_uart.o
    0x080026d0   0x080026d0   0x00000062   Code   RO         3217    i.HAL_UART_Init     stm32f4xx_hal_uart.o
    0x08002732   0x08002732   0x00000002   PAD
    0x08002734   0x08002734   0x00000380   Code   RO         1839    i.HAL_UART_MspInit  usart.o
    0x08002ab4   0x08002ab4   0x00000098   Code   RO         3221    i.HAL_UART_Receive_DMA  stm32f4xx_hal_uart.o
    0x08002b4c   0x08002b4c   0x00000002   Code   RO         3223    i.HAL_UART_RxCpltCallback  stm32f4xx_hal_uart.o
    0x08002b4e   0x08002b4e   0x00000002   Code   RO         3224    i.HAL_UART_RxHalfCpltCallback  stm32f4xx_hal_uart.o
    0x08002b50   0x08002b50   0x00000080   Code   RO         3226    i.HAL_UART_Transmit_DMA  stm32f4xx_hal_uart.o
    0x08002bd0   0x08002bd0   0x00000002   Code   RO         3228    i.HAL_UART_TxCpltCallback  stm32f4xx_hal_uart.o
    0x08002bd2   0x08002bd2   0x00000002   Code   RO         3229    i.HAL_UART_TxHalfCpltCallback  stm32f4xx_hal_uart.o
    0x08002bd4   0x08002bd4   0x00000002   Code   RO         1910    i.HardFault_Handler  stm32f4xx_it.o
    0x08002bd6   0x08002bd6   0x00000002   PAD
    0x08002bd8   0x08002bd8   0x00000040   Code   RO           13    i.IIC_Ack           myiic.o
    0x08002c18   0x08002c18   0x00000048   Code   RO           14    i.IIC_Init          myiic.o
    0x08002c60   0x08002c60   0x00000040   Code   RO           15    i.IIC_NAck          myiic.o
    0x08002ca0   0x08002ca0   0x00000060   Code   RO           16    i.IIC_Read_Byte     myiic.o
    0x08002d00   0x08002d00   0x00000058   Code   RO           17    i.IIC_Send_Byte     myiic.o
    0x08002d58   0x08002d58   0x00000040   Code   RO           18    i.IIC_Start         myiic.o
    0x08002d98   0x08002d98   0x00000044   Code   RO           19    i.IIC_Stop          myiic.o
    0x08002ddc   0x08002ddc   0x00000054   Code   RO           20    i.IIC_Wait_Ack      myiic.o
    0x08002e30   0x08002e30   0x00000032   Code   RO          302    i.MPU_Get_Accelerometer  mpu6050.o
    0x08002e62   0x08002e62   0x00000032   Code   RO          303    i.MPU_Get_Gyroscope  mpu6050.o
    0x08002e94   0x08002e94   0x0000007a   Code   RO          305    i.MPU_Init          mpu6050.o
    0x08002f0e   0x08002f0e   0x0000003a   Code   RO          306    i.MPU_Read_Byte     mpu6050.o
    0x08002f48   0x08002f48   0x0000006c   Code   RO          307    i.MPU_Read_Len      mpu6050.o
    0x08002fb4   0x08002fb4   0x0000000a   Code   RO          308    i.MPU_Set_Accel_Fsr  mpu6050.o
    0x08002fbe   0x08002fbe   0x0000000a   Code   RO          309    i.MPU_Set_Gyro_Fsr  mpu6050.o
    0x08002fc8   0x08002fc8   0x00000030   Code   RO          310    i.MPU_Set_LPF       mpu6050.o
    0x08002ff8   0x08002ff8   0x0000002e   Code   RO          311    i.MPU_Set_Rate      mpu6050.o
    0x08003026   0x08003026   0x0000003c   Code   RO          312    i.MPU_Write_Byte    mpu6050.o
    0x08003062   0x08003062   0x00000052   Code   RO          313    i.MPU_Write_Len     mpu6050.o
    0x080030b4   0x080030b4   0x0000005c   Code   RO         1623    i.MX_CAN2_Init      can.o
    0x08003110   0x08003110   0x000000ac   Code   RO         1663    i.MX_DMA_Init       dma.o
    0x080031bc   0x080031bc   0x00000054   Code   RO         1687    i.MX_FREERTOS_Init  freertos.o
    0x08003210   0x08003210   0x0000011c   Code   RO         1597    i.MX_GPIO_Init      gpio.o
    0x0800332c   0x0800332c   0x00000074   Code   RO         1755    i.MX_TIM13_Init     tim.o
    0x080033a0   0x080033a0   0x00000090   Code   RO         1756    i.MX_TIM2_Init      tim.o
    0x08003430   0x08003430   0x00000074   Code   RO         1757    i.MX_TIM3_Init      tim.o
    0x080034a4   0x080034a4   0x00000074   Code   RO         1758    i.MX_TIM4_Init      tim.o
    0x08003518   0x08003518   0x0000004c   Code   RO         1840    i.MX_USART1_UART_Init  usart.o
    0x08003564   0x08003564   0x0000004c   Code   RO         1841    i.MX_USART2_UART_Init  usart.o
    0x080035b0   0x080035b0   0x0000004c   Code   RO         1842    i.MX_USART3_UART_Init  usart.o
    0x080035fc   0x080035fc   0x0000004c   Code   RO         1843    i.MX_USART6_UART_Init  usart.o
    0x08003648   0x08003648   0x00000002   Code   RO         1911    i.MemManage_Handler  stm32f4xx_it.o
    0x0800364a   0x0800364a   0x00000002   Code   RO         1912    i.NMI_Handler       stm32f4xx_it.o
    0x0800364c   0x0800364c   0x00000020   Code   RO         4275    i.NVIC_SetPriority  stm32f4xx_hal_cortex.o
    0x0800366c   0x0800366c   0x0000004c   Code   RO         1429    i.PWM_SetDuty       ctrl_task.o
    0x080036b8   0x080036b8   0x00000016   Code   RO         1688    i.StartDefaultTask  freertos.o
    0x080036ce   0x080036ce   0x0000000e   Code   RO         1913    i.SysTick_Handler   stm32f4xx_it.o
    0x080036dc   0x080036dc   0x0000009c   Code   RO         1546    i.SystemClock_Config  main.o
    0x08003778   0x08003778   0x00000054   Code   RO         4564    i.SystemInit        system_stm32f4xx.o
    0x080037cc   0x080037cc   0x0000000c   Code   RO         1914    i.TIM2_IRQHandler   stm32f4xx_it.o
    0x080037d8   0x080037d8   0x0000000c   Code   RO         1915    i.TIM3_IRQHandler   stm32f4xx_it.o
    0x080037e4   0x080037e4   0x0000000c   Code   RO         1916    i.TIM4_IRQHandler   stm32f4xx_it.o
    0x080037f0   0x080037f0   0x000000c0   Code   RO         2408    i.TIM_Base_SetConfig  stm32f4xx_hal_tim.o
    0x080038b0   0x080038b0   0x00000016   Code   RO         2409    i.TIM_CCxChannelCmd  stm32f4xx_hal_tim.o
    0x080038c6   0x080038c6   0x00000002   PAD
    0x080038c8   0x080038c8   0x00000058   Code   RO         2417    i.TIM_OC1_SetConfig  stm32f4xx_hal_tim.o
    0x08003920   0x08003920   0x00000064   Code   RO         2418    i.TIM_OC2_SetConfig  stm32f4xx_hal_tim.o
    0x08003984   0x08003984   0x00000060   Code   RO         2419    i.TIM_OC3_SetConfig  stm32f4xx_hal_tim.o
    0x080039e4   0x080039e4   0x00000050   Code   RO         2420    i.TIM_OC4_SetConfig  stm32f4xx_hal_tim.o
    0x08003a34   0x08003a34   0x00000010   Code   RO         3230    i.UART_DMAAbortOnError  stm32f4xx_hal_uart.o
    0x08003a44   0x08003a44   0x0000004a   Code   RO         3231    i.UART_DMAError     stm32f4xx_hal_uart.o
    0x08003a8e   0x08003a8e   0x0000003c   Code   RO         3232    i.UART_DMAReceiveCplt  stm32f4xx_hal_uart.o
    0x08003aca   0x08003aca   0x0000000a   Code   RO         3234    i.UART_DMARxHalfCplt  stm32f4xx_hal_uart.o
    0x08003ad4   0x08003ad4   0x0000002e   Code   RO         3236    i.UART_DMATransmitCplt  stm32f4xx_hal_uart.o
    0x08003b02   0x08003b02   0x0000000a   Code   RO         3238    i.UART_DMATxHalfCplt  stm32f4xx_hal_uart.o
    0x08003b0c   0x08003b0c   0x0000001c   Code   RO         3240    i.UART_EndRxTransfer  stm32f4xx_hal_uart.o
    0x08003b28   0x08003b28   0x00000012   Code   RO         3241    i.UART_EndTxTransfer  stm32f4xx_hal_uart.o
    0x08003b3a   0x08003b3a   0x0000008c   Code   RO         3242    i.UART_Receive_IT   stm32f4xx_hal_uart.o
    0x08003bc6   0x08003bc6   0x00000002   PAD
    0x08003bc8   0x08003bc8   0x000002ac   Code   RO         3243    i.UART_SetConfig    stm32f4xx_hal_uart.o
    0x08003e74   0x08003e74   0x00000062   Code   RO         3244    i.UART_Transmit_IT  stm32f4xx_hal_uart.o
    0x08003ed6   0x08003ed6   0x00000002   PAD
    0x08003ed8   0x08003ed8   0x00000018   Code   RO         1917    i.USART1_IRQHandler  stm32f4xx_it.o
    0x08003ef0   0x08003ef0   0x0000000c   Code   RO         1918    i.USART2_IRQHandler  stm32f4xx_it.o
    0x08003efc   0x08003efc   0x00000018   Code   RO         1919    i.USART3_IRQHandler  stm32f4xx_it.o
    0x08003f14   0x08003f14   0x00000018   Code   RO         1920    i.USART6_IRQHandler  stm32f4xx_it.o
    0x08003f2c   0x08003f2c   0x00000002   Code   RO         1921    i.UsageFault_Handler  stm32f4xx_it.o
    0x08003f2e   0x08003f2e   0x00000002   Code   RO         1547    i._Error_Handler    main.o
    0x08003f30   0x08003f30   0x00000020   Code   RO         6015    i.__0printf         mc_w.l(printfa.o)
    0x08003f50   0x08003f50   0x00000028   Code   RO         6017    i.__0sprintf        mc_w.l(printfa.o)
    0x08003f78   0x08003f78   0x00000030   Code   RO         6093    i.__ARM_fpclassify  m_wm.l(fpclassify.o)
    0x08003fa8   0x08003fa8   0x00000360   Code   RO         5729    i.__hardfp_asin     m_wm.l(asin.o)
    0x08004308   0x08004308   0x000002d8   Code   RO         6059    i.__hardfp_atan     m_wm.l(atan.o)
    0x080045e0   0x080045e0   0x000001f0   Code   RO         5743    i.__hardfp_atan2    m_wm.l(atan2.o)
    0x080047d0   0x080047d0   0x00000080   Code   RO         5755    i.__hardfp_tan      m_wm.l(tan.o)
    0x08004850   0x08004850   0x00000438   Code   RO         6098    i.__ieee754_rem_pio2  m_wm.l(rred.o)
    0x08004c88   0x08004c88   0x000000f8   Code   RO         6095    i.__kernel_poly     m_wm.l(poly.o)
    0x08004d80   0x08004d80   0x00000350   Code   RO         6115    i.__kernel_tan      m_wm.l(tan_i.o)
    0x080050d0   0x080050d0   0x00000014   Code   RO         6074    i.__mathlib_dbl_infnan  m_wm.l(dunder.o)
    0x080050e4   0x080050e4   0x00000014   Code   RO         6075    i.__mathlib_dbl_infnan2  m_wm.l(dunder.o)
    0x080050f8   0x080050f8   0x00000020   Code   RO         6076    i.__mathlib_dbl_invalid  m_wm.l(dunder.o)
    0x08005118   0x08005118   0x00000020   Code   RO         6079    i.__mathlib_dbl_underflow  m_wm.l(dunder.o)
    0x08005138   0x08005138   0x0000000e   Code   RO         6176    i.__scatterload_copy  mc_w.l(handlers.o)
    0x08005146   0x08005146   0x00000002   Code   RO         6177    i.__scatterload_null  mc_w.l(handlers.o)
    0x08005148   0x08005148   0x0000000e   Code   RO         6178    i.__scatterload_zeroinit  mc_w.l(handlers.o)
    0x08005156   0x08005156   0x00000002   PAD
    0x08005158   0x08005158   0x0000000c   Code   RO         6148    i.__set_errno       mc_w.l(errno.o)
    0x08005164   0x08005164   0x00000184   Code   RO         6022    i._fp_digits        mc_w.l(printfa.o)
    0x080052e8   0x080052e8   0x000006dc   Code   RO         6023    i._printf_core      mc_w.l(printfa.o)
    0x080059c4   0x080059c4   0x00000024   Code   RO         6024    i._printf_post_padding  mc_w.l(printfa.o)
    0x080059e8   0x080059e8   0x0000002e   Code   RO         6025    i._printf_pre_padding  mc_w.l(printfa.o)
    0x08005a16   0x08005a16   0x0000000a   Code   RO         6027    i._sputc            mc_w.l(printfa.o)
    0x08005a20   0x08005a20   0x00000090   Code   RO          391    i.accel_self_test   inv_mpu.o
    0x08005ab0   0x08005ab0   0x00000010   Code   RO         6061    i.atan              m_wm.l(atan.o)
    0x08005ac0   0x08005ac0   0x00000144   Code   RO         1430    i.balance_pid_calc  ctrl_task.o
    0x08005c04   0x08005c04   0x0000007c   Code   RO          965    i.can_filter_init   bsp_can.o
    0x08005c80   0x08005c80   0x00000040   Code   RO         1431    i.chassis_pid_init  ctrl_task.o
    0x08005cc0   0x08005cc0   0x00000012   Code   RO         1432    i.count_buf         ctrl_task.o
    0x08005cd2   0x08005cd2   0x00000004   Code   RO           21    i.delay_ms          myiic.o
    0x08005cd6   0x08005cd6   0x00000002   PAD
    0x08005cd8   0x08005cd8   0x00000024   Code   RO           22    i.delay_us          myiic.o
    0x08005cfc   0x08005cfc   0x0000003a   Code   RO          753    i.dmp_enable_6x_lp_quat  inv_mpu_dmp_motion_driver.o
    0x08005d36   0x08005d36   0x00000002   PAD
    0x08005d38   0x08005d38   0x000001d8   Code   RO          754    i.dmp_enable_feature  inv_mpu_dmp_motion_driver.o
    0x08005f10   0x08005f10   0x0000003c   Code   RO          755    i.dmp_enable_gyro_cal  inv_mpu_dmp_motion_driver.o
    0x08005f4c   0x08005f4c   0x0000003a   Code   RO          756    i.dmp_enable_lp_quat  inv_mpu_dmp_motion_driver.o
    0x08005f86   0x08005f86   0x00000002   PAD
    0x08005f88   0x08005f88   0x00000014   Code   RO          761    i.dmp_load_motion_driver_firmware  inv_mpu_dmp_motion_driver.o
    0x08005f9c   0x08005f9c   0x00000148   Code   RO          762    i.dmp_read_fifo     inv_mpu_dmp_motion_driver.o
    0x080060e4   0x080060e4   0x00000064   Code   RO          766    i.dmp_set_fifo_rate  inv_mpu_dmp_motion_driver.o
    0x08006148   0x08006148   0x000000cc   Code   RO          767    i.dmp_set_gyro_bias  inv_mpu_dmp_motion_driver.o
    0x08006214   0x08006214   0x0000010c   Code   RO          769    i.dmp_set_orientation  inv_mpu_dmp_motion_driver.o
    0x08006320   0x08006320   0x00000030   Code   RO          772    i.dmp_set_shake_reject_thresh  inv_mpu_dmp_motion_driver.o
    0x08006350   0x08006350   0x00000020   Code   RO          773    i.dmp_set_shake_reject_time  inv_mpu_dmp_motion_driver.o
    0x08006370   0x08006370   0x00000020   Code   RO          774    i.dmp_set_shake_reject_timeout  inv_mpu_dmp_motion_driver.o
    0x08006390   0x08006390   0x00000040   Code   RO          775    i.dmp_set_tap_axes  inv_mpu_dmp_motion_driver.o
    0x080063d0   0x080063d0   0x00000022   Code   RO          776    i.dmp_set_tap_count  inv_mpu_dmp_motion_driver.o
    0x080063f2   0x080063f2   0x00000002   PAD
    0x080063f4   0x080063f4   0x00000160   Code   RO          777    i.dmp_set_tap_thresh  inv_mpu_dmp_motion_driver.o
    0x08006554   0x08006554   0x00000020   Code   RO          778    i.dmp_set_tap_time  inv_mpu_dmp_motion_driver.o
    0x08006574   0x08006574   0x00000020   Code   RO          779    i.dmp_set_tap_time_multi  inv_mpu_dmp_motion_driver.o
    0x08006594   0x08006594   0x00000070   Code   RO          966    i.encoder_data_handler  bsp_can.o
    0x08006604   0x08006604   0x00000018   Code   RO         6089    i.fabs              m_wm.l(fabs.o)
    0x0800661c   0x0800661c   0x00000012   Code   RO         6135    i.fputc             mc_w.l(fputc.o)
    0x0800662e   0x0800662e   0x00000002   PAD
    0x08006630   0x08006630   0x000000b4   Code   RO          392    i.get_accel_prod_shift  inv_mpu.o
    0x080066e4   0x080066e4   0x0000000a   Code   RO          967    i.get_moto_offset   bsp_can.o
    0x080066ee   0x080066ee   0x00000002   PAD
    0x080066f0   0x080066f0   0x000000cc   Code   RO         1433    i.get_motor_msg     ctrl_task.o
    0x080067bc   0x080067bc   0x00000314   Code   RO          393    i.get_st_biases     inv_mpu.o
    0x08006ad0   0x08006ad0   0x000000d4   Code   RO          394    i.gyro_self_test    inv_mpu.o
    0x08006ba4   0x08006ba4   0x0000000c   Code   RO         5304    i.inHandlerMode     cmsis_os.o
    0x08006bb0   0x08006bb0   0x00000022   Code   RO          395    i.inv_orientation_matrix_to_scalar  inv_mpu.o
    0x08006bd2   0x08006bd2   0x00000048   Code   RO          396    i.inv_row_2_scale   inv_mpu.o
    0x08006c1a   0x08006c1a   0x00000002   PAD
    0x08006c1c   0x08006c1c   0x00000020   Code   RO         1435    i.led_all_off       ctrl_task.o
    0x08006c3c   0x08006c3c   0x0000009c   Code   RO         1436    i.led_blink         ctrl_task.o
    0x08006cd8   0x08006cd8   0x00000048   Code   RO         1548    i.main              main.o
    0x08006d20   0x08006d20   0x0000000c   Code   RO         5306    i.makeFreeRtosPriority  cmsis_os.o
    0x08006d2c   0x08006d2c   0x00000002   Code   RO          397    i.mget_ms           inv_mpu.o
    0x08006d2e   0x08006d2e   0x00000002   PAD
    0x08006d30   0x08006d30   0x000000a0   Code   RO         1437    i.motor_ctrl        ctrl_task.o
    0x08006dd0   0x08006dd0   0x00000054   Code   RO          398    i.mpu_configure_fifo  inv_mpu.o
    0x08006e24   0x08006e24   0x00000164   Code   RO          399    i.mpu_dmp_get_data  inv_mpu.o
    0x08006f88   0x08006f88   0x000000a0   Code   RO          400    i.mpu_dmp_init      inv_mpu.o
    0x08007028   0x08007028   0x0000003c   Code   RO          401    i.mpu_get_accel_fsr  inv_mpu.o
    0x08007064   0x08007064   0x00000034   Code   RO          409    i.mpu_get_gyro_fsr  inv_mpu.o
    0x08007098   0x08007098   0x0000004c   Code   RO          411    i.mpu_get_gyro_sens  inv_mpu.o
    0x080070e4   0x080070e4   0x00000038   Code   RO          413    i.mpu_get_lpf       inv_mpu.o
    0x0800711c   0x0800711c   0x0000001c   Code   RO          415    i.mpu_get_sample_rate  inv_mpu.o
    0x08007138   0x08007138   0x00000188   Code   RO          417    i.mpu_init          inv_mpu.o
    0x080072c0   0x080072c0   0x000000a0   Code   RO          418    i.mpu_load_firmware  inv_mpu.o
    0x08007360   0x08007360   0x000000b8   Code   RO          419    i.mpu_lp_accel_mode  inv_mpu.o
    0x08007418   0x08007418   0x00000090   Code   RO          422    i.mpu_read_fifo_stream  inv_mpu.o
    0x080074a8   0x080074a8   0x00000054   Code   RO          423    i.mpu_read_mem      inv_mpu.o
    0x080074fc   0x080074fc   0x00000160   Code   RO          426    i.mpu_reset_fifo    inv_mpu.o
    0x0800765c   0x0800765c   0x000000f0   Code   RO          427    i.mpu_run_self_test  inv_mpu.o
    0x0800774c   0x0800774c   0x00000068   Code   RO          429    i.mpu_set_accel_fsr  inv_mpu.o
    0x080077b4   0x080077b4   0x000000dc   Code   RO          430    i.mpu_set_bypass    inv_mpu.o
    0x08007890   0x08007890   0x00000078   Code   RO          432    i.mpu_set_dmp_state  inv_mpu.o
    0x08007908   0x08007908   0x0000006c   Code   RO          433    i.mpu_set_gyro_fsr  inv_mpu.o
    0x08007974   0x08007974   0x00000064   Code   RO          434    i.mpu_set_int_latched  inv_mpu.o
    0x080079d8   0x080079d8   0x0000006c   Code   RO          436    i.mpu_set_lpf       inv_mpu.o
    0x08007a44   0x08007a44   0x00000080   Code   RO          437    i.mpu_set_sample_rate  inv_mpu.o
    0x08007ac4   0x08007ac4   0x000000b8   Code   RO          438    i.mpu_set_sensors   inv_mpu.o
    0x08007b7c   0x08007b7c   0x00000054   Code   RO          439    i.mpu_write_mem     inv_mpu.o
    0x08007bd0   0x08007bd0   0x0000000e   Code   RO         5308    i.osDelay           cmsis_os.o
    0x08007bde   0x08007bde   0x0000000e   Code   RO         5309    i.osDelayUntil      cmsis_os.o
    0x08007bec   0x08007bec   0x0000000a   Code   RO         5311    i.osKernelStart     cmsis_os.o
    0x08007bf6   0x08007bf6   0x00000018   Code   RO         5312    i.osKernelSysTick   cmsis_os.o
    0x08007c0e   0x08007c0e   0x00000014   Code   RO         5344    i.osSystickHandler  cmsis_os.o
    0x08007c22   0x08007c22   0x0000002e   Code   RO         5345    i.osThreadCreate    cmsis_os.o
    0x08007c50   0x08007c50   0x00000070   Code   RO         5011    i.prvAddCurrentTaskToDelayedList  tasks.o
    0x08007cc0   0x08007cc0   0x000000d0   Code   RO         5012    i.prvAddNewTaskToReadyList  tasks.o
    0x08007d90   0x08007d90   0x00000050   Code   RO         5013    i.prvCheckTasksWaitingTermination  tasks.o
    0x08007de0   0x08007de0   0x00000014   Code   RO         5014    i.prvDeleteTCB      tasks.o
    0x08007df4   0x08007df4   0x0000004c   Code   RO         4598    i.prvHeapInit       heap_4.o
    0x08007e40   0x08007e40   0x00000028   Code   RO         5015    i.prvIdleTask       tasks.o
    0x08007e68   0x08007e68   0x0000008e   Code   RO         5016    i.prvInitialiseNewTask  tasks.o
    0x08007ef6   0x08007ef6   0x00000002   PAD
    0x08007ef8   0x08007ef8   0x0000004c   Code   RO         4599    i.prvInsertBlockIntoFreeList  heap_4.o
    0x08007f44   0x08007f44   0x00000020   Code   RO         5017    i.prvResetNextTaskUnblockTime  tasks.o
    0x08007f64   0x08007f64   0x00000028   Code   RO         4669    i.prvTaskExitError  port.o
    0x08007f8c   0x08007f8c   0x000000d8   Code   RO         4600    i.pvPortMalloc      heap_4.o
    0x08008064   0x08008064   0x0000002c   Code   RO         4670    i.pxPortInitialiseStack  port.o
    0x08008090   0x08008090   0x00000066   Code   RO          440    i.run_self_test     inv_mpu.o
    0x080080f6   0x080080f6   0x00000002   PAD
    0x080080f8   0x080080f8   0x00000058   Code   RO          441    i.set_int_enable    inv_mpu.o
    0x08008150   0x08008150   0x0000002c   Code   RO         1438    i.sgn               ctrl_task.o
    0x0800817c   0x0800817c   0x0000006e   Code   RO         6105    i.sqrt              m_wm.l(sqrt.o)
    0x080081ea   0x080081ea   0x00000002   PAD
    0x080081ec   0x080081ec   0x000002f8   Code   RO         1440    i.start_get_imu_task  ctrl_task.o
    0x080084e4   0x080084e4   0x00000038   Code   RO         1442    i.start_lcd_scan_task  ctrl_task.o
    0x0800851c   0x0800851c   0x00000014   Code   RO         1361    i.uart_init_idle    bsp_uart.o
    0x08008530   0x08008530   0x0000008c   Code   RO         1362    i.uart_receive_handler  bsp_uart.o
    0x080085bc   0x080085bc   0x00000024   Code   RO         4834    i.uxListRemove      list.o
    0x080085e0   0x080085e0   0x00000016   Code   RO         4835    i.vListInitialise   list.o
    0x080085f6   0x080085f6   0x00000006   Code   RO         4836    i.vListInitialiseItem  list.o
    0x080085fc   0x080085fc   0x00000030   Code   RO         4837    i.vListInsert       list.o
    0x0800862c   0x0800862c   0x00000018   Code   RO         4838    i.vListInsertEnd    list.o
    0x08008644   0x08008644   0x00000040   Code   RO         4672    i.vPortEnterCritical  port.o
    0x08008684   0x08008684   0x00000028   Code   RO         4673    i.vPortExitCritical  port.o
    0x080086ac   0x080086ac   0x0000005c   Code   RO         4601    i.vPortFree         heap_4.o
    0x08008708   0x08008708   0x00000020   Code   RO         4674    i.vPortSetupTimerInterrupt  port.o
    0x08008728   0x08008728   0x00000054   Code   RO         4675    i.vPortValidateInterruptPriority  port.o
    0x0800877c   0x0800877c   0x0000004c   Code   RO         5025    i.vTaskDelay        tasks.o
    0x080087c8   0x080087c8   0x0000008c   Code   RO         5026    i.vTaskDelayUntil   tasks.o
    0x08008854   0x08008854   0x00000068   Code   RO         5037    i.vTaskStartScheduler  tasks.o
    0x080088bc   0x080088bc   0x00000010   Code   RO         5039    i.vTaskSuspendAll   tasks.o
    0x080088cc   0x080088cc   0x0000005c   Code   RO         5040    i.vTaskSwitchContext  tasks.o
    0x08008928   0x08008928   0x00000040   Code   RO         1363    i.wheel_message_handle  bsp_uart.o
    0x08008968   0x08008968   0x000000e0   Code   RO         4676    i.xPortStartScheduler  port.o
    0x08008a48   0x08008a48   0x0000002c   Code   RO         4677    i.xPortSysTickHandler  port.o
    0x08008a74   0x08008a74   0x00000056   Code   RO         5042    i.xTaskCreate       tasks.o
    0x08008aca   0x08008aca   0x00000002   PAD
    0x08008acc   0x08008acc   0x0000001c   Code   RO         5046    i.xTaskGetSchedulerState  tasks.o
    0x08008ae8   0x08008ae8   0x0000000c   Code   RO         5047    i.xTaskGetTickCount  tasks.o
    0x08008af4   0x08008af4   0x00000010   Code   RO         5048    i.xTaskGetTickCountFromISR  tasks.o
    0x08008b04   0x08008b04   0x000000c8   Code   RO         5049    i.xTaskIncrementTick  tasks.o
    0x08008bcc   0x08008bcc   0x000000c4   Code   RO         5055    i.xTaskResumeAll    tasks.o
    0x08008c90   0x08008c90   0x0000001b   Data   RO          443    .constdata          inv_mpu.o
    0x08008cab   0x08008cab   0x00000001   PAD
    0x08008cac   0x08008cac   0x0000000c   Data   RO          444    .constdata          inv_mpu.o
    0x08008cb8   0x08008cb8   0x00000028   Data   RO          445    .constdata          inv_mpu.o
    0x08008ce0   0x08008ce0   0x00000bf6   Data   RO          781    .constdata          inv_mpu_dmp_motion_driver.o
    0x080098d6   0x080098d6   0x00000002   PAD
    0x080098d8   0x080098d8   0x0000003c   Data   RO         1689    .constdata          freertos.o
    0x08009914   0x08009914   0x00000008   Data   RO         3992    .constdata          stm32f4xx_hal_dma.o
    0x0800991c   0x0800991c   0x00000010   Data   RO         4565    .constdata          system_stm32f4xx.o
    0x0800992c   0x0800992c   0x00000008   Data   RO         4566    .constdata          system_stm32f4xx.o
    0x08009934   0x08009934   0x00000004   PAD
    0x08009938   0x08009938   0x00000050   Data   RO         5732    .constdata          m_wm.l(asin.o)
    0x08009988   0x08009988   0x00000098   Data   RO         6062    .constdata          m_wm.l(atan.o)
    0x08009a20   0x08009a20   0x00000008   Data   RO         6097    .constdata          m_wm.l(qnan.o)
    0x08009a28   0x08009a28   0x000000c8   Data   RO         6100    .constdata          m_wm.l(rred.o)
    0x08009af0   0x08009af0   0x00000060   Data   RO         6116    .constdata          m_wm.l(tan_i.o)
    0x08009b50   0x08009b50   0x0000004d   Data   RO          446    .conststring        inv_mpu.o
    0x08009b9d   0x08009b9d   0x00000003   PAD
    0x08009ba0   0x08009ba0   0x00000029   Data   RO         1690    .conststring        freertos.o
    0x08009bc9   0x08009bc9   0x00000003   PAD
    0x08009bcc   0x08009bcc   0x00000020   Data   RO         6174    Region$$Table       anon$$obj.o


    Execution Region RW_IRAM1 (Exec base: 0x20000000, Load base: 0x08009bec, Size: 0x000066e8, Max: 0x00020000, ABSOLUTE, COMPRESSED[0x00000038])

    Exec Addr    Load Addr    Size         Type   Attr      Idx    E Section Name        Object

    0x20000000   COMPRESSED   0x00000035   Data   RW          447    .data               inv_mpu.o
    0x20000035   COMPRESSED   0x00000003   PAD
    0x20000038   COMPRESSED   0x00000014   Data   RW          970    .data               bsp_can.o
    0x2000004c   COMPRESSED   0x00000030   Data   RW         1366    .data               bsp_uart.o
    0x2000007c   COMPRESSED   0x00000058   Data   RW         1448    .data               ctrl_task.o
    0x200000d4   COMPRESSED   0x0000000c   Data   RW         1692    .data               freertos.o
    0x200000e0   COMPRESSED   0x0000000c   Data   RW         4417    .data               stm32f4xx_hal.o
    0x200000ec   COMPRESSED   0x00000004   Data   RW         4567    .data               system_stm32f4xx.o
    0x200000f0   COMPRESSED   0x00000018   Data   RW         4606    .data               heap_4.o
    0x20000108   COMPRESSED   0x0000000c   Data   RW         4678    .data               port.o
    0x20000114   COMPRESSED   0x0000003c   Data   RW         5058    .data               tasks.o
    0x20000150   COMPRESSED   0x00000004   Data   RW         6137    .data               mc_w.l(stdout.o)
    0x20000154   COMPRESSED   0x00000004   Data   RW         6149    .data               mc_w.l(errno.o)
    0x20000158        -       0x00000010   Zero   RW          780    .bss                inv_mpu_dmp_motion_driver.o
    0x20000168        -       0x00000080   Zero   RW          969    .bss                bsp_can.o
    0x200001e8        -       0x00000028   Zero   RW         1364    .bss                bsp_uart.o
    0x20000210        -       0x000000c8   Zero   RW         1365    .bss                bsp_uart.o
    0x200002d8        -       0x00000208   Zero   RW         1443    .bss                ctrl_task.o
    0x200004e0        -       0x00000028   Zero   RW         1624    .bss                can.o
    0x20000508        -       0x000000f0   Zero   RW         1759    .bss                tim.o
    0x200005f8        -       0x00000400   Zero   RW         1844    .bss                usart.o
    0x200009f8        -       0x00003c00   Zero   RW         4605    .bss                heap_4.o
    0x200045f8        -       0x000000f0   Zero   RW         5057    .bss                tasks.o
    0x200046e8        -       0x00002000   Zero   RW            1    STACK               startup_stm32f407xx.o



  Load Region LR$$.ARM.__AT_0x10000000 (Base: 0x10000000, Size: 0x00000000, Max: 0x0000f000, ABSOLUTE)

    Execution Region ER$$.ARM.__AT_0x10000000 (Exec base: 0x10000000, Load base: 0x10000000, Size: 0x0000f000, Max: 0x0000f000, ABSOLUTE, UNINIT)

    Exec Addr    Load Addr    Size         Type   Attr      Idx    E Section Name        Object

    0x10000000        -       0x0000f000   Zero   RW         1249    .ARM.__AT_0x10000000  malloc.o



  Load Region LR$$.ARM.__AT_0x1000F000 (Base: 0x1000f000, Size: 0x00000000, Max: 0x00000f00, ABSOLUTE)

    Execution Region ER$$.ARM.__AT_0x1000F000 (Exec base: 0x1000f000, Load base: 0x1000f000, Size: 0x00000f00, Max: 0x00000f00, ABSOLUTE, UNINIT)

    Exec Addr    Load Addr    Size         Type   Attr      Idx    E Section Name        Object

    0x1000f000        -       0x00000f00   Zero   RW         1250    .ARM.__AT_0x1000F000  malloc.o



  Load Region LR$$.ARM.__AT_0x68000000 (Base: 0x68000000, Size: 0x00000000, Max: 0x000c8000, ABSOLUTE)

    Execution Region ER$$.ARM.__AT_0x68000000 (Exec base: 0x68000000, Load base: 0x68000000, Size: 0x000c8000, Max: 0x000c8000, ABSOLUTE, UNINIT)

    Exec Addr    Load Addr    Size         Type   Attr      Idx    E Section Name        Object

    0x68000000        -       0x000c8000   Zero   RW         1251    .ARM.__AT_0x68000000  malloc.o



  Load Region LR$$.ARM.__AT_0x680C8000 (Base: 0x680c8000, Size: 0x00000000, Max: 0x0000c800, ABSOLUTE)

    Execution Region ER$$.ARM.__AT_0x680C8000 (Exec base: 0x680c8000, Load base: 0x680c8000, Size: 0x0000c800, Max: 0x0000c800, ABSOLUTE, UNINIT)

    Exec Addr    Load Addr    Size         Type   Attr      Idx    E Section Name        Object

    0x680c8000        -       0x0000c800   Zero   RW         1252    .ARM.__AT_0x680C8000  malloc.o


==============================================================================

Image component sizes


      Code (inc. data)   RO Data    RW Data    ZI Data      Debug   Object Name

       418         64          0         20        128       4838   bsp_can.o
       224         18          0         48        240       3871   bsp_uart.o
       216         38          0          0         40       1653   can.o
       152          0          0          0          0      16697   cmsis_os.o
      2050        278          0         88        520      13290   ctrl_task.o
       172          4          0          0          0        842   dma.o
         0          0          0          0          0       8044   event_groups.o
       106         10        101         12          0       2029   freertos.o
       284         26          0          0          0       1087   gpio.o
       460         24          0         24      15360       8819   heap_4.o
         0          0          0          0          0       1820   ili93xx.o
      5206        298        156         53          0      32045   inv_mpu.o
      2194        128       3062          0         16      19401   inv_mpu_dmp_motion_driver.o
       136          0          0          0          0       3542   list.o
       230         12          0          0          0       5753   main.o
         0          0          0          0     935680       2009   malloc.o
       644          0          0          0          0       7565   mpu6050.o
       640         80          0          0          0     712611   myiic.o
       758         84          0         12          0      11869   port.o
        36          8        392          0       8192        832   startup_stm32f407xx.o
       180         28          0         12          0       4561   stm32f4xx_hal.o
      1458          6          0          0          0      12392   stm32f4xx_hal_can.o
       218         14          0          0          0      31029   stm32f4xx_hal_cortex.o
      1090         16          8          0          0       7338   stm32f4xx_hal_dma.o
       442         44          0          0          0       2420   stm32f4xx_hal_gpio.o
       132          6          0          0          0        906   stm32f4xx_hal_msp.o
      1272         82          0          0          0       5616   stm32f4xx_hal_rcc.o
      1610         90          0          0          0      13482   stm32f4xx_hal_tim.o
        84          0          0          0          0       2406   stm32f4xx_hal_tim_ex.o
      1932         42          0          0          0      14537   stm32f4xx_hal_uart.o
       266        102          0          0          0      11224   stm32f4xx_it.o
        84         18         24          4          0       1155   system_stm32f4xx.o
      1600        140          0         60        240      18372   tasks.o
       844        148          0          0        240       5445   tim.o
      1200        166          0          0       1024       4485   usart.o

    ----------------------------------------------------------------------
     26390       1974       3788        336     961680     993985   Object Totals
         0          0         32          0          0          0   (incl. Generated)
        52          0         13          3          0          0   (incl. Padding)

    ----------------------------------------------------------------------

      Code (inc. data)   RO Data    RW Data    ZI Data      Debug   Library Member Name

       864         94         80          0          0        280   asin.o
       744        106        152          0          0        352   atan.o
       496         64          0          0          0        192   atan2.o
       104         16          0          0          0        496   dunder.o
        24          0          0          0          0        124   fabs.o
        48          0          0          0          0        124   fpclassify.o
       248          0          0          0          0        152   poly.o
         0          0          8          0          0          0   qnan.o
      1080        142        200          0          0        188   rred.o
       110          0          0          0          0        148   sqrt.o
       128         20          0          0          0        144   tan.o
       848         84         96          0          0        196   tan_i.o
        86          0          0          0          0          0   __dczerorl2.o
         0          0          0          0          0          0   entry.o
         0          0          0          0          0          0   entry10a.o
         0          0          0          0          0          0   entry11a.o
         8          4          0          0          0          0   entry2.o
         4          0          0          0          0          0   entry5.o
         0          0          0          0          0          0   entry7b.o
         0          0          0          0          0          0   entry8b.o
         8          4          0          0          0          0   entry9a.o
        12          6          0          4          0         68   errno.o
        18          0          0          0          0         80   fputc.o
        30          0          0          0          0          0   handlers.o
        36          8          0          0          0         68   init.o
         0          0          0          0          0          0   iusefp.o
         0          0          0          0          0          0   iusesemip.o
        98          0          0          0          0         84   ldiv.o
        30          0          0          0          0         68   llshl.o
        36          0          0          0          0         68   llsshr.o
        32          0          0          0          0         68   llushr.o
        26          0          0          0          0         80   memcmp.o
        36          0          0          0          0         68   memcpya.o
        36          0          0          0          0        108   memseta.o
      2308         96          0          0          0        604   printfa.o
         0          0          0          0          0          0   semi.o
         0          0          0          4          0          0   stdout.o
        44          0          0          0          0         80   uidiv.o
        98          0          0          0          0         92   uldiv.o
        48          0          0          0          0         68   cdrcmple.o
        56          0          0          0          0         88   d2f.o
       334          0          0          0          0        148   dadd.o
       222          0          0          0          0        100   ddiv.o
       186          0          0          0          0        176   depilogue.o
        62          0          0          0          0         80   dfixi.o
        48          0          0          0          0         68   dfixul.o
        34          0          0          0          0         76   dflti.o
        26          0          0          0          0         76   dfltui.o
       228          0          0          0          0         96   dmul.o
       162          0          0          0          0        100   dsqrt.o
        38          0          0          0          0         68   f2d.o
       110          0          0          0          0        168   fepilogue.o

    ----------------------------------------------------------------------
      9202        644        536          8          0       5244   Library Totals
         8          0          0          0          0          0   (incl. Padding)

    ----------------------------------------------------------------------

      Code (inc. data)   RO Data    RW Data    ZI Data      Debug   Library Name

      4694        526        536          0          0       2396   m_wm.l
      2946        118          0          8          0       1536   mc_w.l
      1554          0          0          0          0       1312   mf_w.l

    ----------------------------------------------------------------------
      9202        644        536          8          0       5244   Library Totals

    ----------------------------------------------------------------------

==============================================================================


      Code (inc. data)   RO Data    RW Data    ZI Data      Debug   

     35592       2618       4324        344     961680     971005   Grand Totals
     35592       2618       4324         56     961680     971005   ELF Image Totals (compressed)
     35592       2618       4324         56          0          0   ROM Totals

==============================================================================

    Total RO  Size (Code + RO Data)                39916 (  38.98kB)
    Total RW  Size (RW Data + ZI Data)            962024 ( 939.48kB)
    Total ROM Size (Code + RO Data + RW Data)      39972 (  39.04kB)

==============================================================================

